Archive member included because of file (symbol)

C:\Users\mthom\AppData\Local\arduino15\packages\arduino\hardware\sam\1.6.11\variants\arduino_due_x/libsam_sam3x8e_gcc_rel.a(pio.o)
                              C:\Users\mthom\AppData\Local\Temp\VMBCore\arduino16x\ebb6af7a01883608e9c4da35375c0bfe\variant\variant.cpp.o (PIO_Configure)
C:\Users\mthom\AppData\Local\arduino15\packages\arduino\hardware\sam\1.6.11\variants\arduino_due_x/libsam_sam3x8e_gcc_rel.a(pmc.o)
                              C:\Users\mthom\AppData\Local\Temp\VMBCore\arduino16x\ebb6af7a01883608e9c4da35375c0bfe\variant\variant.cpp.o (pmc_enable_periph_clk)
C:\Users\mthom\AppData\Local\arduino15\packages\arduino\hardware\sam\1.6.11\variants\arduino_due_x/libsam_sam3x8e_gcc_rel.a(system_sam3xa.o)
                              C:\Users\mthom\AppData\Local\Temp\VMBCore\arduino16x\ebb6af7a01883608e9c4da35375c0bfe\variant\variant.cpp.o (SystemInit)
C:\Users\mthom\AppData\Local\arduino15\packages\arduino\hardware\sam\1.6.11\variants\arduino_due_x/libsam_sam3x8e_gcc_rel.a(startup_sam3xa.o)
                              (Reset_Handler)
C:\Users\mthom\AppData\Local\arduino15\packages\arduino\hardware\sam\1.6.11\variants\arduino_due_x/libsam_sam3x8e_gcc_rel.a(adc.o)
                              C:\Users\mthom\AppData\Local\Temp\VMBCore\arduino16x\ebb6af7a01883608e9c4da35375c0bfe\variant\variant.cpp.o (adc_init)
C:\Users\mthom\AppData\Local\arduino15\packages\arduino\hardware\sam\1.6.11\variants\arduino_due_x/libsam_sam3x8e_gcc_rel.a(uotghs.o)
                              C:\Users\mthom\AppData\Local\arduino15\packages\arduino\hardware\sam\1.6.11\variants\arduino_due_x/libsam_sam3x8e_gcc_rel.a(startup_sam3xa.o) (UOTGHS_Handler)
C:\Users\mthom\AppData\Local\Temp\VMBuilds\MMSynthDue_v1_0\arduino_due_x_dbg\Debug/core.a(cortex_handlers.c.o)
                              C:\Users\mthom\AppData\Local\arduino15\packages\arduino\hardware\sam\1.6.11\variants\arduino_due_x/libsam_sam3x8e_gcc_rel.a(startup_sam3xa.o) (NMI_Handler)
C:\Users\mthom\AppData\Local\Temp\VMBuilds\MMSynthDue_v1_0\arduino_due_x_dbg\Debug/core.a(hooks.c.o)
                              C:\Users\mthom\AppData\Local\Temp\VMBuilds\MMSynthDue_v1_0\arduino_due_x_dbg\Debug/core.a(cortex_handlers.c.o) (sysTickHook)
C:\Users\mthom\AppData\Local\Temp\VMBuilds\MMSynthDue_v1_0\arduino_due_x_dbg\Debug/core.a(syscalls_sam3.c.o)
                              (_sbrk)
C:\Users\mthom\AppData\Local\Temp\VMBuilds\MMSynthDue_v1_0\arduino_due_x_dbg\Debug/core.a(wiring.c.o)
                              C:\Users\mthom\AppData\Local\Temp\VMBuilds\MMSynthDue_v1_0\arduino_due_x_dbg\Debug\VM_DBG\VM_DBG.cpp.o (millis)
C:\Users\mthom\AppData\Local\Temp\VMBuilds\MMSynthDue_v1_0\arduino_due_x_dbg\Debug/core.a(wiring_analog.c.o)
                              C:\Users\mthom\AppData\Local\Temp\VMBCore\arduino16x\ebb6af7a01883608e9c4da35375c0bfe\variant\variant.cpp.o (analogOutputInit)
C:\Users\mthom\AppData\Local\Temp\VMBuilds\MMSynthDue_v1_0\arduino_due_x_dbg\Debug/core.a(wiring_digital.c.o)
                              C:\Users\mthom\AppData\Local\Temp\VMBuilds\MMSynthDue_v1_0\arduino_due_x_dbg\Debug/core.a(wiring_analog.c.o) (pinMode)
C:\Users\mthom\AppData\Local\Temp\VMBuilds\MMSynthDue_v1_0\arduino_due_x_dbg\Debug/core.a(main.cpp.o)
                              c:/users/mthom/appdata/local/arduino15/packages/arduino/tools/arm-none-eabi-gcc/4.8.3-2014q1/bin/../lib/gcc/arm-none-eabi/4.8.3/../../../../arm-none-eabi/lib/armv7-m/crt0.o (main)
C:\Users\mthom\AppData\Local\Temp\VMBuilds\MMSynthDue_v1_0\arduino_due_x_dbg\Debug/core.a(Print.cpp.o)
                              C:\Users\mthom\AppData\Local\Temp\VMBuilds\MMSynthDue_v1_0\arduino_due_x_dbg\Debug\MMSynthDue_v1_0.cpp.o (Print::print(char const*))
C:\Users\mthom\AppData\Local\Temp\VMBuilds\MMSynthDue_v1_0\arduino_due_x_dbg\Debug/core.a(Reset.cpp.o)
                              C:\Users\mthom\AppData\Local\Temp\VMBuilds\MMSynthDue_v1_0\arduino_due_x_dbg\Debug/core.a(cortex_handlers.c.o) (tickReset)
C:\Users\mthom\AppData\Local\Temp\VMBuilds\MMSynthDue_v1_0\arduino_due_x_dbg\Debug/core.a(RingBuffer.cpp.o)
                              C:\Users\mthom\AppData\Local\Temp\VMBCore\arduino16x\ebb6af7a01883608e9c4da35375c0bfe\variant\variant.cpp.o (RingBuffer::RingBuffer())
C:\Users\mthom\AppData\Local\Temp\VMBuilds\MMSynthDue_v1_0\arduino_due_x_dbg\Debug/core.a(UARTClass.cpp.o)
                              C:\Users\mthom\AppData\Local\Temp\VMBCore\arduino16x\ebb6af7a01883608e9c4da35375c0bfe\variant\variant.cpp.o (UARTClass::available())
C:\Users\mthom\AppData\Local\Temp\VMBuilds\MMSynthDue_v1_0\arduino_due_x_dbg\Debug/core.a(USARTClass.cpp.o)
                              C:\Users\mthom\AppData\Local\Temp\VMBCore\arduino16x\ebb6af7a01883608e9c4da35375c0bfe\variant\variant.cpp.o (USARTClass::USARTClass(Usart*, IRQn, unsigned long, RingBuffer*, RingBuffer*))
C:\Users\mthom\AppData\Local\Temp\VMBuilds\MMSynthDue_v1_0\arduino_due_x_dbg\Debug/core.a(watchdog.cpp.o)
[...]
Memory Configuration

Name             Origin             Length             Attributes
rom              0x00080000         0x00080000         xr
sram0            0x20000000         0x00010000         xrw
sram1            0x20080000         0x00008000         xrw
ram              0x20070000         0x00018000         xrw
*default*        0x00000000         0xffffffff

Linker script and memory map

LOAD c:/users/mthom/appdata/local/arduino15/packages/arduino/tools/arm-none-eabi-gcc/4.8.3-2014q1/bin/../lib/gcc/arm-none-eabi/4.8.3/armv7-m/crti.o
LOAD c:/users/mthom/appdata/local/arduino15/packages/arduino/tools/arm-none-eabi-gcc/4.8.3-2014q1/bin/../lib/gcc/arm-none-eabi/4.8.3/armv7-m/crtbegin.o
LOAD c:/users/mthom/appdata/local/arduino15/packages/arduino/tools/arm-none-eabi-gcc/4.8.3-2014q1/bin/../lib/gcc/arm-none-eabi/4.8.3/../../../../arm-none-eabi/lib/armv7-m/crt0.o
START GROUP
LOAD C:\Users\mthom\AppData\Local\Temp\VMBuilds\MMSynthDue_v1_0\arduino_due_x_dbg\Debug\MMSynthDue_v1_0.cpp.o
LOAD C:\Users\mthom\AppData\Local\Temp\VMBuilds\MMSynthDue_v1_0\arduino_due_x_dbg\Debug\notemap.cpp.o
LOAD C:\Users\mthom\AppData\Local\Temp\VMBuilds\MMSynthDue_v1_0\arduino_due_x_dbg\Debug\MM_ADSR.cpp.o
LOAD C:\Users\mthom\AppData\Local\Temp\VMBuilds\MMSynthDue_v1_0\arduino_due_x_dbg\Debug\MIDI_Library\MIDI.cpp.o
LOAD C:\Users\mthom\AppData\Local\Temp\VMBuilds\MMSynthDue_v1_0\arduino_due_x_dbg\Debug\VM_DBG\VM_DBG.cpp.o
LOAD C:\Users\mthom\AppData\Local\Temp\VMBuilds\MMSynthDue_v1_0\arduino_due_x_dbg\Debug\VM_DBG\VM_mem_check_sam.cpp.o
LOAD C:\Users\mthom\AppData\Local\Temp\VMBCore\arduino16x\ebb6af7a01883608e9c4da35375c0bfe\variant\variant.cpp.o
LOAD C:\Users\mthom\AppData\Local\arduino15\packages\arduino\hardware\sam\1.6.11\variants\arduino_due_x/libsam_sam3x8e_gcc_rel.a
LOAD C:\Users\mthom\AppData\Local\Temp\VMBuilds\MMSynthDue_v1_0\arduino_due_x_dbg\Debug/core.a
END GROUP
LOAD c:/users/mthom/appdata/local/arduino15/packages/arduino/tools/arm-none-eabi-gcc/4.8.3-2014q1/bin/../lib/gcc/arm-none-eabi/4.8.3/../../../../arm-none-eabi/lib/armv7-m\libm.a
START GROUP
LOAD c:/users/mthom/appdata/local/arduino15/packages/arduino/tools/arm-none-eabi-gcc/4.8.3-2014q1/bin/../lib/gcc/arm-none-eabi/4.8.3/armv7-m\libgcc.a
LOAD c:/users/mthom/appdata/local/arduino15/packages/arduino/tools/arm-none-eabi-gcc/4.8.3-2014q1/bin/../lib/gcc/arm-none-eabi/4.8.3/../../../../arm-none-eabi/lib/armv7-m\libg.a
LOAD c:/users/mthom/appdata/local/arduino15/packages/arduino/tools/arm-none-eabi-gcc/4.8.3-2014q1/bin/../lib/gcc/arm-none-eabi/4.8.3/../../../../arm-none-eabi/lib/armv7-m\libc.a
END GROUP
LOAD c:/users/mthom/appdata/local/arduino15/packages/arduino/tools/arm-none-eabi-gcc/4.8.3-2014q1/bin/../lib/gcc/arm-none-eabi/4.8.3/armv7-m/crtend.o
LOAD c:/users/mthom/appdata/local/arduino15/packages/arduino/tools/arm-none-eabi-gcc/4.8.3-2014q1/bin/../lib/gcc/arm-none-eabi/4.8.3/armv7-m/crtn.o

.text           0x00080000     0x5810
                0x00080000                . = ALIGN (0x4)
                0x00080000                _sfixed = .
 *(.vectors .vectors.*)
 .vectors       0x00080000       0xf4 C:\Users\mthom\AppData\Local\arduino15\packages\arduino\hardware\sam\1.6.11\variants\arduino_due_x/libsam_sam3x8e_gcc_rel.a(startup_sam3xa.o)
                0x00080000                exception_table
 *(.text .text.* .gnu.linkonce.t.*)
 .text          0x000800f4       0x54 c:/users/mthom/appdata/local/arduino15/packages/arduino/tools/arm-none-eabi-gcc/4.8.3-2014q1/bin/../lib/gcc/arm-none-eabi/4.8.3/armv7-m/crtbegin.o
 .text.setup    0x00080148       0x54 C:\Users\mthom\AppData\Local\Temp\VMBuilds\MMSynthDue_v1_0\arduino_due_x_dbg\Debug\MMSynthDue_v1_0.cpp.o
                0x00080148                setup
 .text.loop     0x0008019c        0x2 C:\Users\mthom\AppData\Local\Temp\VMBuilds\MMSynthDue_v1_0\arduino_due_x_dbg\Debug\MMSynthDue_v1_0.cpp.o
                0x0008019c                loop
 .text._ZN16VisualMicroDebug16DBG_YieldAndWaitEmb
                0x0008019e       0x1a C:\Users\mthom\AppData\Local\Temp\VMBuilds\MMSynthDue_v1_0\arduino_due_x_dbg\Debug\VM_DBG\VM_DBG.cpp.o
                0x0008019e                VisualMicroDebug::DBG_YieldAndWait(unsigned long, bool)
 .text._ZN16VisualMicroDebug16DBG_YieldAndWaitEm
                0x000801b8        0x6 C:\Users\mthom\AppData\Local\Temp\VMBuilds\MMSynthDue_v1_0\arduino_due_x_dbg\Debug\VM_DBG\VM_DBG.cpp.o
                0x000801b8                VisualMicroDebug::DBG_YieldAndWait(unsigned long)
 .text._ZN16VisualMicroDebug14outPacketStartEb
                0x000801be       0x28 C:\Users\mthom\AppData\Local\Temp\VMBuilds\MMSynthDue_v1_0\arduino_due_x_dbg\Debug\VM_DBG\VM_DBG.cpp.o
                0x000801be                VisualMicroDebug::outPacketStart(bool)
 .text._ZN16VisualMicroDebug12outPacketEndEv
                0x000801e6        0x2 C:\Users\mthom\AppData\Local\Temp\VMBuilds\MMSynthDue_v1_0\arduino_due_x_dbg\Debug\VM_DBG\VM_DBG.cpp.o
                0x000801e6                VisualMicroDebug::outPacketEnd()
 .text._ZN16VisualMicroDebug4initEm
                0x000801e8        0xe C:\Users\mthom\AppData\Local\Temp\VMBuilds\MMSynthDue_v1_0\arduino_due_x_dbg\Debug\VM_DBG\VM_DBG.cpp.o
                0x000801e8                VisualMicroDebug::init(unsigned long)
 .text._ZN16VisualMicroDebug5beginEP9UARTClassm
                0x000801f6       0x10 C:\Users\mthom\AppData\Local\Temp\VMBuilds\MMSynthDue_v1_0\arduino_due_x_dbg\Debug\VM_DBG\VM_DBG.cpp.o
                0x000801f6                VisualMicroDebug::begin(UARTClass*, unsigned long)
 .text._ZN16VisualMicroDebug4readEv
                0x00080206        0xe C:\Users\mthom\AppData\Local\Temp\VMBuilds\MMSynthDue_v1_0\arduino_due_x_dbg\Debug\VM_DBG\VM_DBG.cpp.o
                0x00080206                VisualMicroDebug::read()
 .text._ZN16VisualMicroDebug9availableEv
                0x00080214        0xe C:\Users\mthom\AppData\Local\Temp\VMBuilds\MMSynthDue_v1_0\arduino_due_x_dbg\Debug\VM_DBG\VM_DBG.cpp.o
                0x00080214                VisualMicroDebug::available()
 *fill*         0x00080222        0x2 
 .text._ZN16VisualMicroDebug16sendContinuedACKEh
                0x00080224       0x3c C:\Users\mthom\AppData\Local\Temp\VMBuilds\MMSynthDue_v1_0\arduino_due_x_dbg\Debug\VM_DBG\VM_DBG.cpp.o
                0x00080224                VisualMicroDebug::sendContinuedACK(unsigned char)
 .text._ZN16VisualMicroDebug9breakWaitEh
                0x00080260       0x54 C:\Users\mthom\AppData\Local\Temp\VMBuilds\MMSynthDue_v1_0\arduino_due_x_dbg\Debug\VM_DBG\VM_DBG.cpp.o
                0x00080260                VisualMicroDebug::breakWait(unsigned char)
 .text._ZN16VisualMicroDebug5startEbb
                0x000802b4       0x26 C:\Users\mthom\AppData\Local\Temp\VMBuilds\MMSynthDue_v1_0\arduino_due_x_dbg\Debug\VM_DBG\VM_DBG.cpp.o
                0x000802b4                VisualMicroDebug::start(bool, bool)
 *fill*         0x000802da        0x2 
 .text.startup._GLOBAL__sub_I__ZN16VisualMicroDebug16DBG_YieldAndWaitEm
                0x000802dc       0x14 C:\Users\mthom\AppData\Local\Temp\VMBuilds\MMSynthDue_v1_0\arduino_due_x_dbg\Debug\VM_DBG\VM_DBG.cpp.o
 .text._Z11serialEventv
                0x000802f0        0x2 C:\Users\mthom\AppData\Local\Temp\VMBCore\arduino16x\ebb6af7a01883608e9c4da35375c0bfe\variant\variant.cpp.o
                0x000802f0                serialEvent()
 *fill*         0x000802f2        0x2 
 .text.UART_Handler
                0x000802f4        0xc C:\Users\mthom\AppData\Local\Temp\VMBCore\arduino16x\ebb6af7a01883608e9c4da35375c0bfe\variant\variant.cpp.o
                0x000802f4                UART_Handler
 .text._Z12serialEvent1v
                0x00080300        0x2 C:\Users\mthom\AppData\Local\Temp\VMBCore\arduino16x\ebb6af7a01883608e9c4da35375c0bfe\variant\variant.cpp.o
                0x00080300                serialEvent1()
 .text._Z12serialEvent2v
                0x00080302        0x2 C:\Users\mthom\AppData\Local\Temp\VMBCore\arduino16x\ebb6af7a01883608e9c4da35375c0bfe\variant\variant.cpp.o
                0x00080302                serialEvent2()
 .text._Z12serialEvent3v
                0x00080304        0x2 C:\Users\mthom\AppData\Local\Temp\VMBCore\arduino16x\ebb6af7a01883608e9c4da35375c0bfe\variant\variant.cpp.o
                0x00080304                serialEvent3()
 *fill*         0x00080306        0x2 
 .text.USART0_Handler
                0x00080308        0xc C:\Users\mthom\AppData\Local\Temp\VMBCore\arduino16x\ebb6af7a01883608e9c4da35375c0bfe\variant\variant.cpp.o
                0x00080308                USART0_Handler
 .text.USART1_Handler
                0x00080314        0xc C:\Users\mthom\AppData\Local\Temp\VMBCore\arduino16x\ebb6af7a01883608e9c4da35375c0bfe\variant\variant.cpp.o
                0x00080314                USART1_Handler
 .text.USART3_Handler
                0x00080320        0xc C:\Users\mthom\AppData\Local\Temp\VMBCore\arduino16x\ebb6af7a01883608e9c4da35375c0bfe\variant\variant.cpp.o
                0x00080320                USART3_Handler
 .text.init     0x0008032c      0x128 C:\Users\mthom\AppData\Local\Temp\VMBCore\arduino16x\ebb6af7a01883608e9c4da35375c0bfe\variant\variant.cpp.o
                0x0008032c                init
 .text.startup._GLOBAL__sub_I_g_APinDescription
                0x00080454       0xd4 C:\Users\mthom\AppData\Local\Temp\VMBCore\arduino16x\ebb6af7a01883608e9c4da35375c0bfe\variant\variant.cpp.o
 .text._Z14serialEventRunv
                0x00080528       0x44 C:\Users\mthom\AppData\Local\Temp\VMBCore\arduino16x\ebb6af7a01883608e9c4da35375c0bfe\variant\variant.cpp.o
                0x00080528                serialEventRun()
 .text.PIO_PullUp
                0x0008056c        0xa C:\Users\mthom\AppData\Local\arduino15\packages\arduino\hardware\sam\1.6.11\variants\arduino_due_x/libsam_sam3x8e_gcc_rel.a(pio.o)
                0x0008056c                PIO_PullUp
 .text.PIO_SetPeripheral
                0x00080576       0x26 C:\Users\mthom\AppData\Local\arduino15\packages\arduino\hardware\sam\1.6.11\variants\arduino_due_x/libsam_sam3x8e_gcc_rel.a(pio.o)
                0x00080576                PIO_SetPeripheral
 .text.PIO_SetInput
                0x0008059c       0x26 C:\Users\mthom\AppData\Local\arduino15\packages\arduino\hardware\sam\1.6.11\variants\arduino_due_x/libsam_sam3x8e_gcc_rel.a(pio.o)
                0x0008059c                PIO_SetInput
 .text.PIO_SetOutput
                0x000805c2       0x24 C:\Users\mthom\AppData\Local\arduino15\packages\arduino\hardware\sam\1.6.11\variants\arduino_due_x/libsam_sam3x8e_gcc_rel.a(pio.o)
                0x000805c2                PIO_SetOutput
 *fill*         0x000805e6        0x2 
 .text.PIO_Configure
                0x000805e8       0x64 C:\Users\mthom\AppData\Local\arduino15\packages\arduino\hardware\sam\1.6.11\variants\arduino_due_x/libsam_sam3x8e_gcc_rel.a(pio.o)
                0x000805e8                PIO_Configure
 .text.PIO_GetOutputDataStatus
                0x0008064c       0x14 C:\Users\mthom\AppData\Local\arduino15\packages\arduino\hardware\sam\1.6.11\variants\arduino_due_x/libsam_sam3x8e_gcc_rel.a(pio.o)
                0x0008064c                PIO_GetOutputDataStatus
 .text.pmc_enable_upll_clock
                0x00080660       0x14 C:\Users\mthom\AppData\Local\arduino15\packages\arduino\hardware\sam\1.6.11\variants\arduino_due_x/libsam_sam3x8e_gcc_rel.a(pmc.o)
                0x00080660                pmc_enable_upll_clock
 .text.pmc_enable_periph_clk
                0x00080674       0x44 C:\Users\mthom\AppData\Local\arduino15\packages\arduino\hardware\sam\1.6.11\variants\arduino_due_x/libsam_sam3x8e_gcc_rel.a(pmc.o)
                0x00080674                pmc_enable_periph_clk
 .text.pmc_disable_periph_clk
                0x000806b8       0x40 C:\Users\mthom\AppData\Local\arduino15\packages\arduino\hardware\sam\1.6.11\variants\arduino_due_x/libsam_sam3x8e_gcc_rel.a(pmc.o)
                0x000806b8                pmc_disable_periph_clk
 .text.pmc_switch_udpck_to_upllck
                0x000806f8       0x14 C:\Users\mthom\AppData\Local\arduino15\packages\arduino\hardware\sam\1.6.11\variants\arduino_due_x/libsam_sam3x8e_gcc_rel.a(pmc.o)
                0x000806f8                pmc_switch_udpck_to_upllck
 .text.pmc_enable_udpck
                0x0008070c        0xc C:\Users\mthom\AppData\Local\arduino15\packages\arduino\hardware\sam\1.6.11\variants\arduino_due_x/libsam_sam3x8e_gcc_rel.a(pmc.o)
                0x0008070c                pmc_enable_udpck
 .text.SystemInit
                0x00080718       0x88 C:\Users\mthom\AppData\Local\arduino15\packages\arduino\hardware\sam\1.6.11\variants\arduino_due_x/libsam_sam3x8e_gcc_rel.a(system_sam3xa.o)
                0x00080718                SystemInit
 .text.Reset_Handler
                0x000807a0       0x78 C:\Users\mthom\AppData\Local\arduino15\packages\arduino\hardware\sam\1.6.11\variants\arduino_due_x/libsam_sam3x8e_gcc_rel.a(startup_sam3xa.o)
                0x000807a0                Reset_Handler
 .text.adc_init
                0x00080818       0x98 C:\Users\mthom\AppData\Local\arduino15\packages\arduino\hardware\sam\1.6.11\variants\arduino_due_x/libsam_sam3x8e_gcc_rel.a(adc.o)
                0x00080818                adc_init
 .text.adc_configure_trigger
                0x000808b0        0xe C:\Users\mthom\AppData\Local\arduino15\packages\arduino\hardware\sam\1.6.11\variants\arduino_due_x/libsam_sam3x8e_gcc_rel.a(adc.o)
                0x000808b0                adc_configure_trigger
 .text.adc_configure_timing
                0x000808be       0x1a C:\Users\mthom\AppData\Local\arduino15\packages\arduino\hardware\sam\1.6.11\variants\arduino_due_x/libsam_sam3x8e_gcc_rel.a(adc.o)
                0x000808be                adc_configure_timing
 .text.adc_disable_channel
                0x000808d8        0xa C:\Users\mthom\AppData\Local\arduino15\packages\arduino\hardware\sam\1.6.11\variants\arduino_due_x/libsam_sam3x8e_gcc_rel.a(adc.o)
                0x000808d8                adc_disable_channel
 .text.adc_disable_all_channel
                0x000808e2        0x8 C:\Users\mthom\AppData\Local\arduino15\packages\arduino\hardware\sam\1.6.11\variants\arduino_due_x/libsam_sam3x8e_gcc_rel.a(adc.o)
                0x000808e2                adc_disable_all_channel
 .text.adc_disable_interrupt
                0x000808ea        0x4 C:\Users\mthom\AppData\Local\arduino15\packages\arduino\hardware\sam\1.6.11\variants\arduino_due_x/libsam_sam3x8e_gcc_rel.a(adc.o)
                0x000808ea                adc_disable_interrupt
 *fill*         0x000808ee        0x2 
 .text.UOTGHS_Handler
                0x000808f0       0x10 C:\Users\mthom\AppData\Local\arduino15\packages\arduino\hardware\sam\1.6.11\variants\arduino_due_x/libsam_sam3x8e_gcc_rel.a(uotghs.o)
                0x000808f0                UOTGHS_Handler
 .text.__halt   0x00080900        0x2 C:\Users\mthom\AppData\Local\Temp\VMBuilds\MMSynthDue_v1_0\arduino_due_x_dbg\Debug/core.a(cortex_handlers.c.o)
                0x00080900                DACC_Handler
                0x00080900                DebugMon_Handler
                0x00080900                DMAC_Handler
                0x00080900                TRNG_Handler
                0x00080900                HardFault_Handler
                0x00080900                TC2_Handler
                0x00080900                TWI1_Handler
                0x00080900                NMI_Handler
                0x00080900                TC7_Handler
                0x00080900                ADC_Handler
                0x00080900                SMC_Handler
                0x00080900                RTT_Handler
                0x00080900                EFC1_Handler
                0x00080900                PIOB_Handler
                0x00080900                RTC_Handler
                0x00080900                UsageFault_Handler
                0x00080900                TC6_Handler
                0x00080900                WDT_Handler
                0x00080900                CAN0_Handler
                0x00080900                TC4_Handler
                0x00080900                TC1_Handler
                0x00080900                HSMCI_Handler
                0x00080900                TC3_Handler
                0x00080900                TWI0_Handler
                0x00080900                PIOA_Handler
                0x00080900                SSC_Handler
                0x00080900                EFC0_Handler
                0x00080900                PMC_Handler
                0x00080900                PWM_Handler
                0x00080900                CAN1_Handler
                0x00080900                MemManage_Handler
                0x00080900                SUPC_Handler
                0x00080900                TC8_Handler
                0x00080900                USART2_Handler
                0x00080900                PIOD_Handler
                0x00080900                EMAC_Handler
                0x00080900                PIOC_Handler
                0x00080900                BusFault_Handler
                0x00080900                RSTC_Handler
                0x00080900                TC0_Handler
                0x00080900                TC5_Handler
                0x00080900                SPI0_Handler
 .text.SVC_Handler
                0x00080902        0x4 C:\Users\mthom\AppData\Local\Temp\VMBuilds\MMSynthDue_v1_0\arduino_due_x_dbg\Debug/core.a(cortex_handlers.c.o)
                0x00080902                SVC_Handler
 .text.PendSV_Handler
                0x00080906        0x4 C:\Users\mthom\AppData\Local\Temp\VMBuilds\MMSynthDue_v1_0\arduino_due_x_dbg\Debug/core.a(cortex_handlers.c.o)
                0x00080906                PendSV_Handler
 .text.SysTick_Handler
                0x0008090a       0x16 C:\Users\mthom\AppData\Local\Temp\VMBuilds\MMSynthDue_v1_0\arduino_due_x_dbg\Debug/core.a(cortex_handlers.c.o)
                0x0008090a                SysTick_Handler
 .text.__empty  0x00080920        0x2 C:\Users\mthom\AppData\Local\Temp\VMBuilds\MMSynthDue_v1_0\arduino_due_x_dbg\Debug/core.a(hooks.c.o)
                0x00080920                yield
 .text.__false  0x00080922        0x4 C:\Users\mthom\AppData\Local\Temp\VMBuilds\MMSynthDue_v1_0\arduino_due_x_dbg\Debug/core.a(hooks.c.o)
                0x00080922                sysTickHook
 .text.__halt   0x00080926        0x2 C:\Users\mthom\AppData\Local\Temp\VMBuilds\MMSynthDue_v1_0\arduino_due_x_dbg\Debug/core.a(hooks.c.o)
                0x00080926                svcHook
                0x00080926                pendSVHook
 .text._sbrk    0x00080928       0x1c C:\Users\mthom\AppData\Local\Temp\VMBuilds\MMSynthDue_v1_0\arduino_due_x_dbg\Debug/core.a(syscalls_sam3.c.o)
                0x00080928                _sbrk
 .text.link     0x00080944        0x6 C:\Users\mthom\AppData\Local\Temp\VMBuilds\MMSynthDue_v1_0\arduino_due_x_dbg\Debug/core.a(syscalls_sam3.c.o)
                0x00080944                link
 .text._close   0x0008094a        0x6 C:\Users\mthom\AppData\Local\Temp\VMBuilds\MMSynthDue_v1_0\arduino_due_x_dbg\Debug/core.a(syscalls_sam3.c.o)
                0x0008094a                _close
 .text._fstat   0x00080950        0xa C:\Users\mthom\AppData\Local\Temp\VMBuilds\MMSynthDue_v1_0\arduino_due_x_dbg\Debug/core.a(syscalls_sam3.c.o)
                0x00080950                _fstat
 .text._isatty  0x0008095a        0x4 C:\Users\mthom\AppData\Local\Temp\VMBuilds\MMSynthDue_v1_0\arduino_due_x_dbg\Debug/core.a(syscalls_sam3.c.o)
                0x0008095a                _isatty
 .text._lseek   0x0008095e        0x4 C:\Users\mthom\AppData\Local\Temp\VMBuilds\MMSynthDue_v1_0\arduino_due_x_dbg\Debug/core.a(syscalls_sam3.c.o)
                0x0008095e                _lseek
 .text._read    0x00080962        0x4 C:\Users\mthom\AppData\Local\Temp\VMBuilds\MMSynthDue_v1_0\arduino_due_x_dbg\Debug/core.a(syscalls_sam3.c.o)
                0x00080962                _read
 *fill*         0x00080966        0x2 
 .text._write   0x00080968       0x24 C:\Users\mthom\AppData\Local\Temp\VMBuilds\MMSynthDue_v1_0\arduino_due_x_dbg\Debug/core.a(syscalls_sam3.c.o)
                0x00080968                _write
 .text._exit    0x0008098c       0x10 C:\Users\mthom\AppData\Local\Temp\VMBuilds\MMSynthDue_v1_0\arduino_due_x_dbg\Debug/core.a(syscalls_sam3.c.o)
                0x0008098c                _exit
 .text._kill    0x0008099c        0x2 C:\Users\mthom\AppData\Local\Temp\VMBuilds\MMSynthDue_v1_0\arduino_due_x_dbg\Debug/core.a(syscalls_sam3.c.o)
                0x0008099c                _kill
 .text._getpid  0x0008099e        0x6 C:\Users\mthom\AppData\Local\Temp\VMBuilds\MMSynthDue_v1_0\arduino_due_x_dbg\Debug/core.a(syscalls_sam3.c.o)
                0x0008099e                _getpid
 .text.millis   0x000809a4        0x4 C:\Users\mthom\AppData\Local\Temp\VMBuilds\MMSynthDue_v1_0\arduino_due_x_dbg\Debug/core.a(wiring.c.o)
                0x000809a4                millis
 .text.delay    0x000809a8       0x1c C:\Users\mthom\AppData\Local\Temp\VMBuilds\MMSynthDue_v1_0\arduino_due_x_dbg\Debug/core.a(wiring.c.o)
                0x000809a8                delay
 .text.analogOutputInit
                0x000809c4        0x2 C:\Users\mthom\AppData\Local\Temp\VMBuilds\MMSynthDue_v1_0\arduino_due_x_dbg\Debug/core.a(wiring_analog.c.o)
                0x000809c4                analogOutputInit
 *fill*         0x000809c6        0x2 
 .text.pinMode  0x000809c8      0x108 C:\Users\mthom\AppData\Local\Temp\VMBuilds\MMSynthDue_v1_0\arduino_due_x_dbg\Debug/core.a(wiring_digital.c.o)
                0x000809c8                pinMode
 .text.digitalWrite
                0x00080ad0       0x70 C:\Users\mthom\AppData\Local\Temp\VMBuilds\MMSynthDue_v1_0\arduino_due_x_dbg\Debug/core.a(wiring_digital.c.o)
                0x00080ad0                digitalWrite
 .text.initVariant
                0x00080b40        0x2 C:\Users\mthom\AppData\Local\Temp\VMBuilds\MMSynthDue_v1_0\arduino_due_x_dbg\Debug/core.a(main.cpp.o)
                0x00080b40                initVariant
 *fill*         0x00080b42        0x2 
 .text.startup.main
                0x00080b44       0x38 C:\Users\mthom\AppData\Local\Temp\VMBuilds\MMSynthDue_v1_0\arduino_due_x_dbg\Debug/core.a(main.cpp.o)
                0x00080b44                main
 .text._ZN5Print5writeEPKhj
                0x00080b7c       0x22 C:\Users\mthom\AppData\Local\Temp\VMBuilds\MMSynthDue_v1_0\arduino_due_x_dbg\Debug/core.a(Print.cpp.o)
                0x00080b7c                Print::write(unsigned char const*, unsigned int)
 .text._ZN5Print5printEmi.part.3
                0x00080b9e        0xc C:\Users\mthom\AppData\Local\Temp\VMBuilds\MMSynthDue_v1_0\arduino_due_x_dbg\Debug/core.a(Print.cpp.o)
 .text._ZN5Print5writeEPKc
                0x00080baa       0x1e C:\Users\mthom\AppData\Local\Temp\VMBuilds\MMSynthDue_v1_0\arduino_due_x_dbg\Debug/core.a(Print.cpp.o)
                0x00080baa                Print::write(char const*)
 .text._ZN5Print5printEPKc
                0x00080bc8        0x8 C:\Users\mthom\AppData\Local\Temp\VMBuilds\MMSynthDue_v1_0\arduino_due_x_dbg\Debug/core.a(Print.cpp.o)
                0x00080bc8                Print::print(char const*)
 .text._ZN5Print11printNumberEmh
                0x00080bd0       0x3e C:\Users\mthom\AppData\Local\Temp\VMBuilds\MMSynthDue_v1_0\arduino_due_x_dbg\Debug/core.a(Print.cpp.o)
                0x00080bd0                Print::printNumber(unsigned long, unsigned char)
 .text._ZN5Print5printEmi
                0x00080c0e        0xc C:\Users\mthom\AppData\Local\Temp\VMBuilds\MMSynthDue_v1_0\arduino_due_x_dbg\Debug/core.a(Print.cpp.o)
                0x00080c0e                Print::print(unsigned long, int)
 .text._ZN5Print5printEhi
                0x00080c1a        0x4 C:\Users\mthom\AppData\Local\Temp\VMBuilds\MMSynthDue_v1_0\arduino_due_x_dbg\Debug/core.a(Print.cpp.o)
                0x00080c1a                Print::print(unsigned char, int)
 *fill*         0x00080c1e        0x2 
 .text.initiateReset
                0x00080c20        0xc C:\Users\mthom\AppData\Local\Temp\VMBuilds\MMSynthDue_v1_0\arduino_due_x_dbg\Debug/core.a(Reset.cpp.o)
                0x00080c20                initiateReset
 .text.cancelReset
                0x00080c2c       0x10 C:\Users\mthom\AppData\Local\Temp\VMBuilds\MMSynthDue_v1_0\arduino_due_x_dbg\Debug/core.a(Reset.cpp.o)
                0x00080c2c                cancelReset
 .text.tickReset
                0x00080c3c       0x20 C:\Users\mthom\AppData\Local\Temp\VMBuilds\MMSynthDue_v1_0\arduino_due_x_dbg\Debug/core.a(Reset.cpp.o)
                0x00080c3c                tickReset
 .text._ZN10RingBufferC2Ev
                0x00080c5c       0x1a C:\Users\mthom\AppData\Local\Temp\VMBuilds\MMSynthDue_v1_0\arduino_due_x_dbg\Debug/core.a(RingBuffer.cpp.o)
                0x00080c5c                RingBuffer::RingBuffer()
                0x00080c5c                RingBuffer::RingBuffer()
 .text._ZN10RingBuffer10store_charEh
                0x00080c76       0x1e C:\Users\mthom\AppData\Local\Temp\VMBuilds\MMSynthDue_v1_0\arduino_due_x_dbg\Debug/core.a(RingBuffer.cpp.o)
                0x00080c76                RingBuffer::store_char(unsigned char)
 .text._ZN9UARTClasscvbEv
                0x00080c94        0x4 C:\Users\mthom\AppData\Local\Temp\VMBuilds\MMSynthDue_v1_0\arduino_due_x_dbg\Debug/core.a(UARTClass.cpp.o)
                0x00080c94                UARTClass::operator bool()
 .text._ZN9UARTClass9availableEv
                0x00080c98       0x12 C:\Users\mthom\AppData\Local\Temp\VMBuilds\MMSynthDue_v1_0\arduino_due_x_dbg\Debug/core.a(UARTClass.cpp.o)
                0x00080c98                UARTClass::available()
 .text._ZN9UARTClass4peekEv
                0x00080caa       0x1c C:\Users\mthom\AppData\Local\Temp\VMBuilds\MMSynthDue_v1_0\arduino_due_x_dbg\Debug/core.a(UARTClass.cpp.o)
                0x00080caa                UARTClass::peek()
 .text._ZN9UARTClass4readEv
                0x00080cc6       0x2a C:\Users\mthom\AppData\Local\Temp\VMBuilds\MMSynthDue_v1_0\arduino_due_x_dbg\Debug/core.a(UARTClass.cpp.o)
                0x00080cc6                UARTClass::read()
 .text._ZN9UARTClass5flushEv
                0x00080cf0       0x18 C:\Users\mthom\AppData\Local\Temp\VMBuilds\MMSynthDue_v1_0\arduino_due_x_dbg\Debug/core.a(UARTClass.cpp.o)
                0x00080cf0                UARTClass::flush()
 .text._ZN9UARTClass5writeEh
                0x00080d08       0x54 C:\Users\mthom\AppData\Local\Temp\VMBuilds\MMSynthDue_v1_0\arduino_due_x_dbg\Debug/core.a(UARTClass.cpp.o)
                0x00080d08                UARTClass::write(unsigned char)
 .text._ZN9UARTClass3endEv
                0x00080d5c       0x3c C:\Users\mthom\AppData\Local\Temp\VMBuilds\MMSynthDue_v1_0\arduino_due_x_dbg\Debug/core.a(UARTClass.cpp.o)
                0x00080d5c                UARTClass::end()
 .text._ZN9UARTClassC2EP4Uart4IRQnmP10RingBufferS4_
                0x00080d98       0x24 C:\Users\mthom\AppData\Local\Temp\VMBuilds\MMSynthDue_v1_0\arduino_due_x_dbg\Debug/core.a(UARTClass.cpp.o)
                0x00080d98                UARTClass::UARTClass(Uart*, IRQn, unsigned long, RingBuffer*, RingBuffer*)
                0x00080d98                UARTClass::UARTClass(Uart*, IRQn, unsigned long, RingBuffer*, RingBuffer*)
 .text._ZN9UARTClass4initEmm
                0x00080dbc       0x70 C:\Users\mthom\AppData\Local\Temp\VMBuilds\MMSynthDue_v1_0\arduino_due_x_dbg\Debug/core.a(UARTClass.cpp.o)
                0x00080dbc                UARTClass::init(unsigned long, unsigned long)
 .text._ZN9UARTClass5beginEm
                0x00080e2c        0x8 C:\Users\mthom\AppData\Local\Temp\VMBuilds\MMSynthDue_v1_0\arduino_due_x_dbg\Debug/core.a(UARTClass.cpp.o)
                0x00080e2c                UARTClass::begin(unsigned long)
 .text._ZN9UARTClass10IrqHandlerEv
                0x00080e34       0x5a C:\Users\mthom\AppData\Local\Temp\VMBuilds\MMSynthDue_v1_0\arduino_due_x_dbg\Debug/core.a(UARTClass.cpp.o)
                0x00080e34                UARTClass::IrqHandler()
 .text._ZN10USARTClass5beginEm
                0x00080e8e        0x8 C:\Users\mthom\AppData\Local\Temp\VMBuilds\MMSynthDue_v1_0\arduino_due_x_dbg\Debug/core.a(USARTClass.cpp.o)
                0x00080e8e                USARTClass::begin(unsigned long)
 *fill*         0x00080e96        0x2 
 .text._ZN10USARTClassC2EP5Usart4IRQnmP10RingBufferS4_
                0x00080e98       0x24 C:\Users\mthom\AppData\Local\Temp\VMBuilds\MMSynthDue_v1_0\arduino_due_x_dbg\Debug/core.a(USARTClass.cpp.o)
                0x00080e98                USARTClass::USARTClass(Usart*, IRQn, unsigned long, RingBuffer*, RingBuffer*)
                0x00080e98                USARTClass::USARTClass(Usart*, IRQn, unsigned long, RingBuffer*, RingBuffer*)
 .text._watchdogDefaultSetup
                0x00080ebc        0xc C:\Users\mthom\AppData\Local\Temp\VMBuilds\MMSynthDue_v1_0\arduino_due_x_dbg\Debug/core.a(watchdog.cpp.o)
                0x00080ebc                _watchdogDefaultSetup
                0x00080ebc                watchdogSetup()
 .text.unlikely._ZL11USB_SendZlpv
                0x00080ec8       0x20 C:\Users\mthom\AppData\Local\Temp\VMBuilds\MMSynthDue_v1_0\arduino_due_x_dbg\Debug/core.a(USBCore.cpp.o)
 .text._Z14USBD_Availablem
                0x00080ee8       0x2c C:\Users\mthom\AppData\Local\Temp\VMBuilds\MMSynthDue_v1_0\arduino_due_x_dbg\Debug/core.a(USBCore.cpp.o)
                0x00080ee8                USBD_Available(unsigned long)
 .text._Z9USBD_RecvmPvm
                0x00080f14       0x7c C:\Users\mthom\AppData\Local\Temp\VMBuilds\MMSynthDue_v1_0\arduino_due_x_dbg\Debug/core.a(USBCore.cpp.o)
                0x00080f14                USBD_Recv(unsigned long, void*, unsigned long)
 .text._Z9USBD_Recvm
                0x00080f90       0x22 C:\Users\mthom\AppData\Local\Temp\VMBuilds\MMSynthDue_v1_0\arduino_due_x_dbg\Debug/core.a(USBCore.cpp.o)
                0x00080f90                USBD_Recv(unsigned long)
 *fill*         0x00080fb2        0x2 
 .text._Z9USBD_SendmPKvm
                0x00080fb4       0x4c C:\Users\mthom\AppData\Local\Temp\VMBuilds\MMSynthDue_v1_0\arduino_due_x_dbg\Debug/core.a(USBCore.cpp.o)
                0x00080fb4                USBD_Send(unsigned long, void const*, unsigned long)
 .text._Z16USBD_SendControlhPKvm
                0x00081000       0x40 C:\Users\mthom\AppData\Local\Temp\VMBuilds\MMSynthDue_v1_0\arduino_due_x_dbg\Debug/core.a(USBCore.cpp.o)
                0x00081000                USBD_SendControl(unsigned char, void const*, unsigned long)
 .text.unlikely._ZL24USB_SendStringDescriptorPKhi
                0x00081040       0x64 C:\Users\mthom\AppData\Local\Temp\VMBuilds\MMSynthDue_v1_0\arduino_due_x_dbg\Debug/core.a(USBCore.cpp.o)
 .text._Z16USBD_RecvControlPvm
                0x000810a4       0x1c C:\Users\mthom\AppData\Local\Temp\VMBuilds\MMSynthDue_v1_0\arduino_due_x_dbg\Debug/core.a(USBCore.cpp.o)
                0x000810a4                USBD_RecvControl(void*, unsigned long)
 .text._Z26USBD_ClassInterfaceRequestR8USBSetup
                0x000810c0       0x1e C:\Users\mthom\AppData\Local\Temp\VMBuilds\MMSynthDue_v1_0\arduino_due_x_dbg\Debug/core.a(USBCore.cpp.o)
                0x000810c0                USBD_ClassInterfaceRequest(USBSetup&)
 .text._Z19USBD_SendInterfacesv
                0x000810de       0x22 C:\Users\mthom\AppData\Local\Temp\VMBuilds\MMSynthDue_v1_0\arduino_due_x_dbg\Debug/core.a(USBCore.cpp.o)
                0x000810de                USBD_SendInterfaces()
 .text._Z24USBD_SendOtherInterfacesv
                0x00081100       0x22 C:\Users\mthom\AppData\Local\Temp\VMBuilds\MMSynthDue_v1_0\arduino_due_x_dbg\Debug/core.a(USBCore.cpp.o)
                0x00081100                USBD_SendOtherInterfaces()
 .text._Z10USBD_Flushm
                0x00081122       0x16 C:\Users\mthom\AppData\Local\Temp\VMBuilds\MMSynthDue_v1_0\arduino_due_x_dbg\Debug/core.a(USBCore.cpp.o)
                0x00081122                USBD_Flush(unsigned long)
 .text._ZN10USBDevice_C2Ev
                0x00081138       0x24 C:\Users\mthom\AppData\Local\Temp\VMBuilds\MMSynthDue_v1_0\arduino_due_x_dbg\Debug/core.a(USBCore.cpp.o)
                0x00081138                USBDevice_::USBDevice_()
                0x00081138                USBDevice_::USBDevice_()
 .text._ZN10USBDevice_6attachEv
                0x0008115c       0x20 C:\Users\mthom\AppData\Local\Temp\VMBuilds\MMSynthDue_v1_0\arduino_due_x_dbg\Debug/core.a(USBCore.cpp.o)
                0x0008115c                USBDevice_::attach()
 .text.startup._GLOBAL__sub_I_EndPoints
                0x0008117c        0xc C:\Users\mthom\AppData\Local\Temp\VMBuilds\MMSynthDue_v1_0\arduino_due_x_dbg\Debug/core.a(USBCore.cpp.o)
 .text._ZL7USB_ISRv
                0x00081188      0x454 C:\Users\mthom\AppData\Local\Temp\VMBuilds\MMSynthDue_v1_0\arduino_due_x_dbg\Debug/core.a(USBCore.cpp.o)
 .text._ZN7Serial_9availableEv
                0x000815dc       0x18 C:\Users\mthom\AppData\Local\Temp\VMBuilds\MMSynthDue_v1_0\arduino_due_x_dbg\Debug/core.a(CDC.cpp.o)
                0x000815dc                Serial_::available()
 .text._ZN7Serial_17availableForWriteEv
                0x000815f4        0x6 C:\Users\mthom\AppData\Local\Temp\VMBuilds\MMSynthDue_v1_0\arduino_due_x_dbg\Debug/core.a(CDC.cpp.o)
                0x000815f4                Serial_::availableForWrite()
 *fill*         0x000815fa        0x2 
 .text._ZN7Serial_4peekEv
                0x000815fc       0x20 C:\Users\mthom\AppData\Local\Temp\VMBuilds\MMSynthDue_v1_0\arduino_due_x_dbg\Debug/core.a(CDC.cpp.o)
                0x000815fc                Serial_::peek()
 .text._ZN7Serial_5writeEh
                0x0008161c       0x16 C:\Users\mthom\AppData\Local\Temp\VMBuilds\MMSynthDue_v1_0\arduino_due_x_dbg\Debug/core.a(CDC.cpp.o)
                0x0008161c                Serial_::write(unsigned char)
 *fill*         0x00081632        0x2 
 .text._ZN7Serial_4readEv
                0x00081634       0x44 C:\Users\mthom\AppData\Local\Temp\VMBuilds\MMSynthDue_v1_0\arduino_due_x_dbg\Debug/core.a(CDC.cpp.o)
                0x00081634                Serial_::read()
 .text._ZN7Serial_5flushEv
                0x00081678        0x6 C:\Users\mthom\AppData\Local\Temp\VMBuilds\MMSynthDue_v1_0\arduino_due_x_dbg\Debug/core.a(CDC.cpp.o)
                0x00081678                Serial_::flush()
 *fill*         0x0008167e        0x2 
 .text._ZN7Serial_6acceptEv
                0x00081680       0x70 C:\Users\mthom\AppData\Local\Temp\VMBuilds\MMSynthDue_v1_0\arduino_due_x_dbg\Debug/core.a(CDC.cpp.o)
                0x00081680                Serial_::accept()
 .text._ZN7Serial_5writeEPKhj
                0x000816f0       0x2c C:\Users\mthom\AppData\Local\Temp\VMBuilds\MMSynthDue_v1_0\arduino_due_x_dbg\Debug/core.a(CDC.cpp.o)
                0x000816f0                Serial_::write(unsigned char const*, unsigned int)
 .text._Z16CDC_GetInterfacePh
                0x0008171c       0x14 C:\Users\mthom\AppData\Local\Temp\VMBuilds\MMSynthDue_v1_0\arduino_due_x_dbg\Debug/core.a(CDC.cpp.o)
                0x0008171c                CDC_GetInterface(unsigned char*)
 .text._Z21CDC_GetOtherInterfacePh
                0x00081730       0x14 C:\Users\mthom\AppData\Local\Temp\VMBuilds\MMSynthDue_v1_0\arduino_due_x_dbg\Debug/core.a(CDC.cpp.o)
                0x00081730                CDC_GetOtherInterface(unsigned char*)
 .text._Z9CDC_SetupR8USBSetup
                0x00081744       0x78 C:\Users\mthom\AppData\Local\Temp\VMBuilds\MMSynthDue_v1_0\arduino_due_x_dbg\Debug/core.a(CDC.cpp.o)
                0x00081744                CDC_Setup(USBSetup&)
 .text.startup._GLOBAL__sub_I_cdc_rx_buffer
                0x000817bc       0x1c C:\Users\mthom\AppData\Local\Temp\VMBuilds\MMSynthDue_v1_0\arduino_due_x_dbg\Debug/core.a(CDC.cpp.o)
 .text._ZN13PluggableUSB_12getInterfaceEPh
                0x000817d8       0x28 C:\Users\mthom\AppData\Local\Temp\VMBuilds\MMSynthDue_v1_0\arduino_due_x_dbg\Debug/core.a(PluggableUSB.cpp.o)
                0x000817d8                PluggableUSB_::getInterface(unsigned char*)
 .text._ZN13PluggableUSB_13getDescriptorER8USBSetup
                0x00081800       0x1c C:\Users\mthom\AppData\Local\Temp\VMBuilds\MMSynthDue_v1_0\arduino_due_x_dbg\Debug/core.a(PluggableUSB.cpp.o)
                0x00081800                PluggableUSB_::getDescriptor(USBSetup&)
 .text._ZN13PluggableUSB_12getShortNameEPc
                0x0008181c       0x1c C:\Users\mthom\AppData\Local\Temp\VMBuilds\MMSynthDue_v1_0\arduino_due_x_dbg\Debug/core.a(PluggableUSB.cpp.o)
                0x0008181c                PluggableUSB_::getShortName(char*)
 .text._ZN13PluggableUSB_5setupER8USBSetup
                0x00081838       0x20 C:\Users\mthom\AppData\Local\Temp\VMBuilds\MMSynthDue_v1_0\arduino_due_x_dbg\Debug/core.a(PluggableUSB.cpp.o)
                0x00081838                PluggableUSB_::setup(USBSetup&)
 .text._Z12PluggableUSBv
                0x00081858       0x28 C:\Users\mthom\AppData\Local\Temp\VMBuilds\MMSynthDue_v1_0\arduino_due_x_dbg\Debug/core.a(PluggableUSB.cpp.o)
                0x00081858                PluggableUSB()
 .text.TimeTick_Increment
                0x00081880       0x10 C:\Users\mthom\AppData\Local\arduino15\packages\arduino\hardware\sam\1.6.11\variants\arduino_due_x/libsam_sam3x8e_gcc_rel.a(timetick.o)
                0x00081880                TimeTick_Increment
 .text.GetTickCount
                0x00081890        0xc C:\Users\mthom\AppData\Local\arduino15\packages\arduino\hardware\sam\1.6.11\variants\arduino_due_x/libsam_sam3x8e_gcc_rel.a(timetick.o)
                0x00081890                GetTickCount
 .text.WDT_Disable
                0x0008189c        0x8 C:\Users\mthom\AppData\Local\arduino15\packages\arduino\hardware\sam\1.6.11\variants\arduino_due_x/libsam_sam3x8e_gcc_rel.a(wdt.o)
                0x0008189c                WDT_Disable
 .text.UDD_SetStack
                0x000818a4        0xc C:\Users\mthom\AppData\Local\arduino15\packages\arduino\hardware\sam\1.6.11\variants\arduino_due_x/libsam_sam3x8e_gcc_rel.a(uotghs_device.o)
                0x000818a4                UDD_SetStack
 .text.UDD_Init
                0x000818b0       0xd0 C:\Users\mthom\AppData\Local\arduino15\packages\arduino\hardware\sam\1.6.11\variants\arduino_due_x/libsam_sam3x8e_gcc_rel.a(uotghs_device.o)
                0x000818b0                UDD_Init
 .text.UDD_Attach
                0x00081980       0x50 C:\Users\mthom\AppData\Local\arduino15\packages\arduino\hardware\sam\1.6.11\variants\arduino_due_x/libsam_sam3x8e_gcc_rel.a(uotghs_device.o)
                0x00081980                UDD_Attach
 .text.UDD_InitEP
                0x000819d0       0x2c C:\Users\mthom\AppData\Local\arduino15\packages\arduino\hardware\sam\1.6.11\variants\arduino_due_x/libsam_sam3x8e_gcc_rel.a(uotghs_device.o)
                0x000819d0                UDD_InitEP
 .text.UDD_InitEndpoints
                0x000819fc       0x3c C:\Users\mthom\AppData\Local\arduino15\packages\arduino\hardware\sam\1.6.11\variants\arduino_due_x/libsam_sam3x8e_gcc_rel.a(uotghs_device.o)
                0x000819fc                UDD_InitEndpoints
 .text.UDD_WaitIN
                0x00081a38       0x10 C:\Users\mthom\AppData\Local\arduino15\packages\arduino\hardware\sam\1.6.11\variants\arduino_due_x/libsam_sam3x8e_gcc_rel.a(uotghs_device.o)
                0x00081a38                UDD_WaitIN
 .text.UDD_WaitOUT
                0x00081a48       0x10 C:\Users\mthom\AppData\Local\arduino15\packages\arduino\hardware\sam\1.6.11\variants\arduino_due_x/libsam_sam3x8e_gcc_rel.a(uotghs_device.o)
                0x00081a48                UDD_WaitOUT
 .text.UDD_ClearIN
                0x00081a58       0x18 C:\Users\mthom\AppData\Local\arduino15\packages\arduino\hardware\sam\1.6.11\variants\arduino_due_x/libsam_sam3x8e_gcc_rel.a(uotghs_device.o)
                0x00081a58                UDD_ClearIN
 .text.UDD_ClearOUT
                0x00081a70       0x18 C:\Users\mthom\AppData\Local\arduino15\packages\arduino\hardware\sam\1.6.11\variants\arduino_due_x/libsam_sam3x8e_gcc_rel.a(uotghs_device.o)
                0x00081a70                UDD_ClearOUT
 .text.UDD_ReceivedSetupInt
                0x00081a88       0x10 C:\Users\mthom\AppData\Local\arduino15\packages\arduino\hardware\sam\1.6.11\variants\arduino_due_x/libsam_sam3x8e_gcc_rel.a(uotghs_device.o)
                0x00081a88                UDD_ReceivedSetupInt
 .text.UDD_ClearSetupInt
                0x00081a98       0x10 C:\Users\mthom\AppData\Local\arduino15\packages\arduino\hardware\sam\1.6.11\variants\arduino_due_x/libsam_sam3x8e_gcc_rel.a(uotghs_device.o)
                0x00081a98                UDD_ClearSetupInt
 .text.UDD_Send
                0x00081aa8       0x88 C:\Users\mthom\AppData\Local\arduino15\packages\arduino\hardware\sam\1.6.11\variants\arduino_due_x/libsam_sam3x8e_gcc_rel.a(uotghs_device.o)
                0x00081aa8                UDD_Send
 .text.UDD_Send8
                0x00081b30       0x24 C:\Users\mthom\AppData\Local\arduino15\packages\arduino\hardware\sam\1.6.11\variants\arduino_due_x/libsam_sam3x8e_gcc_rel.a(uotghs_device.o)
                0x00081b30                UDD_Send8
 .text.UDD_Recv8
                0x00081b54       0x28 C:\Users\mthom\AppData\Local\arduino15\packages\arduino\hardware\sam\1.6.11\variants\arduino_due_x/libsam_sam3x8e_gcc_rel.a(uotghs_device.o)
                0x00081b54                UDD_Recv8
 .text.UDD_Recv
                0x00081b7c       0x34 C:\Users\mthom\AppData\Local\arduino15\packages\arduino\hardware\sam\1.6.11\variants\arduino_due_x/libsam_sam3x8e_gcc_rel.a(uotghs_device.o)
                0x00081b7c                UDD_Recv
 .text.UDD_Stall
                0x00081bb0       0x14 C:\Users\mthom\AppData\Local\arduino15\packages\arduino\hardware\sam\1.6.11\variants\arduino_due_x/libsam_sam3x8e_gcc_rel.a(uotghs_device.o)
                0x00081bb0                UDD_Stall
 .text.UDD_FifoByteCount
                0x00081bc4       0x14 C:\Users\mthom\AppData\Local\arduino15\packages\arduino\hardware\sam\1.6.11\variants\arduino_due_x/libsam_sam3x8e_gcc_rel.a(uotghs_device.o)
                0x00081bc4                UDD_FifoByteCount
 .text.UDD_ReleaseRX
                0x00081bd8       0x28 C:\Users\mthom\AppData\Local\arduino15\packages\arduino\hardware\sam\1.6.11\variants\arduino_due_x/libsam_sam3x8e_gcc_rel.a(uotghs_device.o)
                0x00081bd8                UDD_ReleaseRX
 .text.UDD_ReleaseTX
                0x00081c00       0x28 C:\Users\mthom\AppData\Local\arduino15\packages\arduino\hardware\sam\1.6.11\variants\arduino_due_x/libsam_sam3x8e_gcc_rel.a(uotghs_device.o)
                0x00081c00                UDD_ReleaseTX
 .text.UDD_SetAddress
                0x00081c28       0x20 C:\Users\mthom\AppData\Local\arduino15\packages\arduino\hardware\sam\1.6.11\variants\arduino_due_x/libsam_sam3x8e_gcc_rel.a(uotghs_device.o)
                0x00081c28                UDD_SetAddress
 .text.__libc_init_array
                0x00081c48       0x50 c:/users/mthom/appdata/local/arduino15/packages/arduino/tools/arm-none-eabi-gcc/4.8.3-2014q1/bin/../lib/gcc/arm-none-eabi/4.8.3/../../../../arm-none-eabi/lib/armv7-m\libg.a(lib_a-init.o)
                0x00081c48                __libc_init_array
 .text.iprintf  0x00081c98       0x28 c:/users/mthom/appdata/local/arduino15/packages/arduino/tools/arm-none-eabi-gcc/4.8.3-2014q1/bin/../lib/gcc/arm-none-eabi/4.8.3/../../../../arm-none-eabi/lib/armv7-m\libg.a(lib_a-iprintf.o)
                0x00081c98                iprintf
 .text.memset   0x00081cc0       0x94 c:/users/mthom/appdata/local/arduino15/packages/arduino/tools/arm-none-eabi-gcc/4.8.3-2014q1/bin/../lib/gcc/arm-none-eabi/4.8.3/../../../../arm-none-eabi/lib/armv7-m\libg.a(lib_a-memset.o)
                0x00081cc0                memset
 .text.strlen   0x00081d54       0x60 c:/users/mthom/appdata/local/arduino15/packages/arduino/tools/arm-none-eabi-gcc/4.8.3-2014q1/bin/../lib/gcc/arm-none-eabi/4.8.3/../../../../arm-none-eabi/lib/armv7-m\libg.a(lib_a-strlen.o)
                0x00081d54                strlen
 .text.kill     0x00081db4       0x10 c:/users/mthom/appdata/local/arduino15/packages/arduino/tools/arm-none-eabi-gcc/4.8.3-2014q1/bin/../lib/gcc/arm-none-eabi/4.8.3/../../../../arm-none-eabi/lib/armv7-m\libg.a(lib_a-syskill.o)
                0x00081db4                kill
 .text.__sprint_r.part.0
                0x00081dc4       0x78 c:/users/mthom/appdata/local/arduino15/packages/arduino/tools/arm-none-eabi-gcc/4.8.3-2014q1/bin/../lib/gcc/arm-none-eabi/4.8.3/../../../../arm-none-eabi/lib/armv7-m\libg.a(lib_a-vfiprintf.o)
 .text._vfiprintf_r
                0x00081e3c      0xc54 c:/users/mthom/appdata/local/arduino15/packages/arduino/tools/arm-none-eabi-gcc/4.8.3-2014q1/bin/../lib/gcc/arm-none-eabi/4.8.3/../../../../arm-none-eabi/lib/armv7-m\libg.a(lib_a-vfiprintf.o)
                0x00081e3c                _vfiprintf_r
 .text.__sbprintf
                0x00082a90       0x7c c:/users/mthom/appdata/local/arduino15/packages/arduino/tools/arm-none-eabi-gcc/4.8.3-2014q1/bin/../lib/gcc/arm-none-eabi/4.8.3/../../../../arm-none-eabi/lib/armv7-m\libg.a(lib_a-vfiprintf.o)
 .text.__swsetup_r
                0x00082b0c       0xc4 c:/users/mthom/appdata/local/arduino15/packages/arduino/tools/arm-none-eabi-gcc/4.8.3-2014q1/bin/../lib/gcc/arm-none-eabi/4.8.3/../../../../arm-none-eabi/lib/armv7-m\libg.a(lib_a-wsetup.o)
                0x00082b0c                __swsetup_r
 .text.startup.register_fini
                0x00082bd0       0x14 c:/users/mthom/appdata/local/arduino15/packages/arduino/tools/arm-none-eabi-gcc/4.8.3-2014q1/bin/../lib/gcc/arm-none-eabi/4.8.3/../../../../arm-none-eabi/lib/armv7-m\libg.a(lib_a-__call_atexit.o)
 .text.atexit   0x00082be4        0xc c:/users/mthom/appdata/local/arduino15/packages/arduino/tools/arm-none-eabi-gcc/4.8.3-2014q1/bin/../lib/gcc/arm-none-eabi/4.8.3/../../../../arm-none-eabi/lib/armv7-m\libg.a(lib_a-atexit.o)
                0x00082be4                atexit
 .text.__sflush_r
                0x00082bf0      0x148 c:/users/mthom/appdata/local/arduino15/packages/arduino/tools/arm-none-eabi-gcc/4.8.3-2014q1/bin/../lib/gcc/arm-none-eabi/4.8.3/../../../../arm-none-eabi/lib/armv7-m\libg.a(lib_a-fflush.o)
                0x00082bf0                __sflush_r
 .text._fflush_r
                0x00082d38       0x2c c:/users/mthom/appdata/local/arduino15/packages/arduino/tools/arm-none-eabi-gcc/4.8.3-2014q1/bin/../lib/gcc/arm-none-eabi/4.8.3/../../../../arm-none-eabi/lib/armv7-m\libg.a(lib_a-fflush.o)
                0x00082d38                _fflush_r
 .text._cleanup_r
                0x00082d64        0xc c:/users/mthom/appdata/local/arduino15/packages/arduino/tools/arm-none-eabi-gcc/4.8.3-2014q1/bin/../lib/gcc/arm-none-eabi/4.8.3/../../../../arm-none-eabi/lib/armv7-m\libg.a(lib_a-findfp.o)
                0x00082d64                _cleanup_r
 .text.__sinit  0x00082d70       0xf4 c:/users/mthom/appdata/local/arduino15/packages/arduino/tools/arm-none-eabi-gcc/4.8.3-2014q1/bin/../lib/gcc/arm-none-eabi/4.8.3/../../../../arm-none-eabi/lib/armv7-m\libg.a(lib_a-findfp.o)
                0x00082d70                __sinit
 .text.__sfp_lock_acquire
                0x00082e64        0x4 c:/users/mthom/appdata/local/arduino15/packages/arduino/tools/arm-none-eabi-gcc/4.8.3-2014q1/bin/../lib/gcc/arm-none-eabi/4.8.3/../../../../arm-none-eabi/lib/armv7-m\libg.a(lib_a-findfp.o)
                0x00082e64                __sfp_lock_acquire
 .text.__sfp_lock_release
                0x00082e68        0x4 c:/users/mthom/appdata/local/arduino15/packages/arduino/tools/arm-none-eabi-gcc/4.8.3-2014q1/bin/../lib/gcc/arm-none-eabi/4.8.3/../../../../arm-none-eabi/lib/armv7-m\libg.a(lib_a-findfp.o)
                0x00082e68                __sfp_lock_release
 .text.__libc_fini_array
                0x00082e6c       0x30 c:/users/mthom/appdata/local/arduino15/packages/arduino/tools/arm-none-eabi-gcc/4.8.3-2014q1/bin/../lib/gcc/arm-none-eabi/4.8.3/../../../../arm-none-eabi/lib/armv7-m\libg.a(lib_a-fini.o)
                0x00082e6c                __libc_fini_array
 .text._fputwc_r
                0x00082e9c       0xc0 c:/users/mthom/appdata/local/arduino15/packages/arduino/tools/arm-none-eabi-gcc/4.8.3-2014q1/bin/../lib/gcc/arm-none-eabi/4.8.3/../../../../arm-none-eabi/lib/armv7-m\libg.a(lib_a-fputwc.o)
                0x00082e9c                _fputwc_r
 .text._malloc_trim_r
                0x00082f5c       0x9c c:/users/mthom/appdata/local/arduino15/packages/arduino/tools/arm-none-eabi-gcc/4.8.3-2014q1/bin/../lib/gcc/arm-none-eabi/4.8.3/../../../../arm-none-eabi/lib/armv7-m\libg.a(lib_a-freer.o)
                0x00082f5c                _malloc_trim_r
 .text._free_r  0x00082ff8      0x198 c:/users/mthom/appdata/local/arduino15/packages/arduino/tools/arm-none-eabi-gcc/4.8.3-2014q1/bin/../lib/gcc/arm-none-eabi/4.8.3/../../../../arm-none-eabi/lib/armv7-m\libg.a(lib_a-freer.o)
                0x00082ff8                _free_r
 .text.__sfvwrite_r
                0x00083190      0x314 c:/users/mthom/appdata/local/arduino15/packages/arduino/tools/arm-none-eabi-gcc/4.8.3-2014q1/bin/../lib/gcc/arm-none-eabi/4.8.3/../../../../arm-none-eabi/lib/armv7-m\libg.a(lib_a-fvwrite.o)
                0x00083190                __sfvwrite_r
 .text._fwalk   0x000834a4       0x48 c:/users/mthom/appdata/local/arduino15/packages/arduino/tools/arm-none-eabi-gcc/4.8.3-2014q1/bin/../lib/gcc/arm-none-eabi/4.8.3/../../../../arm-none-eabi/lib/armv7-m\libg.a(lib_a-fwalk.o)
                0x000834a4                _fwalk
 .text.__locale_charset
                0x000834ec        0x8 c:/users/mthom/appdata/local/arduino15/packages/arduino/tools/arm-none-eabi-gcc/4.8.3-2014q1/bin/../lib/gcc/arm-none-eabi/4.8.3/../../../../arm-none-eabi/lib/armv7-m\libg.a(lib_a-locale.o)
                0x000834ec                __locale_charset
 .text.__locale_mb_cur_max
                0x000834f4        0xc c:/users/mthom/appdata/local/arduino15/packages/arduino/tools/arm-none-eabi-gcc/4.8.3-2014q1/bin/../lib/gcc/arm-none-eabi/4.8.3/../../../../arm-none-eabi/lib/armv7-m\libg.a(lib_a-locale.o)
                0x000834f4                __locale_mb_cur_max
 .text.__smakebuf_r
                0x00083500       0xe0 c:/users/mthom/appdata/local/arduino15/packages/arduino/tools/arm-none-eabi-gcc/4.8.3-2014q1/bin/../lib/gcc/arm-none-eabi/4.8.3/../../../../arm-none-eabi/lib/armv7-m\libg.a(lib_a-makebuf.o)
                0x00083500                __smakebuf_r
 .text._malloc_r
                0x000835e0      0x538 c:/users/mthom/appdata/local/arduino15/packages/arduino/tools/arm-none-eabi-gcc/4.8.3-2014q1/bin/../lib/gcc/arm-none-eabi/4.8.3/../../../../arm-none-eabi/lib/armv7-m\libg.a(lib_a-mallocr.o)
                0x000835e0                _malloc_r
 .text.memchr   0x00083b18       0x94 c:/users/mthom/appdata/local/arduino15/packages/arduino/tools/arm-none-eabi-gcc/4.8.3-2014q1/bin/../lib/gcc/arm-none-eabi/4.8.3/../../../../arm-none-eabi/lib/armv7-m\libg.a(lib_a-memchr-stub.o)
                0x00083b18                memchr
 .text          0x00083bac       0xec c:/users/mthom/appdata/local/arduino15/packages/arduino/tools/arm-none-eabi-gcc/4.8.3-2014q1/bin/../lib/gcc/arm-none-eabi/4.8.3/../../../../arm-none-eabi/lib/armv7-m\libg.a(lib_a-memcpy.o)
                0x00083bac                memcpy
 .text.memmove  0x00083c98       0xcc c:/users/mthom/appdata/local/arduino15/packages/arduino/tools/arm-none-eabi-gcc/4.8.3-2014q1/bin/../lib/gcc/arm-none-eabi/4.8.3/../../../../arm-none-eabi/lib/armv7-m\libg.a(lib_a-memmove.o)
                0x00083c98                memmove
 .text.__malloc_lock
                0x00083d64        0x4 c:/users/mthom/appdata/local/arduino15/packages/arduino/tools/arm-none-eabi-gcc/4.8.3-2014q1/bin/../lib/gcc/arm-none-eabi/4.8.3/../../../../arm-none-eabi/lib/armv7-m\libg.a(lib_a-mlock.o)
                0x00083d64                __malloc_lock
 .text.__malloc_unlock
                0x00083d68        0x4 c:/users/mthom/appdata/local/arduino15/packages/arduino/tools/arm-none-eabi-gcc/4.8.3-2014q1/bin/../lib/gcc/arm-none-eabi/4.8.3/../../../../arm-none-eabi/lib/armv7-m\libg.a(lib_a-mlock.o)
                0x00083d68                __malloc_unlock
 .text._realloc_r
                0x00083d6c      0x3c0 c:/users/mthom/appdata/local/arduino15/packages/arduino/tools/arm-none-eabi-gcc/4.8.3-2014q1/bin/../lib/gcc/arm-none-eabi/4.8.3/../../../../arm-none-eabi/lib/armv7-m\libg.a(lib_a-reallocr.o)
                0x00083d6c                _realloc_r
 .text._sbrk_r  0x0008412c       0x24 c:/users/mthom/appdata/local/arduino15/packages/arduino/tools/arm-none-eabi-gcc/4.8.3-2014q1/bin/../lib/gcc/arm-none-eabi/4.8.3/../../../../arm-none-eabi/lib/armv7-m\libg.a(lib_a-sbrkr.o)
                0x0008412c                _sbrk_r
 .text._kill_r  0x00084150       0x28 c:/users/mthom/appdata/local/arduino15/packages/arduino/tools/arm-none-eabi-gcc/4.8.3-2014q1/bin/../lib/gcc/arm-none-eabi/4.8.3/../../../../arm-none-eabi/lib/armv7-m\libg.a(lib_a-signalr.o)
                0x00084150                _kill_r
 .text.__sread  0x00084178       0x24 c:/users/mthom/appdata/local/arduino15/packages/arduino/tools/arm-none-eabi-gcc/4.8.3-2014q1/bin/../lib/gcc/arm-none-eabi/4.8.3/../../../../arm-none-eabi/lib/armv7-m\libg.a(lib_a-stdio.o)
                0x00084178                __sread
 .text.__swrite
                0x0008419c       0x38 c:/users/mthom/appdata/local/arduino15/packages/arduino/tools/arm-none-eabi-gcc/4.8.3-2014q1/bin/../lib/gcc/arm-none-eabi/4.8.3/../../../../arm-none-eabi/lib/armv7-m\libg.a(lib_a-stdio.o)
                0x0008419c                __swrite
 .text.__sseek  0x000841d4       0x20 c:/users/mthom/appdata/local/arduino15/packages/arduino/tools/arm-none-eabi-gcc/4.8.3-2014q1/bin/../lib/gcc/arm-none-eabi/4.8.3/../../../../arm-none-eabi/lib/armv7-m\libg.a(lib_a-stdio.o)
                0x000841d4                __sseek
 .text.__sclose
                0x000841f4        0x8 c:/users/mthom/appdata/local/arduino15/packages/arduino/tools/arm-none-eabi-gcc/4.8.3-2014q1/bin/../lib/gcc/arm-none-eabi/4.8.3/../../../../arm-none-eabi/lib/armv7-m\libg.a(lib_a-stdio.o)
                0x000841f4                __sclose
 .text.__swbuf_r
                0x000841fc       0xa8 c:/users/mthom/appdata/local/arduino15/packages/arduino/tools/arm-none-eabi-gcc/4.8.3-2014q1/bin/../lib/gcc/arm-none-eabi/4.8.3/../../../../arm-none-eabi/lib/armv7-m\libg.a(lib_a-wbuf.o)
                0x000841fc                __swbuf_r
 .text._wcrtomb_r
                0x000842a4       0x50 c:/users/mthom/appdata/local/arduino15/packages/arduino/tools/arm-none-eabi-gcc/4.8.3-2014q1/bin/../lib/gcc/arm-none-eabi/4.8.3/../../../../arm-none-eabi/lib/armv7-m\libg.a(lib_a-wcrtomb.o)
                0x000842a4                _wcrtomb_r
 .text.__ascii_wctomb
                0x000842f4       0x1c c:/users/mthom/appdata/local/arduino15/packages/arduino/tools/arm-none-eabi-gcc/4.8.3-2014q1/bin/../lib/gcc/arm-none-eabi/4.8.3/../../../../arm-none-eabi/lib/armv7-m\libg.a(lib_a-wctomb_r.o)
                0x000842f4                __ascii_wctomb
 .text._write_r
                0x00084310       0x28 c:/users/mthom/appdata/local/arduino15/packages/arduino/tools/arm-none-eabi-gcc/4.8.3-2014q1/bin/../lib/gcc/arm-none-eabi/4.8.3/../../../../arm-none-eabi/lib/armv7-m\libg.a(lib_a-writer.o)
                0x00084310                _write_r
 .text.__register_exitproc
                0x00084338       0xa8 c:/users/mthom/appdata/local/arduino15/packages/arduino/tools/arm-none-eabi-gcc/4.8.3-2014q1/bin/../lib/gcc/arm-none-eabi/4.8.3/../../../../arm-none-eabi/lib/armv7-m\libg.a(lib_a-__atexit.o)
                0x00084338                __register_exitproc
 .text._close_r
                0x000843e0       0x24 c:/users/mthom/appdata/local/arduino15/packages/arduino/tools/arm-none-eabi-gcc/4.8.3-2014q1/bin/../lib/gcc/arm-none-eabi/4.8.3/../../../../arm-none-eabi/lib/armv7-m\libg.a(lib_a-closer.o)
                0x000843e0                _close_r
 .text._fclose_r
                0x00084404       0x80 c:/users/mthom/appdata/local/arduino15/packages/arduino/tools/arm-none-eabi-gcc/4.8.3-2014q1/bin/../lib/gcc/arm-none-eabi/4.8.3/../../../../arm-none-eabi/lib/armv7-m\libg.a(lib_a-fclose.o)
                0x00084404                _fclose_r
 .text.fclose   0x00084484       0x10 c:/users/mthom/appdata/local/arduino15/packages/arduino/tools/arm-none-eabi-gcc/4.8.3-2014q1/bin/../lib/gcc/arm-none-eabi/4.8.3/../../../../arm-none-eabi/lib/armv7-m\libg.a(lib_a-fclose.o)
                0x00084484                fclose
 .text._fstat_r
                0x00084494       0x28 c:/users/mthom/appdata/local/arduino15/packages/arduino/tools/arm-none-eabi-gcc/4.8.3-2014q1/bin/../lib/gcc/arm-none-eabi/4.8.3/../../../../arm-none-eabi/lib/armv7-m\libg.a(lib_a-fstatr.o)
                0x00084494                _fstat_r
 .text._isatty_r
                0x000844bc       0x24 c:/users/mthom/appdata/local/arduino15/packages/arduino/tools/arm-none-eabi-gcc/4.8.3-2014q1/bin/../lib/gcc/arm-none-eabi/4.8.3/../../../../arm-none-eabi/lib/armv7-m\libg.a(lib_a-isattyr.o)
                0x000844bc                _isatty_r
 .text._lseek_r
                0x000844e0       0x28 c:/users/mthom/appdata/local/arduino15/packages/arduino/tools/arm-none-eabi-gcc/4.8.3-2014q1/bin/../lib/gcc/arm-none-eabi/4.8.3/../../../../arm-none-eabi/lib/armv7-m\libg.a(lib_a-lseekr.o)
                0x000844e0                _lseek_r
 .text._read_r  0x00084508       0x28 c:/users/mthom/appdata/local/arduino15/packages/arduino/tools/arm-none-eabi-gcc/4.8.3-2014q1/bin/../lib/gcc/arm-none-eabi/4.8.3/../../../../arm-none-eabi/lib/armv7-m\libg.a(lib_a-readr.o)
                0x00084508                _read_r
 .text          0x00084530       0x2c c:/users/mthom/appdata/local/arduino15/packages/arduino/tools/arm-none-eabi-gcc/4.8.3-2014q1/bin/../lib/gcc/arm-none-eabi/4.8.3/armv7-m\libgcc.a(_aeabi_uldivmod.o)
                0x00084530                __aeabi_uldivmod
 .text          0x0008455c       0x60 c:/users/mthom/appdata/local/arduino15/packages/arduino/tools/arm-none-eabi-gcc/4.8.3-2014q1/bin/../lib/gcc/arm-none-eabi/4.8.3/armv7-m\libgcc.a(bpabi.o)
                0x0008455c                __gnu_ldivmod_helper
                0x0008458c                __gnu_uldivmod_helper
 .text          0x000845bc        0x4 c:/users/mthom/appdata/local/arduino15/packages/arduino/tools/arm-none-eabi-gcc/4.8.3-2014q1/bin/../lib/gcc/arm-none-eabi/4.8.3/armv7-m\libgcc.a(_dvmd_tls.o)
                0x000845bc                __aeabi_idiv0
                0x000845bc                __aeabi_ldiv0
 .text          0x000845c0      0x2a0 c:/users/mthom/appdata/local/arduino15/packages/arduino/tools/arm-none-eabi-gcc/4.8.3-2014q1/bin/../lib/gcc/arm-none-eabi/4.8.3/armv7-m\libgcc.a(_divdi3.o)
                0x000845c0                __divdi3
 .text          0x00084860      0x290 c:/users/mthom/appdata/local/arduino15/packages/arduino/tools/arm-none-eabi-gcc/4.8.3-2014q1/bin/../lib/gcc/arm-none-eabi/4.8.3/armv7-m\libgcc.a(_udivdi3.o)
                0x00084860                __udivdi3
 *(.glue_7t)
 .glue_7t       0x00000000        0x0 linker stubs
 *(.glue_7)
 .glue_7        0x00000000        0x0 linker stubs
 *(.rodata .rodata* .gnu.linkonce.r.*)
 .rodata.str1.1
                0x00084af0       0x12 C:\Users\mthom\AppData\Local\Temp\VMBuilds\MMSynthDue_v1_0\arduino_due_x_dbg\Debug\MMSynthDue_v1_0.cpp.o
 .rodata.str1.1
                0x00084b02       0x6a C:\Users\mthom\AppData\Local\Temp\VMBuilds\MMSynthDue_v1_0\arduino_due_x_dbg\Debug\VM_DBG\VM_DBG.cpp.o
                                 0x6c (size before relaxing)
 .rodata.g_APinDescription
                0x00084b6c      0xa2c C:\Users\mthom\AppData\Local\Temp\VMBCore\arduino16x\ebb6af7a01883608e9c4da35375c0bfe\variant\variant.cpp.o
                0x00084b6c                g_APinDescription
 .rodata        0x00085598       0x40 C:\Users\mthom\AppData\Local\arduino15\packages\arduino\hardware\sam\1.6.11\variants\arduino_due_x/libsam_sam3x8e_gcc_rel.a(adc.o)
 .rodata.str1.1
                0x000855d8       0x19 C:\Users\mthom\AppData\Local\Temp\VMBuilds\MMSynthDue_v1_0\arduino_due_x_dbg\Debug/core.a(syscalls_sam3.c.o)
 *fill*         0x000855f1        0x7 
 .rodata._ZTV9UARTClass
                0x000855f8       0x30 C:\Users\mthom\AppData\Local\Temp\VMBuilds\MMSynthDue_v1_0\arduino_due_x_dbg\Debug/core.a(UARTClass.cpp.o)
                0x000855f8                vtable for UARTClass
 .rodata._ZTV10USARTClass
                0x00085628       0x30 C:\Users\mthom\AppData\Local\Temp\VMBuilds\MMSynthDue_v1_0\arduino_due_x_dbg\Debug/core.a(USARTClass.cpp.o)
                0x00085628                vtable for USARTClass
 .rodata.STRING_PRODUCT
                0x00085658        0xc C:\Users\mthom\AppData\Local\Temp\VMBuilds\MMSynthDue_v1_0\arduino_due_x_dbg\Debug/core.a(USBCore.cpp.o)
                0x00085658                STRING_PRODUCT
 .rodata.USB_DeviceDescriptor
                0x00085664       0x12 C:\Users\mthom\AppData\Local\Temp\VMBuilds\MMSynthDue_v1_0\arduino_due_x_dbg\Debug/core.a(USBCore.cpp.o)
                0x00085664                USB_DeviceDescriptor
 .rodata.STRING_LANGUAGE
                0x00085676        0x4 C:\Users\mthom\AppData\Local\Temp\VMBuilds\MMSynthDue_v1_0\arduino_due_x_dbg\Debug/core.a(USBCore.cpp.o)
                0x00085676                STRING_LANGUAGE
 .rodata._ZL18test_packet_buffer
                0x0008567a       0x35 C:\Users\mthom\AppData\Local\Temp\VMBuilds\MMSynthDue_v1_0\arduino_due_x_dbg\Debug/core.a(USBCore.cpp.o)
 .rodata.STRING_MANUFACTURER
                0x000856af        0xc C:\Users\mthom\AppData\Local\Temp\VMBuilds\MMSynthDue_v1_0\arduino_due_x_dbg\Debug/core.a(USBCore.cpp.o)
                0x000856af                STRING_MANUFACTURER
 .rodata.USB_DeviceDescriptorA
                0x000856bb       0x12 C:\Users\mthom\AppData\Local\Temp\VMBuilds\MMSynthDue_v1_0\arduino_due_x_dbg\Debug/core.a(USBCore.cpp.o)
                0x000856bb                USB_DeviceDescriptorA
 .rodata._ZL19USB_DeviceQualifier
                0x000856cd        0x9 C:\Users\mthom\AppData\Local\Temp\VMBuilds\MMSynthDue_v1_0\arduino_due_x_dbg\Debug/core.a(USBCore.cpp.o)
 *fill*         0x000856d6        0x2 
 .rodata._ZTV7Serial_
                0x000856d8       0x28 C:\Users\mthom\AppData\Local\Temp\VMBuilds\MMSynthDue_v1_0\arduino_due_x_dbg\Debug/core.a(CDC.cpp.o)
                0x000856d8                vtable for Serial_
 .rodata._ZL18_cdcOtherInterface
                0x00085700       0x42 C:\Users\mthom\AppData\Local\Temp\VMBuilds\MMSynthDue_v1_0\arduino_due_x_dbg\Debug/core.a(CDC.cpp.o)
 .rodata._ZL13_cdcInterface
                0x00085742       0x42 C:\Users\mthom\AppData\Local\Temp\VMBuilds\MMSynthDue_v1_0\arduino_due_x_dbg\Debug/core.a(CDC.cpp.o)
 .rodata.str1.4
                0x00085784        0x2 c:/users/mthom/appdata/local/arduino15/packages/arduino/tools/arm-none-eabi-gcc/4.8.3-2014q1/bin/../lib/gcc/arm-none-eabi/4.8.3/../../../../arm-none-eabi/lib/armv7-m\libg.a(lib_a-impure.o)
                                  0x4 (size before relaxing)
 *fill*         0x00085786        0x2 
 .rodata._global_impure_ptr
                0x00085788        0x4 c:/users/mthom/appdata/local/arduino15/packages/arduino/tools/arm-none-eabi-gcc/4.8.3-2014q1/bin/../lib/gcc/arm-none-eabi/4.8.3/../../../../arm-none-eabi/lib/armv7-m\libg.a(lib_a-impure.o)
                0x00085788                _global_impure_ptr
 .rodata.blanks.6717
                0x0008578c       0x10 c:/users/mthom/appdata/local/arduino15/packages/arduino/tools/arm-none-eabi-gcc/4.8.3-2014q1/bin/../lib/gcc/arm-none-eabi/4.8.3/../../../../arm-none-eabi/lib/armv7-m\libg.a(lib_a-vfiprintf.o)
 .rodata.str1.4
                0x0008579c       0x30 c:/users/mthom/appdata/local/arduino15/packages/arduino/tools/arm-none-eabi-gcc/4.8.3-2014q1/bin/../lib/gcc/arm-none-eabi/4.8.3/../../../../arm-none-eabi/lib/armv7-m\libg.a(lib_a-vfiprintf.o)
 .rodata.zeroes.6718
                0x000857cc       0x10 c:/users/mthom/appdata/local/arduino15/packages/arduino/tools/arm-none-eabi-gcc/4.8.3-2014q1/bin/../lib/gcc/arm-none-eabi/4.8.3/../../../../arm-none-eabi/lib/armv7-m\libg.a(lib_a-vfiprintf.o)
 *(.ARM.extab* .gnu.linkonce.armextab.*)
                0x000857dc                . = ALIGN (0x4)
 *(.init)
 .init          0x000857dc        0x4 c:/users/mthom/appdata/local/arduino15/packages/arduino/tools/arm-none-eabi-gcc/4.8.3-2014q1/bin/../lib/gcc/arm-none-eabi/4.8.3/armv7-m/crti.o
                0x000857dc                _init
 .init          0x000857e0        0x8 c:/users/mthom/appdata/local/arduino15/packages/arduino/tools/arm-none-eabi-gcc/4.8.3-2014q1/bin/../lib/gcc/arm-none-eabi/4.8.3/armv7-m/crtn.o
                0x000857e8                . = ALIGN (0x4)
                0x000857e8                __preinit_array_start = .
 *(.preinit_array)
                0x000857e8                __preinit_array_end = .
                0x000857e8                . = ALIGN (0x4)
                0x000857e8                __init_array_start = .
 *(SORT(.init_array.*))
 .init_array.00000
                0x000857e8        0x4 c:/users/mthom/appdata/local/arduino15/packages/arduino/tools/arm-none-eabi-gcc/4.8.3-2014q1/bin/../lib/gcc/arm-none-eabi/4.8.3/../../../../arm-none-eabi/lib/armv7-m\libg.a(lib_a-__call_atexit.o)
 *(.init_array)
 .init_array    0x000857ec        0x4 c:/users/mthom/appdata/local/arduino15/packages/arduino/tools/arm-none-eabi-gcc/4.8.3-2014q1/bin/../lib/gcc/arm-none-eabi/4.8.3/armv7-m/crtbegin.o
 .init_array    0x000857f0        0x4 C:\Users\mthom\AppData\Local\Temp\VMBuilds\MMSynthDue_v1_0\arduino_due_x_dbg\Debug\VM_DBG\VM_DBG.cpp.o
 .init_array    0x000857f4        0x4 C:\Users\mthom\AppData\Local\Temp\VMBCore\arduino16x\ebb6af7a01883608e9c4da35375c0bfe\variant\variant.cpp.o
 .init_array    0x000857f8        0x4 C:\Users\mthom\AppData\Local\Temp\VMBuilds\MMSynthDue_v1_0\arduino_due_x_dbg\Debug/core.a(USBCore.cpp.o)
 .init_array    0x000857fc        0x4 C:\Users\mthom\AppData\Local\Temp\VMBuilds\MMSynthDue_v1_0\arduino_due_x_dbg\Debug/core.a(CDC.cpp.o)
                0x00085800                __init_array_end = .
                0x00085800                . = ALIGN (0x4)
 *crtbegin.o(.ctors)
 *(EXCLUDE_FILE(*crtend.o) .ctors)
 *(SORT(.ctors.*))
 *crtend.o(.ctors)
                0x00085800                . = ALIGN (0x4)
 *(.fini)
 .fini          0x00085800        0x4 c:/users/mthom/appdata/local/arduino15/packages/arduino/tools/arm-none-eabi-gcc/4.8.3-2014q1/bin/../lib/gcc/arm-none-eabi/4.8.3/armv7-m/crti.o
                0x00085800                _fini
 .fini          0x00085804        0x8 c:/users/mthom/appdata/local/arduino15/packages/arduino/tools/arm-none-eabi-gcc/4.8.3-2014q1/bin/../lib/gcc/arm-none-eabi/4.8.3/armv7-m/crtn.o
                0x0008580c                . = ALIGN (0x4)
                0x0008580c                __fini_array_start = .
 *(.fini_array)
 .fini_array    0x0008580c        0x4 c:/users/mthom/appdata/local/arduino15/packages/arduino/tools/arm-none-eabi-gcc/4.8.3-2014q1/bin/../lib/gcc/arm-none-eabi/4.8.3/armv7-m/crtbegin.o
 *(SORT(.fini_array.*))
                0x00085810                __fini_array_end = .
 *crtbegin.o(.dtors)
 *(EXCLUDE_FILE(*crtend.o) .dtors)
 *(SORT(.dtors.*))
 *crtend.o(.dtors)
                0x00085810                . = ALIGN (0x4)
                0x00085810                _efixed = .
                0x00085810                PROVIDE (__exidx_start, .)

.vfp11_veneer   0x00085810        0x0
 .vfp11_veneer  0x00000000        0x0 linker stubs

.v4_bx          0x00085810        0x0
 .v4_bx         0x00000000        0x0 linker stubs

.iplt           0x00085810        0x0
 .iplt          0x00000000        0x0 c:/users/mthom/appdata/local/arduino15/packages/arduino/tools/arm-none-eabi-gcc/4.8.3-2014q1/bin/../lib/gcc/arm-none-eabi/4.8.3/armv7-m/crtbegin.o

.ARM.exidx      0x00085810        0x8
 *(.ARM.exidx* .gnu.linkonce.armexidx.*)
 .ARM.exidx     0x00085810        0x8 c:/users/mthom/appdata/local/arduino15/packages/arduino/tools/arm-none-eabi-gcc/4.8.3-2014q1/bin/../lib/gcc/arm-none-eabi/4.8.3/armv7-m\libgcc.a(_divdi3.o)
 .ARM.exidx     0x00085818        0x0 c:/users/mthom/appdata/local/arduino15/packages/arduino/tools/arm-none-eabi-gcc/4.8.3-2014q1/bin/../lib/gcc/arm-none-eabi/4.8.3/armv7-m\libgcc.a(_udivdi3.o)
                                  0x8 (size before relaxing)
                0x00085818                PROVIDE (__exidx_end, .)

.eh_frame       0x00085818        0x0
 .eh_frame      0x00085818        0x0 c:/users/mthom/appdata/local/arduino15/packages/arduino/tools/arm-none-eabi-gcc/4.8.3-2014q1/bin/../lib/gcc/arm-none-eabi/4.8.3/armv7-m/crtbegin.o

.rel.dyn        0x00085818        0x0
 .rel.iplt      0x00000000        0x0 c:/users/mthom/appdata/local/arduino15/packages/arduino/tools/arm-none-eabi-gcc/4.8.3-2014q1/bin/../lib/gcc/arm-none-eabi/4.8.3/armv7-m/crtbegin.o

.jcr            0x00085818        0x0
 .jcr           0x00085818        0x0 c:/users/mthom/appdata/local/arduino15/packages/arduino/tools/arm-none-eabi-gcc/4.8.3-2014q1/bin/../lib/gcc/arm-none-eabi/4.8.3/armv7-m/crtbegin.o

.igot.plt       0x00085818        0x0
 .igot.plt      0x00000000        0x0 c:/users/mthom/appdata/local/arduino15/packages/arduino/tools/arm-none-eabi-gcc/4.8.3-2014q1/bin/../lib/gcc/arm-none-eabi/4.8.3/armv7-m/crtbegin.o
                0x00085818                . = ALIGN (0x4)
                0x00085818                _etext = .

.relocate       0x20070000      0x8d4 load address 0x00085818
                0x20070000                . = ALIGN (0x4)
                0x20070000                _srelocate = .
 *(.ramfunc .ramfunc.*)
 .ramfunc       0x20070000       0x2c C:\Users\mthom\AppData\Local\Temp\VMBuilds\MMSynthDue_v1_0\arduino_due_x_dbg\Debug/core.a(Reset.cpp.o)
                0x20070000                banzai
 *(.data .data.*)
 .data.SystemCoreClock
                0x2007002c        0x4 C:\Users\mthom\AppData\Local\arduino15\packages\arduino\hardware\sam\1.6.11\variants\arduino_due_x/libsam_sam3x8e_gcc_rel.a(system_sam3xa.o)
                0x2007002c                SystemCoreClock
 .data._ZL5ticks
                0x20070030        0x4 C:\Users\mthom\AppData\Local\Temp\VMBuilds\MMSynthDue_v1_0\arduino_due_x_dbg\Debug/core.a(Reset.cpp.o)
 .data.EndPoints
                0x20070034       0x28 C:\Users\mthom\AppData\Local\Temp\VMBuilds\MMSynthDue_v1_0\arduino_due_x_dbg\Debug/core.a(USBCore.cpp.o)
                0x20070034                EndPoints
 .data._ZL10breakValue
                0x2007005c        0x4 C:\Users\mthom\AppData\Local\Temp\VMBuilds\MMSynthDue_v1_0\arduino_due_x_dbg\Debug/core.a(CDC.cpp.o)
 .data._ZL12_usbLineInfo
                0x20070060        0x8 C:\Users\mthom\AppData\Local\Temp\VMBuilds\MMSynthDue_v1_0\arduino_due_x_dbg\Debug/core.a(CDC.cpp.o)
 .data.g_interrupt_enabled
                0x20070068        0x4 C:\Users\mthom\AppData\Local\arduino15\packages\arduino\hardware\sam\1.6.11\variants\arduino_due_x/libsam_sam3x8e_gcc_rel.a(interrupt_sam_nvic.o)
                0x20070068                g_interrupt_enabled
 *fill*         0x2007006c        0x4 
 .data.impure_data
                0x20070070      0x428 c:/users/mthom/appdata/local/arduino15/packages/arduino/tools/arm-none-eabi-gcc/4.8.3-2014q1/bin/../lib/gcc/arm-none-eabi/4.8.3/../../../../arm-none-eabi/lib/armv7-m\libg.a(lib_a-impure.o)
 .data._impure_ptr
                0x20070498        0x4 c:/users/mthom/appdata/local/arduino15/packages/arduino/tools/arm-none-eabi-gcc/4.8.3-2014q1/bin/../lib/gcc/arm-none-eabi/4.8.3/../../../../arm-none-eabi/lib/armv7-m\libg.a(lib_a-impure.o)
                0x20070498                _impure_ptr
 .data.lc_ctype_charset
                0x2007049c       0x20 c:/users/mthom/appdata/local/arduino15/packages/arduino/tools/arm-none-eabi-gcc/4.8.3-2014q1/bin/../lib/gcc/arm-none-eabi/4.8.3/../../../../arm-none-eabi/lib/armv7-m\libg.a(lib_a-locale.o)
 .data.__mb_cur_max
                0x200704bc        0x4 c:/users/mthom/appdata/local/arduino15/packages/arduino/tools/arm-none-eabi-gcc/4.8.3-2014q1/bin/../lib/gcc/arm-none-eabi/4.8.3/../../../../arm-none-eabi/lib/armv7-m\libg.a(lib_a-locale.o)
                0x200704bc                __mb_cur_max
 .data.__malloc_av_
                0x200704c0      0x408 c:/users/mthom/appdata/local/arduino15/packages/arduino/tools/arm-none-eabi-gcc/4.8.3-2014q1/bin/../lib/gcc/arm-none-eabi/4.8.3/../../../../arm-none-eabi/lib/armv7-m\libg.a(lib_a-mallocr.o)
                0x200704c0                __malloc_av_
 .data.__malloc_trim_threshold
                0x200708c8        0x4 c:/users/mthom/appdata/local/arduino15/packages/arduino/tools/arm-none-eabi-gcc/4.8.3-2014q1/bin/../lib/gcc/arm-none-eabi/4.8.3/../../../../arm-none-eabi/lib/armv7-m\libg.a(lib_a-mallocr.o)
                0x200708c8                __malloc_trim_threshold
 .data.__malloc_sbrk_base
                0x200708cc        0x4 c:/users/mthom/appdata/local/arduino15/packages/arduino/tools/arm-none-eabi-gcc/4.8.3-2014q1/bin/../lib/gcc/arm-none-eabi/4.8.3/../../../../arm-none-eabi/lib/armv7-m\libg.a(lib_a-mallocr.o)
                0x200708cc                __malloc_sbrk_base
 .data.__wctomb
                0x200708d0        0x4 c:/users/mthom/appdata/local/arduino15/packages/arduino/tools/arm-none-eabi-gcc/4.8.3-2014q1/bin/../lib/gcc/arm-none-eabi/4.8.3/../../../../arm-none-eabi/lib/armv7-m\libg.a(lib_a-wctomb_r.o)
                0x200708d0                __wctomb
                0x200708d4                . = ALIGN (0x4)
                0x200708d4                _erelocate = .

.bss            0x200708d4      0x874 load address 0x000860ec
                0x200708d4                . = ALIGN (0x4)
                0x200708d4                _sbss = .
                0x200708d4                _szero = .
 *(.bss .bss.*)
 .bss           0x200708d4       0x1c c:/users/mthom/appdata/local/arduino15/packages/arduino/tools/arm-none-eabi-gcc/4.8.3-2014q1/bin/../lib/gcc/arm-none-eabi/4.8.3/armv7-m/crtbegin.o
 .bss.MicroDebug
                0x200708f0       0x4c C:\Users\mthom\AppData\Local\Temp\VMBuilds\MMSynthDue_v1_0\arduino_due_x_dbg\Debug\VM_DBG\VM_DBG.cpp.o
                0x200708f0                MicroDebug
 .bss.tx_buffer2
                0x2007093c       0x88 C:\Users\mthom\AppData\Local\Temp\VMBCore\arduino16x\ebb6af7a01883608e9c4da35375c0bfe\variant\variant.cpp.o
                0x2007093c                tx_buffer2
 .bss.tx_buffer1
                0x200709c4       0x88 C:\Users\mthom\AppData\Local\Temp\VMBCore\arduino16x\ebb6af7a01883608e9c4da35375c0bfe\variant\variant.cpp.o
                0x200709c4                tx_buffer1
 .bss.Serial    0x20070a4c       0x24 C:\Users\mthom\AppData\Local\Temp\VMBCore\arduino16x\ebb6af7a01883608e9c4da35375c0bfe\variant\variant.cpp.o
                0x20070a4c                Serial
 .bss.rx_buffer1
                0x20070a70       0x88 C:\Users\mthom\AppData\Local\Temp\VMBCore\arduino16x\ebb6af7a01883608e9c4da35375c0bfe\variant\variant.cpp.o
                0x20070a70                rx_buffer1
 .bss.Serial1   0x20070af8       0x28 C:\Users\mthom\AppData\Local\Temp\VMBCore\arduino16x\ebb6af7a01883608e9c4da35375c0bfe\variant\variant.cpp.o
                0x20070af8                Serial1
 .bss.Serial2   0x20070b20       0x28 C:\Users\mthom\AppData\Local\Temp\VMBCore\arduino16x\ebb6af7a01883608e9c4da35375c0bfe\variant\variant.cpp.o
                0x20070b20                Serial2
 .bss.Serial3   0x20070b48       0x28 C:\Users\mthom\AppData\Local\Temp\VMBCore\arduino16x\ebb6af7a01883608e9c4da35375c0bfe\variant\variant.cpp.o
                0x20070b48                Serial3
 .bss.tx_buffer3
                0x20070b70       0x88 C:\Users\mthom\AppData\Local\Temp\VMBCore\arduino16x\ebb6af7a01883608e9c4da35375c0bfe\variant\variant.cpp.o
                0x20070b70                tx_buffer3
 .bss.tx_buffer4
                0x20070bf8       0x88 C:\Users\mthom\AppData\Local\Temp\VMBCore\arduino16x\ebb6af7a01883608e9c4da35375c0bfe\variant\variant.cpp.o
                0x20070bf8                tx_buffer4
 .bss.g_pinStatus
                0x20070c80       0x4f C:\Users\mthom\AppData\Local\Temp\VMBCore\arduino16x\ebb6af7a01883608e9c4da35375c0bfe\variant\variant.cpp.o
                0x20070c80                g_pinStatus
 *fill*         0x20070ccf        0x1 
 .bss.rx_buffer2
                0x20070cd0       0x88 C:\Users\mthom\AppData\Local\Temp\VMBCore\arduino16x\ebb6af7a01883608e9c4da35375c0bfe\variant\variant.cpp.o
                0x20070cd0                rx_buffer2
 .bss.rx_buffer3
                0x20070d58       0x88 C:\Users\mthom\AppData\Local\Temp\VMBCore\arduino16x\ebb6af7a01883608e9c4da35375c0bfe\variant\variant.cpp.o
                0x20070d58                rx_buffer3
 .bss.rx_buffer4
                0x20070de0       0x88 C:\Users\mthom\AppData\Local\Temp\VMBCore\arduino16x\ebb6af7a01883608e9c4da35375c0bfe\variant\variant.cpp.o
                0x20070de0                rx_buffer4
 .bss.gpf_isr   0x20070e68        0x4 C:\Users\mthom\AppData\Local\arduino15\packages\arduino\hardware\sam\1.6.11\variants\arduino_due_x/libsam_sam3x8e_gcc_rel.a(uotghs.o)
                0x20070e68                gpf_isr
 .bss.heap.6420
                0x20070e6c        0x4 C:\Users\mthom\AppData\Local\Temp\VMBuilds\MMSynthDue_v1_0\arduino_due_x_dbg\Debug/core.a(syscalls_sam3.c.o)
 .bss._cmark    0x20070e70        0x2 C:\Users\mthom\AppData\Local\Temp\VMBuilds\MMSynthDue_v1_0\arduino_due_x_dbg\Debug/core.a(USBCore.cpp.o)
                0x20070e70                _cmark
 .bss._ZL14isEndpointHalt
                0x20070e72        0x1 C:\Users\mthom\AppData\Local\Temp\VMBuilds\MMSynthDue_v1_0\arduino_due_x_dbg\Debug/core.a(USBCore.cpp.o)
 *fill*         0x20070e73        0x1 
 .bss._cdcComposite
                0x20070e74        0x4 C:\Users\mthom\AppData\Local\Temp\VMBuilds\MMSynthDue_v1_0\arduino_due_x_dbg\Debug/core.a(USBCore.cpp.o)
                0x20070e74                _cdcComposite
 .bss._ZL21isRemoteWakeUpEnabled
                0x20070e78        0x1 C:\Users\mthom\AppData\Local\Temp\VMBuilds\MMSynthDue_v1_0\arduino_due_x_dbg\Debug/core.a(USBCore.cpp.o)
 *fill*         0x20070e79        0x3 
 .bss._usbInitialized
                0x20070e7c        0x4 C:\Users\mthom\AppData\Local\Temp\VMBuilds\MMSynthDue_v1_0\arduino_due_x_dbg\Debug/core.a(USBCore.cpp.o)
                0x20070e7c                _usbInitialized
 .bss.USBDevice
                0x20070e80        0x1 C:\Users\mthom\AppData\Local\Temp\VMBuilds\MMSynthDue_v1_0\arduino_due_x_dbg\Debug/core.a(USBCore.cpp.o)
                0x20070e80                USBDevice
 *fill*         0x20070e81        0x3 
 .bss._usbSetInterface
                0x20070e84        0x4 C:\Users\mthom\AppData\Local\Temp\VMBuilds\MMSynthDue_v1_0\arduino_due_x_dbg\Debug/core.a(USBCore.cpp.o)
                0x20070e84                _usbSetInterface
 .bss._cend     0x20070e88        0x2 C:\Users\mthom\AppData\Local\Temp\VMBuilds\MMSynthDue_v1_0\arduino_due_x_dbg\Debug/core.a(USBCore.cpp.o)
                0x20070e88                _cend
 *fill*         0x20070e8a        0x2 
 .bss._usbConfiguration
                0x20070e8c        0x4 C:\Users\mthom\AppData\Local\Temp\VMBuilds\MMSynthDue_v1_0\arduino_due_x_dbg\Debug/core.a(USBCore.cpp.o)
                0x20070e8c                _usbConfiguration
 .bss.cdc_rx_buffer
                0x20070e90      0x208 C:\Users\mthom\AppData\Local\Temp\VMBuilds\MMSynthDue_v1_0\arduino_due_x_dbg\Debug/core.a(CDC.cpp.o)
                0x20070e90                cdc_rx_buffer
 .bss._ZZN7Serial_6acceptEvE5guard
                0x20071098        0x4 C:\Users\mthom\AppData\Local\Temp\VMBuilds\MMSynthDue_v1_0\arduino_due_x_dbg\Debug/core.a(CDC.cpp.o)
 .bss.SerialUSB
                0x2007109c       0x14 C:\Users\mthom\AppData\Local\Temp\VMBuilds\MMSynthDue_v1_0\arduino_due_x_dbg\Debug/core.a(CDC.cpp.o)
                0x2007109c                SerialUSB
 .bss._ZZ12PluggableUSBvE3obj
                0x200710b0        0x8 C:\Users\mthom\AppData\Local\Temp\VMBuilds\MMSynthDue_v1_0\arduino_due_x_dbg\Debug/core.a(PluggableUSB.cpp.o)
 .bss._ZGVZ12PluggableUSBvE3obj
                0x200710b8        0x4 C:\Users\mthom\AppData\Local\Temp\VMBuilds\MMSynthDue_v1_0\arduino_due_x_dbg\Debug/core.a(PluggableUSB.cpp.o)
 .bss._dwTickCount
                0x200710bc        0x4 C:\Users\mthom\AppData\Local\arduino15\packages\arduino\hardware\sam\1.6.11\variants\arduino_due_x/libsam_sam3x8e_gcc_rel.a(timetick.o)
 .bss.ul_recv_fifo_ptr
                0x200710c0       0x28 C:\Users\mthom\AppData\Local\arduino15\packages\arduino\hardware\sam\1.6.11\variants\arduino_due_x/libsam_sam3x8e_gcc_rel.a(uotghs_device.o)
 .bss.ul_send_fifo_ptr
                0x200710e8       0x28 C:\Users\mthom\AppData\Local\arduino15\packages\arduino\hardware\sam\1.6.11\variants\arduino_due_x/libsam_sam3x8e_gcc_rel.a(uotghs_device.o)
 .bss.__malloc_max_total_mem
                0x20071110        0x4 c:/users/mthom/appdata/local/arduino15/packages/arduino/tools/arm-none-eabi-gcc/4.8.3-2014q1/bin/../lib/gcc/arm-none-eabi/4.8.3/../../../../arm-none-eabi/lib/armv7-m\libg.a(lib_a-mallocr.o)
                0x20071110                __malloc_max_total_mem
 .bss.__malloc_max_sbrked_mem
                0x20071114        0x4 c:/users/mthom/appdata/local/arduino15/packages/arduino/tools/arm-none-eabi-gcc/4.8.3-2014q1/bin/../lib/gcc/arm-none-eabi/4.8.3/../../../../arm-none-eabi/lib/armv7-m\libg.a(lib_a-mallocr.o)
                0x20071114                __malloc_max_sbrked_mem
 .bss.__malloc_top_pad
                0x20071118        0x4 c:/users/mthom/appdata/local/arduino15/packages/arduino/tools/arm-none-eabi-gcc/4.8.3-2014q1/bin/../lib/gcc/arm-none-eabi/4.8.3/../../../../arm-none-eabi/lib/armv7-m\libg.a(lib_a-mallocr.o)
                0x20071118                __malloc_top_pad
 .bss.__malloc_current_mallinfo
                0x2007111c       0x28 c:/users/mthom/appdata/local/arduino15/packages/arduino/tools/arm-none-eabi-gcc/4.8.3-2014q1/bin/../lib/gcc/arm-none-eabi/4.8.3/../../../../arm-none-eabi/lib/armv7-m\libg.a(lib_a-mallocr.o)
                0x2007111c                __malloc_current_mallinfo
 *(COMMON)
 COMMON         0x20071144        0x4 c:/users/mthom/appdata/local/arduino15/packages/arduino/tools/arm-none-eabi-gcc/4.8.3-2014q1/bin/../lib/gcc/arm-none-eabi/4.8.3/../../../../arm-none-eabi/lib/armv7-m\libg.a(lib_a-reent.o)
                0x20071144                errno
                0x20071148                . = ALIGN (0x4)
                0x20071148                _ebss = .
                0x20071148                _ezero = .
                0x20071148                . = ALIGN (0x4)
                0x20071148                _end = .

.stack_dummy    0x20071148        0x0
 *(.stack*)
                0x20088000                __StackTop = (ORIGIN (ram) + 0x18000)
                0x20088000                __StackLimit = (__StackTop - SIZEOF (.stack_dummy))
                0x20088000                PROVIDE (_sstack, __StackLimit)
                0x20088000                PROVIDE (_estack, __StackTop)
OUTPUT(C:\Users\mthom\AppData\Local\Temp\VMBuilds\MMSynthDue_v1_0\arduino_due_x_dbg\Debug/MMSynthDue_v1_0.ino.elf elf32-littlearm)

.ARM.attributes
                0x00000000       0x29
 .ARM.attributes
                0x00000000       0x1d c:/users/mthom/appdata/local/arduino15/packages/arduino/tools/arm-none-eabi-gcc/4.8.3-2014q1/bin/../lib/gcc/arm-none-eabi/4.8.3/armv7-m/crti.o
 .ARM.attributes
                0x0000001d       0x2d c:/users/mthom/appdata/local/arduino15/packages/arduino/tools/arm-none-eabi-gcc/4.8.3-2014q1/bin/../lib/gcc/arm-none-eabi/4.8.3/armv7-m/crtbegin.o
 .ARM.attributes
                0x0000004a       0x33 C:\Users\mthom\AppData\Local\Temp\VMBuilds\MMSynthDue_v1_0\arduino_due_x_dbg\Debug\MMSynthDue_v1_0.cpp.o
 .ARM.attributes
                0x0000007d       0x33 C:\Users\mthom\AppData\Local\Temp\VMBuilds\MMSynthDue_v1_0\arduino_due_x_dbg\Debug\VM_DBG\VM_DBG.cpp.o
 .ARM.attributes
                0x000000b0       0x33 C:\Users\mthom\AppData\Local\Temp\VMBCore\arduino16x\ebb6af7a01883608e9c4da35375c0bfe\variant\variant.cpp.o
 .ARM.attributes
                0x000000e3       0x33 C:\Users\mthom\AppData\Local\arduino15\packages\arduino\hardware\sam\1.6.11\variants\arduino_due_x/libsam_sam3x8e_gcc_rel.a(pio.o)
 .ARM.attributes
                0x00000116       0x33 C:\Users\mthom\AppData\Local\arduino15\packages\arduino\hardware\sam\1.6.11\variants\arduino_due_x/libsam_sam3x8e_gcc_rel.a(pmc.o)
 .ARM.attributes
                0x00000149       0x33 C:\Users\mthom\AppData\Local\arduino15\packages\arduino\hardware\sam\1.6.11\variants\arduino_due_x/libsam_sam3x8e_gcc_rel.a(system_sam3xa.o)
 .ARM.attributes
                0x0000017c       0x33 C:\Users\mthom\AppData\Local\arduino15\packages\arduino\hardware\sam\1.6.11\variants\arduino_due_x/libsam_sam3x8e_gcc_rel.a(startup_sam3xa.o)
 .ARM.attributes
                0x000001af       0x33 C:\Users\mthom\AppData\Local\arduino15\packages\arduino\hardware\sam\1.6.11\variants\arduino_due_x/libsam_sam3x8e_gcc_rel.a(adc.o)
 .ARM.attributes
                0x000001e2       0x33 C:\Users\mthom\AppData\Local\arduino15\packages\arduino\hardware\sam\1.6.11\variants\arduino_due_x/libsam_sam3x8e_gcc_rel.a(uotghs.o)
 .ARM.attributes
                0x00000215       0x33 C:\Users\mthom\AppData\Local\Temp\VMBuilds\MMSynthDue_v1_0\arduino_due_x_dbg\Debug/core.a(cortex_handlers.c.o)
 .ARM.attributes
                0x00000248       0x33 C:\Users\mthom\AppData\Local\Temp\VMBuilds\MMSynthDue_v1_0\arduino_due_x_dbg\Debug/core.a(hooks.c.o)
 .ARM.attributes
                0x0000027b       0x33 C:\Users\mthom\AppData\Local\Temp\VMBuilds\MMSynthDue_v1_0\arduino_due_x_dbg\Debug/core.a(syscalls_sam3.c.o)
 .ARM.attributes
                0x000002ae       0x33 C:\Users\mthom\AppData\Local\Temp\VMBuilds\MMSynthDue_v1_0\arduino_due_x_dbg\Debug/core.a(wiring.c.o)
 .ARM.attributes
                0x000002e1       0x33 C:\Users\mthom\AppData\Local\Temp\VMBuilds\MMSynthDue_v1_0\arduino_due_x_dbg\Debug/core.a(wiring_analog.c.o)
 .ARM.attributes
                0x00000314       0x33 C:\Users\mthom\AppData\Local\Temp\VMBuilds\MMSynthDue_v1_0\arduino_due_x_dbg\Debug/core.a(wiring_digital.c.o)
 .ARM.attributes
                0x00000347       0x33 C:\Users\mthom\AppData\Local\Temp\VMBuilds\MMSynthDue_v1_0\arduino_due_x_dbg\Debug/core.a(main.cpp.o)
 .ARM.attributes
                0x0000037a       0x33 C:\Users\mthom\AppData\Local\Temp\VMBuilds\MMSynthDue_v1_0\arduino_due_x_dbg\Debug/core.a(Print.cpp.o)
 .ARM.attributes
                0x000003ad       0x33 C:\Users\mthom\AppData\Local\Temp\VMBuilds\MMSynthDue_v1_0\arduino_due_x_dbg\Debug/core.a(Reset.cpp.o)
 .ARM.attributes
                0x000003e0       0x33 C:\Users\mthom\AppData\Local\Temp\VMBuilds\MMSynthDue_v1_0\arduino_due_x_dbg\Debug/core.a(RingBuffer.cpp.o)
 .ARM.attributes
                0x00000413       0x33 C:\Users\mthom\AppData\Local\Temp\VMBuilds\MMSynthDue_v1_0\arduino_due_x_dbg\Debug/core.a(UARTClass.cpp.o)
 .ARM.attributes
                0x00000446       0x33 C:\Users\mthom\AppData\Local\Temp\VMBuilds\MMSynthDue_v1_0\arduino_due_x_dbg\Debug/core.a(USARTClass.cpp.o)
 .ARM.attributes
                0x00000479       0x33 C:\Users\mthom\AppData\Local\Temp\VMBuilds\MMSynthDue_v1_0\arduino_due_x_dbg\Debug/core.a(watchdog.cpp.o)
 .ARM.attributes
                0x000004ac       0x33 C:\Users\mthom\AppData\Local\Temp\VMBuilds\MMSynthDue_v1_0\arduino_due_x_dbg\Debug/core.a(USBCore.cpp.o)
 .ARM.attributes
                0x000004df       0x33 C:\Users\mthom\AppData\Local\Temp\VMBuilds\MMSynthDue_v1_0\arduino_due_x_dbg\Debug/core.a(CDC.cpp.o)
 .ARM.attributes
                0x00000512       0x33 C:\Users\mthom\AppData\Local\Temp\VMBuilds\MMSynthDue_v1_0\arduino_due_x_dbg\Debug/core.a(PluggableUSB.cpp.o)
 .ARM.attributes
                0x00000545       0x33 C:\Users\mthom\AppData\Local\arduino15\packages\arduino\hardware\sam\1.6.11\variants\arduino_due_x/libsam_sam3x8e_gcc_rel.a(timetick.o)
 .ARM.attributes
                0x00000578       0x33 C:\Users\mthom\AppData\Local\arduino15\packages\arduino\hardware\sam\1.6.11\variants\arduino_due_x/libsam_sam3x8e_gcc_rel.a(wdt.o)
 .ARM.attributes
                0x000005ab       0x33 C:\Users\mthom\AppData\Local\arduino15\packages\arduino\hardware\sam\1.6.11\variants\arduino_due_x/libsam_sam3x8e_gcc_rel.a(interrupt_sam_nvic.o)
 .ARM.attributes
                0x000005de       0x33 C:\Users\mthom\AppData\Local\arduino15\packages\arduino\hardware\sam\1.6.11\variants\arduino_due_x/libsam_sam3x8e_gcc_rel.a(uotghs_device.o)
 .ARM.attributes
                0x00000611       0x2d c:/users/mthom/appdata/local/arduino15/packages/arduino/tools/arm-none-eabi-gcc/4.8.3-2014q1/bin/../lib/gcc/arm-none-eabi/4.8.3/../../../../arm-none-eabi/lib/armv7-m\libg.a(lib_a-impure.o)
 .ARM.attributes
                0x0000063e       0x2d c:/users/mthom/appdata/local/arduino15/packages/arduino/tools/arm-none-eabi-gcc/4.8.3-2014q1/bin/../lib/gcc/arm-none-eabi/4.8.3/../../../../arm-none-eabi/lib/armv7-m\libg.a(lib_a-init.o)
 .ARM.attributes
                0x0000066b       0x2d c:/users/mthom/appdata/local/arduino15/packages/arduino/tools/arm-none-eabi-gcc/4.8.3-2014q1/bin/../lib/gcc/arm-none-eabi/4.8.3/../../../../arm-none-eabi/lib/armv7-m\libg.a(lib_a-iprintf.o)
 .ARM.attributes
                0x00000698       0x2d c:/users/mthom/appdata/local/arduino15/packages/arduino/tools/arm-none-eabi-gcc/4.8.3-2014q1/bin/../lib/gcc/arm-none-eabi/4.8.3/../../../../arm-none-eabi/lib/armv7-m\libg.a(lib_a-memset.o)
 .ARM.attributes
                0x000006c5       0x2d c:/users/mthom/appdata/local/arduino15/packages/arduino/tools/arm-none-eabi-gcc/4.8.3-2014q1/bin/../lib/gcc/arm-none-eabi/4.8.3/../../../../arm-none-eabi/lib/armv7-m\libg.a(lib_a-strlen.o)
 .ARM.attributes
                0x000006f2       0x2d c:/users/mthom/appdata/local/arduino15/packages/arduino/tools/arm-none-eabi-gcc/4.8.3-2014q1/bin/../lib/gcc/arm-none-eabi/4.8.3/../../../../arm-none-eabi/lib/armv7-m\libg.a(lib_a-syskill.o)
 .ARM.attributes
                0x0000071f       0x2d c:/users/mthom/appdata/local/arduino15/packages/arduino/tools/arm-none-eabi-gcc/4.8.3-2014q1/bin/../lib/gcc/arm-none-eabi/4.8.3/../../../../arm-none-eabi/lib/armv7-m\libg.a(lib_a-vfiprintf.o)
 .ARM.attributes
                0x0000074c       0x2d c:/users/mthom/appdata/local/arduino15/packages/arduino/tools/arm-none-eabi-gcc/4.8.3-2014q1/bin/../lib/gcc/arm-none-eabi/4.8.3/../../../../arm-none-eabi/lib/armv7-m\libg.a(lib_a-wsetup.o)
 .ARM.attributes
                0x00000779       0x2d c:/users/mthom/appdata/local/arduino15/packages/arduino/tools/arm-none-eabi-gcc/4.8.3-2014q1/bin/../lib/gcc/arm-none-eabi/4.8.3/../../../../arm-none-eabi/lib/armv7-m\libg.a(lib_a-__call_atexit.o)
 .ARM.attributes
                0x000007a6       0x2d c:/users/mthom/appdata/local/arduino15/packages/arduino/tools/arm-none-eabi-gcc/4.8.3-2014q1/bin/../lib/gcc/arm-none-eabi/4.8.3/../../../../arm-none-eabi/lib/armv7-m\libg.a(lib_a-atexit.o)
 .ARM.attributes
                0x000007d3       0x2d c:/users/mthom/appdata/local/arduino15/packages/arduino/tools/arm-none-eabi-gcc/4.8.3-2014q1/bin/../lib/gcc/arm-none-eabi/4.8.3/../../../../arm-none-eabi/lib/armv7-m\libg.a(lib_a-fflush.o)
 .ARM.attributes
                0x00000800       0x2d c:/users/mthom/appdata/local/arduino15/packages/arduino/tools/arm-none-eabi-gcc/4.8.3-2014q1/bin/../lib/gcc/arm-none-eabi/4.8.3/../../../../arm-none-eabi/lib/armv7-m\libg.a(lib_a-findfp.o)
 .ARM.attributes
                0x0000082d       0x2d c:/users/mthom/appdata/local/arduino15/packages/arduino/tools/arm-none-eabi-gcc/4.8.3-2014q1/bin/../lib/gcc/arm-none-eabi/4.8.3/../../../../arm-none-eabi/lib/armv7-m\libg.a(lib_a-fini.o)
 .ARM.attributes
                0x0000085a       0x2d c:/users/mthom/appdata/local/arduino15/packages/arduino/tools/arm-none-eabi-gcc/4.8.3-2014q1/bin/../lib/gcc/arm-none-eabi/4.8.3/../../../../arm-none-eabi/lib/armv7-m\libg.a(lib_a-fputwc.o)
 .ARM.attributes
                0x00000887       0x2d c:/users/mthom/appdata/local/arduino15/packages/arduino/tools/arm-none-eabi-gcc/4.8.3-2014q1/bin/../lib/gcc/arm-none-eabi/4.8.3/../../../../arm-none-eabi/lib/armv7-m\libg.a(lib_a-freer.o)
 .ARM.attributes
                0x000008b4       0x2d c:/users/mthom/appdata/local/arduino15/packages/arduino/tools/arm-none-eabi-gcc/4.8.3-2014q1/bin/../lib/gcc/arm-none-eabi/4.8.3/../../../../arm-none-eabi/lib/armv7-m\libg.a(lib_a-fvwrite.o)
 .ARM.attributes
                0x000008e1       0x2d c:/users/mthom/appdata/local/arduino15/packages/arduino/tools/arm-none-eabi-gcc/4.8.3-2014q1/bin/../lib/gcc/arm-none-eabi/4.8.3/../../../../arm-none-eabi/lib/armv7-m\libg.a(lib_a-fwalk.o)
 .ARM.attributes
                0x0000090e       0x2d c:/users/mthom/appdata/local/arduino15/packages/arduino/tools/arm-none-eabi-gcc/4.8.3-2014q1/bin/../lib/gcc/arm-none-eabi/4.8.3/../../../../arm-none-eabi/lib/armv7-m\libg.a(lib_a-locale.o)
 .ARM.attributes
                0x0000093b       0x2d c:/users/mthom/appdata/local/arduino15/packages/arduino/tools/arm-none-eabi-gcc/4.8.3-2014q1/bin/../lib/gcc/arm-none-eabi/4.8.3/../../../../arm-none-eabi/lib/armv7-m\libg.a(lib_a-makebuf.o)
 .ARM.attributes
                0x00000968       0x2d c:/users/mthom/appdata/local/arduino15/packages/arduino/tools/arm-none-eabi-gcc/4.8.3-2014q1/bin/../lib/gcc/arm-none-eabi/4.8.3/../../../../arm-none-eabi/lib/armv7-m\libg.a(lib_a-mallocr.o)
 .ARM.attributes
                0x00000995       0x2d c:/users/mthom/appdata/local/arduino15/packages/arduino/tools/arm-none-eabi-gcc/4.8.3-2014q1/bin/../lib/gcc/arm-none-eabi/4.8.3/../../../../arm-none-eabi/lib/armv7-m\libg.a(lib_a-memchr-stub.o)
 .ARM.attributes
                0x000009c2       0x1b c:/users/mthom/appdata/local/arduino15/packages/arduino/tools/arm-none-eabi-gcc/4.8.3-2014q1/bin/../lib/gcc/arm-none-eabi/4.8.3/../../../../arm-none-eabi/lib/armv7-m\libg.a(lib_a-memcpy.o)
 .ARM.attributes
                0x000009dd       0x2d c:/users/mthom/appdata/local/arduino15/packages/arduino/tools/arm-none-eabi-gcc/4.8.3-2014q1/bin/../lib/gcc/arm-none-eabi/4.8.3/../../../../arm-none-eabi/lib/armv7-m\libg.a(lib_a-memmove.o)
 .ARM.attributes
                0x00000a0a       0x2d c:/users/mthom/appdata/local/arduino15/packages/arduino/tools/arm-none-eabi-gcc/4.8.3-2014q1/bin/../lib/gcc/arm-none-eabi/4.8.3/../../../../arm-none-eabi/lib/armv7-m\libg.a(lib_a-mlock.o)
 .ARM.attributes
                0x00000a37       0x2d c:/users/mthom/appdata/local/arduino15/packages/arduino/tools/arm-none-eabi-gcc/4.8.3-2014q1/bin/../lib/gcc/arm-none-eabi/4.8.3/../../../../arm-none-eabi/lib/armv7-m\libg.a(lib_a-reallocr.o)
 .ARM.attributes