Archive member included because of file (symbol)

C:\Users\mthom\AppData\Local\arduino15\packages\arduino\hardware\sam\1.6.11\variants\arduino_due_x/libsam_sam3x8e_gcc_rel.a(pio.o)
                              C:\Users\mthom\AppData\Local\Temp\VMBuilds\SPIDAC_Test\arduino_due_x_dbg\Debug\SPI\SPI.cpp.o (PIO_Configure)
C:\Users\mthom\AppData\Local\arduino15\packages\arduino\hardware\sam\1.6.11\variants\arduino_due_x/libsam_sam3x8e_gcc_rel.a(pmc.o)
                              C:\Users\mthom\AppData\Local\Temp\VMBCore\arduino16x\ebb6af7a01883608e9c4da35375c0bfe\variant\variant.cpp.o (pmc_enable_periph_clk)
C:\Users\mthom\AppData\Local\arduino15\packages\arduino\hardware\sam\1.6.11\variants\arduino_due_x/libsam_sam3x8e_gcc_rel.a(spi.o)
                              C:\Users\mthom\AppData\Local\Temp\VMBuilds\SPIDAC_Test\arduino_due_x_dbg\Debug\SPI\SPI.cpp.o (SPI_Enable)
C:\Users\mthom\AppData\Local\arduino15\packages\arduino\hardware\sam\1.6.11\variants\arduino_due_x/libsam_sam3x8e_gcc_rel.a(system_sam3xa.o)
                              C:\Users\mthom\AppData\Local\Temp\VMBCore\arduino16x\ebb6af7a01883608e9c4da35375c0bfe\variant\variant.cpp.o (SystemInit)
C:\Users\mthom\AppData\Local\arduino15\packages\arduino\hardware\sam\1.6.11\variants\arduino_due_x/libsam_sam3x8e_gcc_rel.a(startup_sam3xa.o)
                              (Reset_Handler)
C:\Users\mthom\AppData\Local\arduino15\packages\arduino\hardware\sam\1.6.11\variants\arduino_due_x/libsam_sam3x8e_gcc_rel.a(adc.o)
                              C:\Users\mthom\AppData\Local\Temp\VMBCore\arduino16x\ebb6af7a01883608e9c4da35375c0bfe\variant\variant.cpp.o (adc_init)
C:\Users\mthom\AppData\Local\arduino15\packages\arduino\hardware\sam\1.6.11\variants\arduino_due_x/libsam_sam3x8e_gcc_rel.a(uotghs.o)
                              C:\Users\mthom\AppData\Local\arduino15\packages\arduino\hardware\sam\1.6.11\variants\arduino_due_x/libsam_sam3x8e_gcc_rel.a(startup_sam3xa.o) (UOTGHS_Handler)
C:\Users\mthom\AppData\Local\Temp\VMBuilds\SPIDAC_Test\arduino_due_x_dbg\Debug/core.a(cortex_handlers.c.o)
                              C:\Users\mthom\AppData\Local\arduino15\packages\arduino\hardware\sam\1.6.11\variants\arduino_due_x/libsam_sam3x8e_gcc_rel.a(startup_sam3xa.o) (NMI_Handler)
C:\Users\mthom\AppData\Local\Temp\VMBuilds\SPIDAC_Test\arduino_due_x_dbg\Debug/core.a(hooks.c.o)
                              C:\Users\mthom\AppData\Local\Temp\VMBuilds\SPIDAC_Test\arduino_due_x_dbg\Debug/core.a(cortex_handlers.c.o) (sysTickHook)
C:\Users\mthom\AppData\Local\Temp\VMBuilds\SPIDAC_Test\arduino_due_x_dbg\Debug/core.a(syscalls_sam3.c.o)
                              (_sbrk)
C:\Users\mthom\AppData\Local\Temp\VMBuilds\SPIDAC_Test\arduino_due_x_dbg\Debug/core.a(wiring.c.o)
                              C:\Users\mthom\AppData\Local\Temp\VMBuilds\SPIDAC_Test\arduino_due_x_dbg\Debug\VM_DBG\VM_DBG.cpp.o (millis)
C:\Users\mthom\AppData\Local\Temp\VMBuilds\SPIDAC_Test\arduino_due_x_dbg\Debug/core.a(wiring_analog.c.o)
                              C:\Users\mthom\AppData\Local\Temp\VMBCore\arduino16x\ebb6af7a01883608e9c4da35375c0bfe\variant\variant.cpp.o (analogOutputInit)
C:\Users\mthom\AppData\Local\Temp\VMBuilds\SPIDAC_Test\arduino_due_x_dbg\Debug/core.a(wiring_digital.c.o)
                              C:\Users\mthom\AppData\Local\Temp\VMBuilds\SPIDAC_Test\arduino_due_x_dbg\Debug\SPIDAC_Test.cpp.o (pinMode)
C:\Users\mthom\AppData\Local\Temp\VMBuilds\SPIDAC_Test\arduino_due_x_dbg\Debug/core.a(main.cpp.o)
                              c:/users/mthom/appdata/local/arduino15/packages/arduino/tools/arm-none-eabi-gcc/4.8.3-2014q1/bin/../lib/gcc/arm-none-eabi/4.8.3/../../../../arm-none-eabi/lib/armv7-m/crt0.o (main)
C:\Users\mthom\AppData\Local\Temp\VMBuilds\SPIDAC_Test\arduino_due_x_dbg\Debug/core.a(Print.cpp.o)
                              C:\Users\mthom\AppData\Local\Temp\VMBuilds\SPIDAC_Test\arduino_due_x_dbg\Debug\SPIDAC_Test.cpp.o (Print::print(char const*))
C:\Users\mthom\AppData\Local\Temp\VMBuilds\SPIDAC_Test\arduino_due_x_dbg\Debug/core.a(Reset.cpp.o)
                              C:\Users\mthom\AppData\Local\Temp\VMBuilds\SPIDAC_Test\arduino_due_x_dbg\Debug/core.a(cortex_handlers.c.o) (tickReset)
C:\Users\mthom\AppData\Local\Temp\VMBuilds\SPIDAC_Test\arduino_due_x_dbg\Debug/core.a(RingBuffer.cpp.o)
                              C:\Users\mthom\AppData\Local\Temp\VMBCore\arduino16x\ebb6af7a01883608e9c4da35375c0bfe\variant\variant.cpp.o (RingBuffer::RingBuffer())
C:\Users\mthom\AppData\Local\Temp\VMBuilds\SPIDAC_Test\arduino_due_x_dbg\Debug/core.a(UARTClass.cpp.o)
                              C:\Users\mthom\AppData\Local\Temp\VMBCore\arduino16x\ebb6af7a01883608e9c4da35375c0bfe\variant\variant.cpp.o (UARTClass::available())
C:\Users\mthom\AppData\Local\Temp\VMBuilds\SPIDAC_Test\arduino_due_x_dbg\Debug/core.a(USARTClass.cpp.o)
[...]
Memory Configuration

Name             Origin             Length             Attributes
rom              0x00080000         0x00080000         xr
sram0            0x20000000         0x00010000         xrw
sram1            0x20080000         0x00008000         xrw
ram              0x20070000         0x00018000         xrw
*default*        0x00000000         0xffffffff

Linker script and memory map

LOAD c:/users/mthom/appdata/local/arduino15/packages/arduino/tools/arm-none-eabi-gcc/4.8.3-2014q1/bin/../lib/gcc/arm-none-eabi/4.8.3/armv7-m/crti.o
LOAD c:/users/mthom/appdata/local/arduino15/packages/arduino/tools/arm-none-eabi-gcc/4.8.3-2014q1/bin/../lib/gcc/arm-none-eabi/4.8.3/armv7-m/crtbegin.o
LOAD c:/users/mthom/appdata/local/arduino15/packages/arduino/tools/arm-none-eabi-gcc/4.8.3-2014q1/bin/../lib/gcc/arm-none-eabi/4.8.3/../../../../arm-none-eabi/lib/armv7-m/crt0.o
START GROUP
LOAD C:\Users\mthom\AppData\Local\Temp\VMBuilds\SPIDAC_Test\arduino_due_x_dbg\Debug\SPIDAC_Test.cpp.o
LOAD C:\Users\mthom\AppData\Local\Temp\VMBuilds\SPIDAC_Test\arduino_due_x_dbg\Debug\SPI\SPI.cpp.o
LOAD C:\Users\mthom\AppData\Local\Temp\VMBuilds\SPIDAC_Test\arduino_due_x_dbg\Debug\VM_DBG\VM_DBG.cpp.o
LOAD C:\Users\mthom\AppData\Local\Temp\VMBuilds\SPIDAC_Test\arduino_due_x_dbg\Debug\VM_DBG\VM_mem_check_sam.cpp.o
LOAD C:\Users\mthom\AppData\Local\Temp\VMBCore\arduino16x\ebb6af7a01883608e9c4da35375c0bfe\variant\variant.cpp.o
LOAD C:\Users\mthom\AppData\Local\arduino15\packages\arduino\hardware\sam\1.6.11\variants\arduino_due_x/libsam_sam3x8e_gcc_rel.a
LOAD C:\Users\mthom\AppData\Local\Temp\VMBuilds\SPIDAC_Test\arduino_due_x_dbg\Debug/core.a
END GROUP
LOAD c:/users/mthom/appdata/local/arduino15/packages/arduino/tools/arm-none-eabi-gcc/4.8.3-2014q1/bin/../lib/gcc/arm-none-eabi/4.8.3/../../../../arm-none-eabi/lib/armv7-m\libm.a
START GROUP
LOAD c:/users/mthom/appdata/local/arduino15/packages/arduino/tools/arm-none-eabi-gcc/4.8.3-2014q1/bin/../lib/gcc/arm-none-eabi/4.8.3/armv7-m\libgcc.a
LOAD c:/users/mthom/appdata/local/arduino15/packages/arduino/tools/arm-none-eabi-gcc/4.8.3-2014q1/bin/../lib/gcc/arm-none-eabi/4.8.3/../../../../arm-none-eabi/lib/armv7-m\libg.a
LOAD c:/users/mthom/appdata/local/arduino15/packages/arduino/tools/arm-none-eabi-gcc/4.8.3-2014q1/bin/../lib/gcc/arm-none-eabi/4.8.3/../../../../arm-none-eabi/lib/armv7-m\libc.a
END GROUP
LOAD c:/users/mthom/appdata/local/arduino15/packages/arduino/tools/arm-none-eabi-gcc/4.8.3-2014q1/bin/../lib/gcc/arm-none-eabi/4.8.3/armv7-m/crtend.o
LOAD c:/users/mthom/appdata/local/arduino15/packages/arduino/tools/arm-none-eabi-gcc/4.8.3-2014q1/bin/../lib/gcc/arm-none-eabi/4.8.3/armv7-m/crtn.o

.text           0x00080000     0x5adc
                0x00080000                . = ALIGN (0x4)
                0x00080000                _sfixed = .
 *(.vectors .vectors.*)
 .vectors       0x00080000       0xf4 C:\Users\mthom\AppData\Local\arduino15\packages\arduino\hardware\sam\1.6.11\variants\arduino_due_x/libsam_sam3x8e_gcc_rel.a(startup_sam3xa.o)
                0x00080000                exception_table
 *(.text .text.* .gnu.linkonce.t.*)
 .text          0x000800f4       0x54 c:/users/mthom/appdata/local/arduino15/packages/arduino/tools/arm-none-eabi-gcc/4.8.3-2014q1/bin/../lib/gcc/arm-none-eabi/4.8.3/armv7-m/crtbegin.o
 .text._ZN8SPIClass8transferEh15SPITransferMode
                0x00080148       0x12 C:\Users\mthom\AppData\Local\Temp\VMBuilds\SPIDAC_Test\arduino_due_x_dbg\Debug\SPIDAC_Test.cpp.o
                0x00080148                SPIClass::transfer(unsigned char, SPITransferMode)
 *fill*         0x0008015a        0x2 
 .text._Z8dacSetupv
                0x0008015c       0x68 C:\Users\mthom\AppData\Local\Temp\VMBuilds\SPIDAC_Test\arduino_due_x_dbg\Debug\SPIDAC_Test.cpp.o
                0x0008015c                dacSetup()
 .text._Z7writeTohi
                0x000801c4       0x48 C:\Users\mthom\AppData\Local\Temp\VMBuilds\SPIDAC_Test\arduino_due_x_dbg\Debug\SPIDAC_Test.cpp.o
                0x000801c4                writeTo(unsigned char, int)
 .text.setup    0x0008020c       0x60 C:\Users\mthom\AppData\Local\Temp\VMBuilds\SPIDAC_Test\arduino_due_x_dbg\Debug\SPIDAC_Test.cpp.o
                0x0008020c                setup
 .text.loop     0x0008026c       0x28 C:\Users\mthom\AppData\Local\Temp\VMBuilds\SPIDAC_Test\arduino_due_x_dbg\Debug\SPIDAC_Test.cpp.o
                0x0008026c                loop
 .text._ZL10SPI_0_Initv
                0x00080294       0x48 C:\Users\mthom\AppData\Local\Temp\VMBuilds\SPIDAC_Test\arduino_due_x_dbg\Debug\SPI\SPI.cpp.o
 .text._ZN8SPIClass4initEv
                0x000802dc       0x36 C:\Users\mthom\AppData\Local\Temp\VMBuilds\SPIDAC_Test\arduino_due_x_dbg\Debug\SPI\SPI.cpp.o
                0x000802dc                SPIClass::init()
 .text._ZN8SPIClass11setBitOrderEh8BitOrder
                0x00080312       0x1e C:\Users\mthom\AppData\Local\Temp\VMBuilds\SPIDAC_Test\arduino_due_x_dbg\Debug\SPI\SPI.cpp.o
                0x00080312                SPIClass::setBitOrder(unsigned char, BitOrder)
 .text._ZN8SPIClass11setDataModeEhh
                0x00080330       0x34 C:\Users\mthom\AppData\Local\Temp\VMBuilds\SPIDAC_Test\arduino_due_x_dbg\Debug\SPI\SPI.cpp.o
                0x00080330                SPIClass::setDataMode(unsigned char, unsigned char)
 .text._ZN8SPIClass15setClockDividerEhh
                0x00080364       0x2e C:\Users\mthom\AppData\Local\Temp\VMBuilds\SPIDAC_Test\arduino_due_x_dbg\Debug\SPI\SPI.cpp.o
                0x00080364                SPIClass::setClockDivider(unsigned char, unsigned char)
 .text._ZN8SPIClass5beginEv
                0x00080392       0x22 C:\Users\mthom\AppData\Local\Temp\VMBuilds\SPIDAC_Test\arduino_due_x_dbg\Debug\SPI\SPI.cpp.o
                0x00080392                SPIClass::begin()
 .text._ZN8SPIClass8transferEhh15SPITransferMode
                0x000803b4       0x5e C:\Users\mthom\AppData\Local\Temp\VMBuilds\SPIDAC_Test\arduino_due_x_dbg\Debug\SPI\SPI.cpp.o
                0x000803b4                SPIClass::transfer(unsigned char, unsigned char, SPITransferMode)
 *fill*         0x00080412        0x2 
 .text.startup._GLOBAL__sub_I__ZN8SPIClassC2EP3SpimPFvvE
                0x00080414       0x24 C:\Users\mthom\AppData\Local\Temp\VMBuilds\SPIDAC_Test\arduino_due_x_dbg\Debug\SPI\SPI.cpp.o
 .text._ZN16VisualMicroDebug16DBG_YieldAndWaitEmb
                0x00080438       0x1a C:\Users\mthom\AppData\Local\Temp\VMBuilds\SPIDAC_Test\arduino_due_x_dbg\Debug\VM_DBG\VM_DBG.cpp.o
                0x00080438                VisualMicroDebug::DBG_YieldAndWait(unsigned long, bool)
 .text._ZN16VisualMicroDebug16DBG_YieldAndWaitEm
                0x00080452        0x6 C:\Users\mthom\AppData\Local\Temp\VMBuilds\SPIDAC_Test\arduino_due_x_dbg\Debug\VM_DBG\VM_DBG.cpp.o
                0x00080452                VisualMicroDebug::DBG_YieldAndWait(unsigned long)
 .text._ZN16VisualMicroDebug14outPacketStartEb
                0x00080458       0x28 C:\Users\mthom\AppData\Local\Temp\VMBuilds\SPIDAC_Test\arduino_due_x_dbg\Debug\VM_DBG\VM_DBG.cpp.o
                0x00080458                VisualMicroDebug::outPacketStart(bool)
 .text._ZN16VisualMicroDebug12outPacketEndEv
                0x00080480        0x2 C:\Users\mthom\AppData\Local\Temp\VMBuilds\SPIDAC_Test\arduino_due_x_dbg\Debug\VM_DBG\VM_DBG.cpp.o
                0x00080480                VisualMicroDebug::outPacketEnd()
 .text._ZN16VisualMicroDebug4initEm
                0x00080482        0xe C:\Users\mthom\AppData\Local\Temp\VMBuilds\SPIDAC_Test\arduino_due_x_dbg\Debug\VM_DBG\VM_DBG.cpp.o
                0x00080482                VisualMicroDebug::init(unsigned long)
 .text._ZN16VisualMicroDebug5beginEP9UARTClassm
                0x00080490       0x10 C:\Users\mthom\AppData\Local\Temp\VMBuilds\SPIDAC_Test\arduino_due_x_dbg\Debug\VM_DBG\VM_DBG.cpp.o
                0x00080490                VisualMicroDebug::begin(UARTClass*, unsigned long)
 .text._ZN16VisualMicroDebug4readEv
                0x000804a0        0xe C:\Users\mthom\AppData\Local\Temp\VMBuilds\SPIDAC_Test\arduino_due_x_dbg\Debug\VM_DBG\VM_DBG.cpp.o
                0x000804a0                VisualMicroDebug::read()
 .text._ZN16VisualMicroDebug9availableEv
                0x000804ae        0xe C:\Users\mthom\AppData\Local\Temp\VMBuilds\SPIDAC_Test\arduino_due_x_dbg\Debug\VM_DBG\VM_DBG.cpp.o
                0x000804ae                VisualMicroDebug::available()
 .text._ZN16VisualMicroDebug16sendContinuedACKEh
                0x000804bc       0x3c C:\Users\mthom\AppData\Local\Temp\VMBuilds\SPIDAC_Test\arduino_due_x_dbg\Debug\VM_DBG\VM_DBG.cpp.o
                0x000804bc                VisualMicroDebug::sendContinuedACK(unsigned char)
 .text._ZN16VisualMicroDebug9breakWaitEh
                0x000804f8       0x54 C:\Users\mthom\AppData\Local\Temp\VMBuilds\SPIDAC_Test\arduino_due_x_dbg\Debug\VM_DBG\VM_DBG.cpp.o
                0x000804f8                VisualMicroDebug::breakWait(unsigned char)
 .text._ZN16VisualMicroDebug5startEbb
                0x0008054c       0x26 C:\Users\mthom\AppData\Local\Temp\VMBuilds\SPIDAC_Test\arduino_due_x_dbg\Debug\VM_DBG\VM_DBG.cpp.o
                0x0008054c                VisualMicroDebug::start(bool, bool)
 *fill*         0x00080572        0x2 
 .text.startup._GLOBAL__sub_I__ZN16VisualMicroDebug16DBG_YieldAndWaitEm
                0x00080574       0x14 C:\Users\mthom\AppData\Local\Temp\VMBuilds\SPIDAC_Test\arduino_due_x_dbg\Debug\VM_DBG\VM_DBG.cpp.o
 .text._Z11serialEventv
                0x00080588        0x2 C:\Users\mthom\AppData\Local\Temp\VMBCore\arduino16x\ebb6af7a01883608e9c4da35375c0bfe\variant\variant.cpp.o
                0x00080588                serialEvent()
 *fill*         0x0008058a        0x2 
 .text.UART_Handler
                0x0008058c        0xc C:\Users\mthom\AppData\Local\Temp\VMBCore\arduino16x\ebb6af7a01883608e9c4da35375c0bfe\variant\variant.cpp.o
                0x0008058c                UART_Handler
 .text._Z12serialEvent1v
                0x00080598        0x2 C:\Users\mthom\AppData\Local\Temp\VMBCore\arduino16x\ebb6af7a01883608e9c4da35375c0bfe\variant\variant.cpp.o
                0x00080598                serialEvent1()
 .text._Z12serialEvent2v
                0x0008059a        0x2 C:\Users\mthom\AppData\Local\Temp\VMBCore\arduino16x\ebb6af7a01883608e9c4da35375c0bfe\variant\variant.cpp.o
                0x0008059a                serialEvent2()
 .text._Z12serialEvent3v
                0x0008059c        0x2 C:\Users\mthom\AppData\Local\Temp\VMBCore\arduino16x\ebb6af7a01883608e9c4da35375c0bfe\variant\variant.cpp.o
                0x0008059c                serialEvent3()
 *fill*         0x0008059e        0x2 
 .text.USART0_Handler
                0x000805a0        0xc C:\Users\mthom\AppData\Local\Temp\VMBCore\arduino16x\ebb6af7a01883608e9c4da35375c0bfe\variant\variant.cpp.o
                0x000805a0                USART0_Handler
 .text.USART1_Handler
                0x000805ac        0xc C:\Users\mthom\AppData\Local\Temp\VMBCore\arduino16x\ebb6af7a01883608e9c4da35375c0bfe\variant\variant.cpp.o
                0x000805ac                USART1_Handler
 .text.USART3_Handler
                0x000805b8        0xc C:\Users\mthom\AppData\Local\Temp\VMBCore\arduino16x\ebb6af7a01883608e9c4da35375c0bfe\variant\variant.cpp.o
                0x000805b8                USART3_Handler
 .text.init     0x000805c4      0x128 C:\Users\mthom\AppData\Local\Temp\VMBCore\arduino16x\ebb6af7a01883608e9c4da35375c0bfe\variant\variant.cpp.o
                0x000805c4                init
 .text.startup._GLOBAL__sub_I_g_APinDescription
                0x000806ec       0xd4 C:\Users\mthom\AppData\Local\Temp\VMBCore\arduino16x\ebb6af7a01883608e9c4da35375c0bfe\variant\variant.cpp.o
 .text._Z14serialEventRunv
                0x000807c0       0x44 C:\Users\mthom\AppData\Local\Temp\VMBCore\arduino16x\ebb6af7a01883608e9c4da35375c0bfe\variant\variant.cpp.o
                0x000807c0                serialEventRun()
 .text.PIO_PullUp
                0x00080804        0xa C:\Users\mthom\AppData\Local\arduino15\packages\arduino\hardware\sam\1.6.11\variants\arduino_due_x/libsam_sam3x8e_gcc_rel.a(pio.o)
                0x00080804                PIO_PullUp
 .text.PIO_SetPeripheral
                0x0008080e       0x26 C:\Users\mthom\AppData\Local\arduino15\packages\arduino\hardware\sam\1.6.11\variants\arduino_due_x/libsam_sam3x8e_gcc_rel.a(pio.o)
                0x0008080e                PIO_SetPeripheral
 .text.PIO_SetInput
                0x00080834       0x26 C:\Users\mthom\AppData\Local\arduino15\packages\arduino\hardware\sam\1.6.11\variants\arduino_due_x/libsam_sam3x8e_gcc_rel.a(pio.o)
                0x00080834                PIO_SetInput
 .text.PIO_SetOutput
                0x0008085a       0x24 C:\Users\mthom\AppData\Local\arduino15\packages\arduino\hardware\sam\1.6.11\variants\arduino_due_x/libsam_sam3x8e_gcc_rel.a(pio.o)
                0x0008085a                PIO_SetOutput
 *fill*         0x0008087e        0x2 
 .text.PIO_Configure
                0x00080880       0x64 C:\Users\mthom\AppData\Local\arduino15\packages\arduino\hardware\sam\1.6.11\variants\arduino_due_x/libsam_sam3x8e_gcc_rel.a(pio.o)
                0x00080880                PIO_Configure
 .text.PIO_GetOutputDataStatus
                0x000808e4       0x14 C:\Users\mthom\AppData\Local\arduino15\packages\arduino\hardware\sam\1.6.11\variants\arduino_due_x/libsam_sam3x8e_gcc_rel.a(pio.o)
                0x000808e4                PIO_GetOutputDataStatus
 .text.pmc_enable_upll_clock
                0x000808f8       0x14 C:\Users\mthom\AppData\Local\arduino15\packages\arduino\hardware\sam\1.6.11\variants\arduino_due_x/libsam_sam3x8e_gcc_rel.a(pmc.o)
                0x000808f8                pmc_enable_upll_clock
 .text.pmc_enable_periph_clk
                0x0008090c       0x44 C:\Users\mthom\AppData\Local\arduino15\packages\arduino\hardware\sam\1.6.11\variants\arduino_due_x/libsam_sam3x8e_gcc_rel.a(pmc.o)
                0x0008090c                pmc_enable_periph_clk
 .text.pmc_disable_periph_clk
                0x00080950       0x40 C:\Users\mthom\AppData\Local\arduino15\packages\arduino\hardware\sam\1.6.11\variants\arduino_due_x/libsam_sam3x8e_gcc_rel.a(pmc.o)
                0x00080950                pmc_disable_periph_clk
 .text.pmc_switch_udpck_to_upllck
                0x00080990       0x14 C:\Users\mthom\AppData\Local\arduino15\packages\arduino\hardware\sam\1.6.11\variants\arduino_due_x/libsam_sam3x8e_gcc_rel.a(pmc.o)
                0x00080990                pmc_switch_udpck_to_upllck
 .text.pmc_enable_udpck
                0x000809a4        0xc C:\Users\mthom\AppData\Local\arduino15\packages\arduino\hardware\sam\1.6.11\variants\arduino_due_x/libsam_sam3x8e_gcc_rel.a(pmc.o)
                0x000809a4                pmc_enable_udpck
 .text.SPI_Enable
                0x000809b0        0x6 C:\Users\mthom\AppData\Local\arduino15\packages\arduino\hardware\sam\1.6.11\variants\arduino_due_x/libsam_sam3x8e_gcc_rel.a(spi.o)
                0x000809b0                SPI_Enable
 *fill*         0x000809b6        0x2 
 .text.SPI_Configure
                0x000809b8       0x20 C:\Users\mthom\AppData\Local\arduino15\packages\arduino\hardware\sam\1.6.11\variants\arduino_due_x/libsam_sam3x8e_gcc_rel.a(spi.o)
                0x000809b8                SPI_Configure
 .text.SPI_ConfigureNPCS
                0x000809d8        0x8 C:\Users\mthom\AppData\Local\arduino15\packages\arduino\hardware\sam\1.6.11\variants\arduino_due_x/libsam_sam3x8e_gcc_rel.a(spi.o)
                0x000809d8                SPI_ConfigureNPCS
 .text.SystemInit
                0x000809e0       0x88 C:\Users\mthom\AppData\Local\arduino15\packages\arduino\hardware\sam\1.6.11\variants\arduino_due_x/libsam_sam3x8e_gcc_rel.a(system_sam3xa.o)
                0x000809e0                SystemInit
 .text.Reset_Handler
                0x00080a68       0x78 C:\Users\mthom\AppData\Local\arduino15\packages\arduino\hardware\sam\1.6.11\variants\arduino_due_x/libsam_sam3x8e_gcc_rel.a(startup_sam3xa.o)
                0x00080a68                Reset_Handler
 .text.adc_init
                0x00080ae0       0x98 C:\Users\mthom\AppData\Local\arduino15\packages\arduino\hardware\sam\1.6.11\variants\arduino_due_x/libsam_sam3x8e_gcc_rel.a(adc.o)
                0x00080ae0                adc_init
 .text.adc_configure_trigger
                0x00080b78        0xe C:\Users\mthom\AppData\Local\arduino15\packages\arduino\hardware\sam\1.6.11\variants\arduino_due_x/libsam_sam3x8e_gcc_rel.a(adc.o)
                0x00080b78                adc_configure_trigger
 .text.adc_configure_timing
                0x00080b86       0x1a C:\Users\mthom\AppData\Local\arduino15\packages\arduino\hardware\sam\1.6.11\variants\arduino_due_x/libsam_sam3x8e_gcc_rel.a(adc.o)
                0x00080b86                adc_configure_timing
 .text.adc_disable_channel
                0x00080ba0        0xa C:\Users\mthom\AppData\Local\arduino15\packages\arduino\hardware\sam\1.6.11\variants\arduino_due_x/libsam_sam3x8e_gcc_rel.a(adc.o)
                0x00080ba0                adc_disable_channel
 .text.adc_disable_all_channel
                0x00080baa        0x8 C:\Users\mthom\AppData\Local\arduino15\packages\arduino\hardware\sam\1.6.11\variants\arduino_due_x/libsam_sam3x8e_gcc_rel.a(adc.o)
                0x00080baa                adc_disable_all_channel
 .text.adc_disable_interrupt
                0x00080bb2        0x4 C:\Users\mthom\AppData\Local\arduino15\packages\arduino\hardware\sam\1.6.11\variants\arduino_due_x/libsam_sam3x8e_gcc_rel.a(adc.o)
                0x00080bb2                adc_disable_interrupt
 *fill*         0x00080bb6        0x2 
 .text.UOTGHS_Handler
                0x00080bb8       0x10 C:\Users\mthom\AppData\Local\arduino15\packages\arduino\hardware\sam\1.6.11\variants\arduino_due_x/libsam_sam3x8e_gcc_rel.a(uotghs.o)
                0x00080bb8                UOTGHS_Handler
 .text.__halt   0x00080bc8        0x2 C:\Users\mthom\AppData\Local\Temp\VMBuilds\SPIDAC_Test\arduino_due_x_dbg\Debug/core.a(cortex_handlers.c.o)
                0x00080bc8                DACC_Handler
                0x00080bc8                DebugMon_Handler
                0x00080bc8                DMAC_Handler
                0x00080bc8                TRNG_Handler
                0x00080bc8                HardFault_Handler
                0x00080bc8                TC2_Handler
                0x00080bc8                TWI1_Handler
                0x00080bc8                NMI_Handler
                0x00080bc8                TC7_Handler
                0x00080bc8                ADC_Handler
                0x00080bc8                SMC_Handler
                0x00080bc8                RTT_Handler
                0x00080bc8                EFC1_Handler
                0x00080bc8                PIOB_Handler
                0x00080bc8                RTC_Handler
                0x00080bc8                UsageFault_Handler
                0x00080bc8                TC6_Handler
                0x00080bc8                WDT_Handler
                0x00080bc8                CAN0_Handler
                0x00080bc8                TC4_Handler
                0x00080bc8                TC1_Handler
                0x00080bc8                HSMCI_Handler
                0x00080bc8                TC3_Handler
                0x00080bc8                TWI0_Handler
                0x00080bc8                PIOA_Handler
                0x00080bc8                SSC_Handler
                0x00080bc8                EFC0_Handler
                0x00080bc8                PMC_Handler
                0x00080bc8                PWM_Handler
                0x00080bc8                CAN1_Handler
                0x00080bc8                MemManage_Handler
                0x00080bc8                SUPC_Handler
                0x00080bc8                TC8_Handler
                0x00080bc8                USART2_Handler
                0x00080bc8                PIOD_Handler
                0x00080bc8                EMAC_Handler
                0x00080bc8                PIOC_Handler
                0x00080bc8                BusFault_Handler
                0x00080bc8                RSTC_Handler
                0x00080bc8                TC0_Handler
                0x00080bc8                TC5_Handler
                0x00080bc8                SPI0_Handler
 .text.SVC_Handler
                0x00080bca        0x4 C:\Users\mthom\AppData\Local\Temp\VMBuilds\SPIDAC_Test\arduino_due_x_dbg\Debug/core.a(cortex_handlers.c.o)
                0x00080bca                SVC_Handler
 .text.PendSV_Handler
                0x00080bce        0x4 C:\Users\mthom\AppData\Local\Temp\VMBuilds\SPIDAC_Test\arduino_due_x_dbg\Debug/core.a(cortex_handlers.c.o)
                0x00080bce                PendSV_Handler
 .text.SysTick_Handler
                0x00080bd2       0x16 C:\Users\mthom\AppData\Local\Temp\VMBuilds\SPIDAC_Test\arduino_due_x_dbg\Debug/core.a(cortex_handlers.c.o)
                0x00080bd2                SysTick_Handler
 .text.__empty  0x00080be8        0x2 C:\Users\mthom\AppData\Local\Temp\VMBuilds\SPIDAC_Test\arduino_due_x_dbg\Debug/core.a(hooks.c.o)
                0x00080be8                yield
 .text.__false  0x00080bea        0x4 C:\Users\mthom\AppData\Local\Temp\VMBuilds\SPIDAC_Test\arduino_due_x_dbg\Debug/core.a(hooks.c.o)
                0x00080bea                sysTickHook
 .text.__halt   0x00080bee        0x2 C:\Users\mthom\AppData\Local\Temp\VMBuilds\SPIDAC_Test\arduino_due_x_dbg\Debug/core.a(hooks.c.o)
                0x00080bee                svcHook
                0x00080bee                pendSVHook
 .text._sbrk    0x00080bf0       0x1c C:\Users\mthom\AppData\Local\Temp\VMBuilds\SPIDAC_Test\arduino_due_x_dbg\Debug/core.a(syscalls_sam3.c.o)
                0x00080bf0                _sbrk
 .text.link     0x00080c0c        0x6 C:\Users\mthom\AppData\Local\Temp\VMBuilds\SPIDAC_Test\arduino_due_x_dbg\Debug/core.a(syscalls_sam3.c.o)
                0x00080c0c                link
 .text._close   0x00080c12        0x6 C:\Users\mthom\AppData\Local\Temp\VMBuilds\SPIDAC_Test\arduino_due_x_dbg\Debug/core.a(syscalls_sam3.c.o)
                0x00080c12                _close
 .text._fstat   0x00080c18        0xa C:\Users\mthom\AppData\Local\Temp\VMBuilds\SPIDAC_Test\arduino_due_x_dbg\Debug/core.a(syscalls_sam3.c.o)
                0x00080c18                _fstat
 .text._isatty  0x00080c22        0x4 C:\Users\mthom\AppData\Local\Temp\VMBuilds\SPIDAC_Test\arduino_due_x_dbg\Debug/core.a(syscalls_sam3.c.o)
                0x00080c22                _isatty
 .text._lseek   0x00080c26        0x4 C:\Users\mthom\AppData\Local\Temp\VMBuilds\SPIDAC_Test\arduino_due_x_dbg\Debug/core.a(syscalls_sam3.c.o)
                0x00080c26                _lseek
 .text._read    0x00080c2a        0x4 C:\Users\mthom\AppData\Local\Temp\VMBuilds\SPIDAC_Test\arduino_due_x_dbg\Debug/core.a(syscalls_sam3.c.o)
                0x00080c2a                _read
 *fill*         0x00080c2e        0x2 
 .text._write   0x00080c30       0x24 C:\Users\mthom\AppData\Local\Temp\VMBuilds\SPIDAC_Test\arduino_due_x_dbg\Debug/core.a(syscalls_sam3.c.o)
                0x00080c30                _write
 .text._exit    0x00080c54       0x10 C:\Users\mthom\AppData\Local\Temp\VMBuilds\SPIDAC_Test\arduino_due_x_dbg\Debug/core.a(syscalls_sam3.c.o)
                0x00080c54                _exit
 .text._kill    0x00080c64        0x2 C:\Users\mthom\AppData\Local\Temp\VMBuilds\SPIDAC_Test\arduino_due_x_dbg\Debug/core.a(syscalls_sam3.c.o)
                0x00080c64                _kill
 .text._getpid  0x00080c66        0x6 C:\Users\mthom\AppData\Local\Temp\VMBuilds\SPIDAC_Test\arduino_due_x_dbg\Debug/core.a(syscalls_sam3.c.o)
                0x00080c66                _getpid
 .text.millis   0x00080c6c        0x4 C:\Users\mthom\AppData\Local\Temp\VMBuilds\SPIDAC_Test\arduino_due_x_dbg\Debug/core.a(wiring.c.o)
                0x00080c6c                millis
 .text.delay    0x00080c70       0x1c C:\Users\mthom\AppData\Local\Temp\VMBuilds\SPIDAC_Test\arduino_due_x_dbg\Debug/core.a(wiring.c.o)
                0x00080c70                delay
 .text.analogOutputInit
                0x00080c8c        0x2 C:\Users\mthom\AppData\Local\Temp\VMBuilds\SPIDAC_Test\arduino_due_x_dbg\Debug/core.a(wiring_analog.c.o)
                0x00080c8c                analogOutputInit
 *fill*         0x00080c8e        0x2 
 .text.pinMode  0x00080c90      0x108 C:\Users\mthom\AppData\Local\Temp\VMBuilds\SPIDAC_Test\arduino_due_x_dbg\Debug/core.a(wiring_digital.c.o)
                0x00080c90                pinMode
 .text.digitalWrite
                0x00080d98       0x70 C:\Users\mthom\AppData\Local\Temp\VMBuilds\SPIDAC_Test\arduino_due_x_dbg\Debug/core.a(wiring_digital.c.o)
                0x00080d98                digitalWrite
 .text.initVariant
                0x00080e08        0x2 C:\Users\mthom\AppData\Local\Temp\VMBuilds\SPIDAC_Test\arduino_due_x_dbg\Debug/core.a(main.cpp.o)
                0x00080e08                initVariant
 *fill*         0x00080e0a        0x2 
 .text.startup.main
                0x00080e0c       0x38 C:\Users\mthom\AppData\Local\Temp\VMBuilds\SPIDAC_Test\arduino_due_x_dbg\Debug/core.a(main.cpp.o)
                0x00080e0c                main
 .text._ZN5Print5writeEPKhj
                0x00080e44       0x22 C:\Users\mthom\AppData\Local\Temp\VMBuilds\SPIDAC_Test\arduino_due_x_dbg\Debug/core.a(Print.cpp.o)
                0x00080e44                Print::write(unsigned char const*, unsigned int)
 .text._ZN5Print5printEmi.part.3
                0x00080e66        0xc C:\Users\mthom\AppData\Local\Temp\VMBuilds\SPIDAC_Test\arduino_due_x_dbg\Debug/core.a(Print.cpp.o)
 .text._ZN5Print5writeEPKc
                0x00080e72       0x1e C:\Users\mthom\AppData\Local\Temp\VMBuilds\SPIDAC_Test\arduino_due_x_dbg\Debug/core.a(Print.cpp.o)
                0x00080e72                Print::write(char const*)
 .text._ZN5Print5printEPKc
                0x00080e90        0x8 C:\Users\mthom\AppData\Local\Temp\VMBuilds\SPIDAC_Test\arduino_due_x_dbg\Debug/core.a(Print.cpp.o)
                0x00080e90                Print::print(char const*)
 .text._ZN5Print11printNumberEmh
                0x00080e98       0x3e C:\Users\mthom\AppData\Local\Temp\VMBuilds\SPIDAC_Test\arduino_due_x_dbg\Debug/core.a(Print.cpp.o)
                0x00080e98                Print::printNumber(unsigned long, unsigned char)
 .text._ZN5Print5printEmi
                0x00080ed6        0xc C:\Users\mthom\AppData\Local\Temp\VMBuilds\SPIDAC_Test\arduino_due_x_dbg\Debug/core.a(Print.cpp.o)
                0x00080ed6                Print::print(unsigned long, int)
 .text._ZN5Print5printEhi
                0x00080ee2        0x4 C:\Users\mthom\AppData\Local\Temp\VMBuilds\SPIDAC_Test\arduino_due_x_dbg\Debug/core.a(Print.cpp.o)
                0x00080ee2                Print::print(unsigned char, int)
 *fill*         0x00080ee6        0x2 
 .text.initiateReset
                0x00080ee8        0xc C:\Users\mthom\AppData\Local\Temp\VMBuilds\SPIDAC_Test\arduino_due_x_dbg\Debug/core.a(Reset.cpp.o)
                0x00080ee8                initiateReset
 .text.cancelReset
                0x00080ef4       0x10 C:\Users\mthom\AppData\Local\Temp\VMBuilds\SPIDAC_Test\arduino_due_x_dbg\Debug/core.a(Reset.cpp.o)
                0x00080ef4                cancelReset
 .text.tickReset
                0x00080f04       0x20 C:\Users\mthom\AppData\Local\Temp\VMBuilds\SPIDAC_Test\arduino_due_x_dbg\Debug/core.a(Reset.cpp.o)
                0x00080f04                tickReset
 .text._ZN10RingBufferC2Ev
                0x00080f24       0x1a C:\Users\mthom\AppData\Local\Temp\VMBuilds\SPIDAC_Test\arduino_due_x_dbg\Debug/core.a(RingBuffer.cpp.o)
                0x00080f24                RingBuffer::RingBuffer()
                0x00080f24                RingBuffer::RingBuffer()
 .text._ZN10RingBuffer10store_charEh
                0x00080f3e       0x1e C:\Users\mthom\AppData\Local\Temp\VMBuilds\SPIDAC_Test\arduino_due_x_dbg\Debug/core.a(RingBuffer.cpp.o)
                0x00080f3e                RingBuffer::store_char(unsigned char)
 .text._ZN9UARTClasscvbEv
                0x00080f5c        0x4 C:\Users\mthom\AppData\Local\Temp\VMBuilds\SPIDAC_Test\arduino_due_x_dbg\Debug/core.a(UARTClass.cpp.o)
                0x00080f5c                UARTClass::operator bool()
 .text._ZN9UARTClass9availableEv
                0x00080f60       0x12 C:\Users\mthom\AppData\Local\Temp\VMBuilds\SPIDAC_Test\arduino_due_x_dbg\Debug/core.a(UARTClass.cpp.o)
                0x00080f60                UARTClass::available()
 .text._ZN9UARTClass4peekEv
                0x00080f72       0x1c C:\Users\mthom\AppData\Local\Temp\VMBuilds\SPIDAC_Test\arduino_due_x_dbg\Debug/core.a(UARTClass.cpp.o)
                0x00080f72                UARTClass::peek()
 .text._ZN9UARTClass4readEv
                0x00080f8e       0x2a C:\Users\mthom\AppData\Local\Temp\VMBuilds\SPIDAC_Test\arduino_due_x_dbg\Debug/core.a(UARTClass.cpp.o)
                0x00080f8e                UARTClass::read()
 .text._ZN9UARTClass5flushEv
                0x00080fb8       0x18 C:\Users\mthom\AppData\Local\Temp\VMBuilds\SPIDAC_Test\arduino_due_x_dbg\Debug/core.a(UARTClass.cpp.o)
                0x00080fb8                UARTClass::flush()
 .text._ZN9UARTClass5writeEh
                0x00080fd0       0x54 C:\Users\mthom\AppData\Local\Temp\VMBuilds\SPIDAC_Test\arduino_due_x_dbg\Debug/core.a(UARTClass.cpp.o)
                0x00080fd0                UARTClass::write(unsigned char)
 .text._ZN9UARTClass3endEv
                0x00081024       0x3c C:\Users\mthom\AppData\Local\Temp\VMBuilds\SPIDAC_Test\arduino_due_x_dbg\Debug/core.a(UARTClass.cpp.o)
                0x00081024                UARTClass::end()
 .text._ZN9UARTClassC2EP4Uart4IRQnmP10RingBufferS4_
                0x00081060       0x24 C:\Users\mthom\AppData\Local\Temp\VMBuilds\SPIDAC_Test\arduino_due_x_dbg\Debug/core.a(UARTClass.cpp.o)
                0x00081060                UARTClass::UARTClass(Uart*, IRQn, unsigned long, RingBuffer*, RingBuffer*)
                0x00081060                UARTClass::UARTClass(Uart*, IRQn, unsigned long, RingBuffer*, RingBuffer*)
 .text._ZN9UARTClass4initEmm
                0x00081084       0x70 C:\Users\mthom\AppData\Local\Temp\VMBuilds\SPIDAC_Test\arduino_due_x_dbg\Debug/core.a(UARTClass.cpp.o)
                0x00081084                UARTClass::init(unsigned long, unsigned long)
 .text._ZN9UARTClass5beginEm
                0x000810f4        0x8 C:\Users\mthom\AppData\Local\Temp\VMBuilds\SPIDAC_Test\arduino_due_x_dbg\Debug/core.a(UARTClass.cpp.o)
                0x000810f4                UARTClass::begin(unsigned long)
 .text._ZN9UARTClass10IrqHandlerEv
                0x000810fc       0x5a C:\Users\mthom\AppData\Local\Temp\VMBuilds\SPIDAC_Test\arduino_due_x_dbg\Debug/core.a(UARTClass.cpp.o)
                0x000810fc                UARTClass::IrqHandler()
 .text._ZN10USARTClass5beginEm
                0x00081156        0x8 C:\Users\mthom\AppData\Local\Temp\VMBuilds\SPIDAC_Test\arduino_due_x_dbg\Debug/core.a(USARTClass.cpp.o)
                0x00081156                USARTClass::begin(unsigned long)
 *fill*         0x0008115e        0x2 
 .text._ZN10USARTClassC2EP5Usart4IRQnmP10RingBufferS4_
                0x00081160       0x24 C:\Users\mthom\AppData\Local\Temp\VMBuilds\SPIDAC_Test\arduino_due_x_dbg\Debug/core.a(USARTClass.cpp.o)
                0x00081160                USARTClass::USARTClass(Usart*, IRQn, unsigned long, RingBuffer*, RingBuffer*)
                0x00081160                USARTClass::USARTClass(Usart*, IRQn, unsigned long, RingBuffer*, RingBuffer*)
 .text._watchdogDefaultSetup
                0x00081184        0xc C:\Users\mthom\AppData\Local\Temp\VMBuilds\SPIDAC_Test\arduino_due_x_dbg\Debug/core.a(watchdog.cpp.o)
                0x00081184                _watchdogDefaultSetup
                0x00081184                watchdogSetup()
 .text.unlikely._ZL11USB_SendZlpv
                0x00081190       0x20 C:\Users\mthom\AppData\Local\Temp\VMBuilds\SPIDAC_Test\arduino_due_x_dbg\Debug/core.a(USBCore.cpp.o)
 .text._Z14USBD_Availablem
                0x000811b0       0x2c C:\Users\mthom\AppData\Local\Temp\VMBuilds\SPIDAC_Test\arduino_due_x_dbg\Debug/core.a(USBCore.cpp.o)
                0x000811b0                USBD_Available(unsigned long)
 .text._Z9USBD_RecvmPvm
                0x000811dc       0x7c C:\Users\mthom\AppData\Local\Temp\VMBuilds\SPIDAC_Test\arduino_due_x_dbg\Debug/core.a(USBCore.cpp.o)
                0x000811dc                USBD_Recv(unsigned long, void*, unsigned long)
 .text._Z9USBD_Recvm
                0x00081258       0x22 C:\Users\mthom\AppData\Local\Temp\VMBuilds\SPIDAC_Test\arduino_due_x_dbg\Debug/core.a(USBCore.cpp.o)
                0x00081258                USBD_Recv(unsigned long)
 *fill*         0x0008127a        0x2 
 .text._Z9USBD_SendmPKvm
                0x0008127c       0x4c C:\Users\mthom\AppData\Local\Temp\VMBuilds\SPIDAC_Test\arduino_due_x_dbg\Debug/core.a(USBCore.cpp.o)
                0x0008127c                USBD_Send(unsigned long, void const*, unsigned long)
 .text._Z16USBD_SendControlhPKvm
                0x000812c8       0x40 C:\Users\mthom\AppData\Local\Temp\VMBuilds\SPIDAC_Test\arduino_due_x_dbg\Debug/core.a(USBCore.cpp.o)
                0x000812c8                USBD_SendControl(unsigned char, void const*, unsigned long)
 .text.unlikely._ZL24USB_SendStringDescriptorPKhi
                0x00081308       0x64 C:\Users\mthom\AppData\Local\Temp\VMBuilds\SPIDAC_Test\arduino_due_x_dbg\Debug/core.a(USBCore.cpp.o)
 .text._Z16USBD_RecvControlPvm
                0x0008136c       0x1c C:\Users\mthom\AppData\Local\Temp\VMBuilds\SPIDAC_Test\arduino_due_x_dbg\Debug/core.a(USBCore.cpp.o)
                0x0008136c                USBD_RecvControl(void*, unsigned long)
 .text._Z26USBD_ClassInterfaceRequestR8USBSetup
                0x00081388       0x1e C:\Users\mthom\AppData\Local\Temp\VMBuilds\SPIDAC_Test\arduino_due_x_dbg\Debug/core.a(USBCore.cpp.o)
                0x00081388                USBD_ClassInterfaceRequest(USBSetup&)
 .text._Z19USBD_SendInterfacesv
                0x000813a6       0x22 C:\Users\mthom\AppData\Local\Temp\VMBuilds\SPIDAC_Test\arduino_due_x_dbg\Debug/core.a(USBCore.cpp.o)
                0x000813a6                USBD_SendInterfaces()
 .text._Z24USBD_SendOtherInterfacesv
                0x000813c8       0x22 C:\Users\mthom\AppData\Local\Temp\VMBuilds\SPIDAC_Test\arduino_due_x_dbg\Debug/core.a(USBCore.cpp.o)
                0x000813c8                USBD_SendOtherInterfaces()
 .text._Z10USBD_Flushm
                0x000813ea       0x16 C:\Users\mthom\AppData\Local\Temp\VMBuilds\SPIDAC_Test\arduino_due_x_dbg\Debug/core.a(USBCore.cpp.o)
                0x000813ea                USBD_Flush(unsigned long)
 .text._ZN10USBDevice_C2Ev
                0x00081400       0x24 C:\Users\mthom\AppData\Local\Temp\VMBuilds\SPIDAC_Test\arduino_due_x_dbg\Debug/core.a(USBCore.cpp.o)
                0x00081400                USBDevice_::USBDevice_()
                0x00081400                USBDevice_::USBDevice_()
 .text._ZN10USBDevice_6attachEv
                0x00081424       0x20 C:\Users\mthom\AppData\Local\Temp\VMBuilds\SPIDAC_Test\arduino_due_x_dbg\Debug/core.a(USBCore.cpp.o)
                0x00081424                USBDevice_::attach()
 .text.startup._GLOBAL__sub_I_EndPoints
                0x00081444        0xc C:\Users\mthom\AppData\Local\Temp\VMBuilds\SPIDAC_Test\arduino_due_x_dbg\Debug/core.a(USBCore.cpp.o)
 .text._ZL7USB_ISRv
                0x00081450      0x454 C:\Users\mthom\AppData\Local\Temp\VMBuilds\SPIDAC_Test\arduino_due_x_dbg\Debug/core.a(USBCore.cpp.o)
 .text._ZN7Serial_9availableEv
                0x000818a4       0x18 C:\Users\mthom\AppData\Local\Temp\VMBuilds\SPIDAC_Test\arduino_due_x_dbg\Debug/core.a(CDC.cpp.o)
                0x000818a4                Serial_::available()
 .text._ZN7Serial_17availableForWriteEv
                0x000818bc        0x6 C:\Users\mthom\AppData\Local\Temp\VMBuilds\SPIDAC_Test\arduino_due_x_dbg\Debug/core.a(CDC.cpp.o)
                0x000818bc                Serial_::availableForWrite()
 *fill*         0x000818c2        0x2 
 .text._ZN7Serial_4peekEv
                0x000818c4       0x20 C:\Users\mthom\AppData\Local\Temp\VMBuilds\SPIDAC_Test\arduino_due_x_dbg\Debug/core.a(CDC.cpp.o)
                0x000818c4                Serial_::peek()
 .text._ZN7Serial_5writeEh
                0x000818e4       0x16 C:\Users\mthom\AppData\Local\Temp\VMBuilds\SPIDAC_Test\arduino_due_x_dbg\Debug/core.a(CDC.cpp.o)
                0x000818e4                Serial_::write(unsigned char)
 *fill*         0x000818fa        0x2 
 .text._ZN7Serial_4readEv
                0x000818fc       0x44 C:\Users\mthom\AppData\Local\Temp\VMBuilds\SPIDAC_Test\arduino_due_x_dbg\Debug/core.a(CDC.cpp.o)
                0x000818fc                Serial_::read()
 .text._ZN7Serial_5flushEv
                0x00081940        0x6 C:\Users\mthom\AppData\Local\Temp\VMBuilds\SPIDAC_Test\arduino_due_x_dbg\Debug/core.a(CDC.cpp.o)
                0x00081940                Serial_::flush()
 *fill*         0x00081946        0x2 
 .text._ZN7Serial_6acceptEv
                0x00081948       0x70 C:\Users\mthom\AppData\Local\Temp\VMBuilds\SPIDAC_Test\arduino_due_x_dbg\Debug/core.a(CDC.cpp.o)
                0x00081948                Serial_::accept()
 .text._ZN7Serial_5writeEPKhj
                0x000819b8       0x2c C:\Users\mthom\AppData\Local\Temp\VMBuilds\SPIDAC_Test\arduino_due_x_dbg\Debug/core.a(CDC.cpp.o)
                0x000819b8                Serial_::write(unsigned char const*, unsigned int)
 .text._Z16CDC_GetInterfacePh
                0x000819e4       0x14 C:\Users\mthom\AppData\Local\Temp\VMBuilds\SPIDAC_Test\arduino_due_x_dbg\Debug/core.a(CDC.cpp.o)
                0x000819e4                CDC_GetInterface(unsigned char*)
 .text._Z21CDC_GetOtherInterfacePh
                0x000819f8       0x14 C:\Users\mthom\AppData\Local\Temp\VMBuilds\SPIDAC_Test\arduino_due_x_dbg\Debug/core.a(CDC.cpp.o)
                0x000819f8                CDC_GetOtherInterface(unsigned char*)
 .text._Z9CDC_SetupR8USBSetup
                0x00081a0c       0x78 C:\Users\mthom\AppData\Local\Temp\VMBuilds\SPIDAC_Test\arduino_due_x_dbg\Debug/core.a(CDC.cpp.o)
                0x00081a0c                CDC_Setup(USBSetup&)
 .text.startup._GLOBAL__sub_I_cdc_rx_buffer
                0x00081a84       0x1c C:\Users\mthom\AppData\Local\Temp\VMBuilds\SPIDAC_Test\arduino_due_x_dbg\Debug/core.a(CDC.cpp.o)
 .text._ZN13PluggableUSB_12getInterfaceEPh
                0x00081aa0       0x28 C:\Users\mthom\AppData\Local\Temp\VMBuilds\SPIDAC_Test\arduino_due_x_dbg\Debug/core.a(PluggableUSB.cpp.o)
                0x00081aa0                PluggableUSB_::getInterface(unsigned char*)
 .text._ZN13PluggableUSB_13getDescriptorER8USBSetup
                0x00081ac8       0x1c C:\Users\mthom\AppData\Local\Temp\VMBuilds\SPIDAC_Test\arduino_due_x_dbg\Debug/core.a(PluggableUSB.cpp.o)
                0x00081ac8                PluggableUSB_::getDescriptor(USBSetup&)
 .text._ZN13PluggableUSB_12getShortNameEPc
                0x00081ae4       0x1c C:\Users\mthom\AppData\Local\Temp\VMBuilds\SPIDAC_Test\arduino_due_x_dbg\Debug/core.a(PluggableUSB.cpp.o)
                0x00081ae4                PluggableUSB_::getShortName(char*)
 .text._ZN13PluggableUSB_5setupER8USBSetup
                0x00081b00       0x20 C:\Users\mthom\AppData\Local\Temp\VMBuilds\SPIDAC_Test\arduino_due_x_dbg\Debug/core.a(PluggableUSB.cpp.o)
                0x00081b00                PluggableUSB_::setup(USBSetup&)
 .text._Z12PluggableUSBv
                0x00081b20       0x28 C:\Users\mthom\AppData\Local\Temp\VMBuilds\SPIDAC_Test\arduino_due_x_dbg\Debug/core.a(PluggableUSB.cpp.o)
                0x00081b20                PluggableUSB()
 .text.TimeTick_Increment
                0x00081b48       0x10 C:\Users\mthom\AppData\Local\arduino15\packages\arduino\hardware\sam\1.6.11\variants\arduino_due_x/libsam_sam3x8e_gcc_rel.a(timetick.o)
                0x00081b48                TimeTick_Increment
 .text.GetTickCount
                0x00081b58        0xc C:\Users\mthom\AppData\Local\arduino15\packages\arduino\hardware\sam\1.6.11\variants\arduino_due_x/libsam_sam3x8e_gcc_rel.a(timetick.o)
                0x00081b58                GetTickCount
 .text.WDT_Disable
                0x00081b64        0x8 C:\Users\mthom\AppData\Local\arduino15\packages\arduino\hardware\sam\1.6.11\variants\arduino_due_x/libsam_sam3x8e_gcc_rel.a(wdt.o)
                0x00081b64                WDT_Disable
 .text.UDD_SetStack
                0x00081b6c        0xc C:\Users\mthom\AppData\Local\arduino15\packages\arduino\hardware\sam\1.6.11\variants\arduino_due_x/libsam_sam3x8e_gcc_rel.a(uotghs_device.o)
                0x00081b6c                UDD_SetStack
 .text.UDD_Init
                0x00081b78       0xd0 C:\Users\mthom\AppData\Local\arduino15\packages\arduino\hardware\sam\1.6.11\variants\arduino_due_x/libsam_sam3x8e_gcc_rel.a(uotghs_device.o)
                0x00081b78                UDD_Init
 .text.UDD_Attach
                0x00081c48       0x50 C:\Users\mthom\AppData\Local\arduino15\packages\arduino\hardware\sam\1.6.11\variants\arduino_due_x/libsam_sam3x8e_gcc_rel.a(uotghs_device.o)
                0x00081c48                UDD_Attach
 .text.UDD_InitEP
                0x00081c98       0x2c C:\Users\mthom\AppData\Local\arduino15\packages\arduino\hardware\sam\1.6.11\variants\arduino_due_x/libsam_sam3x8e_gcc_rel.a(uotghs_device.o)
                0x00081c98                UDD_InitEP
 .text.UDD_InitEndpoints
                0x00081cc4       0x3c C:\Users\mthom\AppData\Local\arduino15\packages\arduino\hardware\sam\1.6.11\variants\arduino_due_x/libsam_sam3x8e_gcc_rel.a(uotghs_device.o)
                0x00081cc4                UDD_InitEndpoints
 .text.UDD_WaitIN
                0x00081d00       0x10 C:\Users\mthom\AppData\Local\arduino15\packages\arduino\hardware\sam\1.6.11\variants\arduino_due_x/libsam_sam3x8e_gcc_rel.a(uotghs_device.o)
                0x00081d00                UDD_WaitIN
 .text.UDD_WaitOUT
                0x00081d10       0x10 C:\Users\mthom\AppData\Local\arduino15\packages\arduino\hardware\sam\1.6.11\variants\arduino_due_x/libsam_sam3x8e_gcc_rel.a(uotghs_device.o)
                0x00081d10                UDD_WaitOUT
 .text.UDD_ClearIN
                0x00081d20       0x18 C:\Users\mthom\AppData\Local\arduino15\packages\arduino\hardware\sam\1.6.11\variants\arduino_due_x/libsam_sam3x8e_gcc_rel.a(uotghs_device.o)
                0x00081d20                UDD_ClearIN
 .text.UDD_ClearOUT
                0x00081d38       0x18 C:\Users\mthom\AppData\Local\arduino15\packages\arduino\hardware\sam\1.6.11\variants\arduino_due_x/libsam_sam3x8e_gcc_rel.a(uotghs_device.o)
                0x00081d38                UDD_ClearOUT
 .text.UDD_ReceivedSetupInt
                0x00081d50       0x10 C:\Users\mthom\AppData\Local\arduino15\packages\arduino\hardware\sam\1.6.11\variants\arduino_due_x/libsam_sam3x8e_gcc_rel.a(uotghs_device.o)
                0x00081d50                UDD_ReceivedSetupInt
 .text.UDD_ClearSetupInt
                0x00081d60       0x10 C:\Users\mthom\AppData\Local\arduino15\packages\arduino\hardware\sam\1.6.11\variants\arduino_due_x/libsam_sam3x8e_gcc_rel.a(uotghs_device.o)
                0x00081d60                UDD_ClearSetupInt
 .text.UDD_Send
                0x00081d70       0x88 C:\Users\mthom\AppData\Local\arduino15\packages\arduino\hardware\sam\1.6.11\variants\arduino_due_x/libsam_sam3x8e_gcc_rel.a(uotghs_device.o)
                0x00081d70                UDD_Send
 .text.UDD_Send8
                0x00081df8       0x24 C:\Users\mthom\AppData\Local\arduino15\packages\arduino\hardware\sam\1.6.11\variants\arduino_due_x/libsam_sam3x8e_gcc_rel.a(uotghs_device.o)
                0x00081df8                UDD_Send8
 .text.UDD_Recv8
                0x00081e1c       0x28 C:\Users\mthom\AppData\Local\arduino15\packages\arduino\hardware\sam\1.6.11\variants\arduino_due_x/libsam_sam3x8e_gcc_rel.a(uotghs_device.o)
                0x00081e1c                UDD_Recv8
 .text.UDD_Recv
                0x00081e44       0x34 C:\Users\mthom\AppData\Local\arduino15\packages\arduino\hardware\sam\1.6.11\variants\arduino_due_x/libsam_sam3x8e_gcc_rel.a(uotghs_device.o)
                0x00081e44                UDD_Recv
 .text.UDD_Stall
                0x00081e78       0x14 C:\Users\mthom\AppData\Local\arduino15\packages\arduino\hardware\sam\1.6.11\variants\arduino_due_x/libsam_sam3x8e_gcc_rel.a(uotghs_device.o)
                0x00081e78                UDD_Stall
 .text.UDD_FifoByteCount
                0x00081e8c       0x14 C:\Users\mthom\AppData\Local\arduino15\packages\arduino\hardware\sam\1.6.11\variants\arduino_due_x/libsam_sam3x8e_gcc_rel.a(uotghs_device.o)
                0x00081e8c                UDD_FifoByteCount
 .text.UDD_ReleaseRX
                0x00081ea0       0x28 C:\Users\mthom\AppData\Local\arduino15\packages\arduino\hardware\sam\1.6.11\variants\arduino_due_x/libsam_sam3x8e_gcc_rel.a(uotghs_device.o)
                0x00081ea0                UDD_ReleaseRX
 .text.UDD_ReleaseTX
                0x00081ec8       0x28 C:\Users\mthom\AppData\Local\arduino15\packages\arduino\hardware\sam\1.6.11\variants\arduino_due_x/libsam_sam3x8e_gcc_rel.a(uotghs_device.o)
                0x00081ec8                UDD_ReleaseTX
 .text.UDD_SetAddress
                0x00081ef0       0x20 C:\Users\mthom\AppData\Local\arduino15\packages\arduino\hardware\sam\1.6.11\variants\arduino_due_x/libsam_sam3x8e_gcc_rel.a(uotghs_device.o)
                0x00081ef0                UDD_SetAddress
 .text.__libc_init_array
                0x00081f10       0x50 c:/users/mthom/appdata/local/arduino15/packages/arduino/tools/arm-none-eabi-gcc/4.8.3-2014q1/bin/../lib/gcc/arm-none-eabi/4.8.3/../../../../arm-none-eabi/lib/armv7-m\libg.a(lib_a-init.o)
                0x00081f10                __libc_init_array
 .text.iprintf  0x00081f60       0x28 c:/users/mthom/appdata/local/arduino15/packages/arduino/tools/arm-none-eabi-gcc/4.8.3-2014q1/bin/../lib/gcc/arm-none-eabi/4.8.3/../../../../arm-none-eabi/lib/armv7-m\libg.a(lib_a-iprintf.o)
                0x00081f60                iprintf
 .text.memset   0x00081f88       0x94 c:/users/mthom/appdata/local/arduino15/packages/arduino/tools/arm-none-eabi-gcc/4.8.3-2014q1/bin/../lib/gcc/arm-none-eabi/4.8.3/../../../../arm-none-eabi/lib/armv7-m\libg.a(lib_a-memset.o)
                0x00081f88                memset
 .text.strlen   0x0008201c       0x60 c:/users/mthom/appdata/local/arduino15/packages/arduino/tools/arm-none-eabi-gcc/4.8.3-2014q1/bin/../lib/gcc/arm-none-eabi/4.8.3/../../../../arm-none-eabi/lib/armv7-m\libg.a(lib_a-strlen.o)
                0x0008201c                strlen
 .text.kill     0x0008207c       0x10 c:/users/mthom/appdata/local/arduino15/packages/arduino/tools/arm-none-eabi-gcc/4.8.3-2014q1/bin/../lib/gcc/arm-none-eabi/4.8.3/../../../../arm-none-eabi/lib/armv7-m\libg.a(lib_a-syskill.o)
                0x0008207c                kill
 .text.__sprint_r.part.0
                0x0008208c       0x78 c:/users/mthom/appdata/local/arduino15/packages/arduino/tools/arm-none-eabi-gcc/4.8.3-2014q1/bin/../lib/gcc/arm-none-eabi/4.8.3/../../../../arm-none-eabi/lib/armv7-m\libg.a(lib_a-vfiprintf.o)
 .text._vfiprintf_r
                0x00082104      0xc54 c:/users/mthom/appdata/local/arduino15/packages/arduino/tools/arm-none-eabi-gcc/4.8.3-2014q1/bin/../lib/gcc/arm-none-eabi/4.8.3/../../../../arm-none-eabi/lib/armv7-m\libg.a(lib_a-vfiprintf.o)
                0x00082104                _vfiprintf_r
 .text.__sbprintf
                0x00082d58       0x7c c:/users/mthom/appdata/local/arduino15/packages/arduino/tools/arm-none-eabi-gcc/4.8.3-2014q1/bin/../lib/gcc/arm-none-eabi/4.8.3/../../../../arm-none-eabi/lib/armv7-m\libg.a(lib_a-vfiprintf.o)
 .text.__swsetup_r
                0x00082dd4       0xc4 c:/users/mthom/appdata/local/arduino15/packages/arduino/tools/arm-none-eabi-gcc/4.8.3-2014q1/bin/../lib/gcc/arm-none-eabi/4.8.3/../../../../arm-none-eabi/lib/armv7-m\libg.a(lib_a-wsetup.o)
                0x00082dd4                __swsetup_r
 .text.startup.register_fini
                0x00082e98       0x14 c:/users/mthom/appdata/local/arduino15/packages/arduino/tools/arm-none-eabi-gcc/4.8.3-2014q1/bin/../lib/gcc/arm-none-eabi/4.8.3/../../../../arm-none-eabi/lib/armv7-m\libg.a(lib_a-__call_atexit.o)
 .text.atexit   0x00082eac        0xc c:/users/mthom/appdata/local/arduino15/packages/arduino/tools/arm-none-eabi-gcc/4.8.3-2014q1/bin/../lib/gcc/arm-none-eabi/4.8.3/../../../../arm-none-eabi/lib/armv7-m\libg.a(lib_a-atexit.o)
                0x00082eac                atexit
 .text.__sflush_r
                0x00082eb8      0x148 c:/users/mthom/appdata/local/arduino15/packages/arduino/tools/arm-none-eabi-gcc/4.8.3-2014q1/bin/../lib/gcc/arm-none-eabi/4.8.3/../../../../arm-none-eabi/lib/armv7-m\libg.a(lib_a-fflush.o)
                0x00082eb8                __sflush_r
 .text._fflush_r
                0x00083000       0x2c c:/users/mthom/appdata/local/arduino15/packages/arduino/tools/arm-none-eabi-gcc/4.8.3-2014q1/bin/../lib/gcc/arm-none-eabi/4.8.3/../../../../arm-none-eabi/lib/armv7-m\libg.a(lib_a-fflush.o)
                0x00083000                _fflush_r
 .text._cleanup_r
                0x0008302c        0xc c:/users/mthom/appdata/local/arduino15/packages/arduino/tools/arm-none-eabi-gcc/4.8.3-2014q1/bin/../lib/gcc/arm-none-eabi/4.8.3/../../../../arm-none-eabi/lib/armv7-m\libg.a(lib_a-findfp.o)
                0x0008302c                _cleanup_r
 .text.__sinit  0x00083038       0xf4 c:/users/mthom/appdata/local/arduino15/packages/arduino/tools/arm-none-eabi-gcc/4.8.3-2014q1/bin/../lib/gcc/arm-none-eabi/4.8.3/../../../../arm-none-eabi/lib/armv7-m\libg.a(lib_a-findfp.o)
                0x00083038                __sinit
 .text.__sfp_lock_acquire
                0x0008312c        0x4 c:/users/mthom/appdata/local/arduino15/packages/arduino/tools/arm-none-eabi-gcc/4.8.3-2014q1/bin/../lib/gcc/arm-none-eabi/4.8.3/../../../../arm-none-eabi/lib/armv7-m\libg.a(lib_a-findfp.o)
                0x0008312c                __sfp_lock_acquire
 .text.__sfp_lock_release
                0x00083130        0x4 c:/users/mthom/appdata/local/arduino15/packages/arduino/tools/arm-none-eabi-gcc/4.8.3-2014q1/bin/../lib/gcc/arm-none-eabi/4.8.3/../../../../arm-none-eabi/lib/armv7-m\libg.a(lib_a-findfp.o)
                0x00083130                __sfp_lock_release
 .text.__libc_fini_array
                0x00083134       0x30 c:/users/mthom/appdata/local/arduino15/packages/arduino/tools/arm-none-eabi-gcc/4.8.3-2014q1/bin/../lib/gcc/arm-none-eabi/4.8.3/../../../../arm-none-eabi/lib/armv7-m\libg.a(lib_a-fini.o)
                0x00083134                __libc_fini_array
 .text._fputwc_r
                0x00083164       0xc0 c:/users/mthom/appdata/local/arduino15/packages/arduino/tools/arm-none-eabi-gcc/4.8.3-2014q1/bin/../lib/gcc/arm-none-eabi/4.8.3/../../../../arm-none-eabi/lib/armv7-m\libg.a(lib_a-fputwc.o)
                0x00083164                _fputwc_r
 .text._malloc_trim_r
                0x00083224       0x9c c:/users/mthom/appdata/local/arduino15/packages/arduino/tools/arm-none-eabi-gcc/4.8.3-2014q1/bin/../lib/gcc/arm-none-eabi/4.8.3/../../../../arm-none-eabi/lib/armv7-m\libg.a(lib_a-freer.o)
                0x00083224                _malloc_trim_r
 .text._free_r  0x000832c0      0x198 c:/users/mthom/appdata/local/arduino15/packages/arduino/tools/arm-none-eabi-gcc/4.8.3-2014q1/bin/../lib/gcc/arm-none-eabi/4.8.3/../../../../arm-none-eabi/lib/armv7-m\libg.a(lib_a-freer.o)
                0x000832c0                _free_r
 .text.__sfvwrite_r
                0x00083458      0x314 c:/users/mthom/appdata/local/arduino15/packages/arduino/tools/arm-none-eabi-gcc/4.8.3-2014q1/bin/../lib/gcc/arm-none-eabi/4.8.3/../../../../arm-none-eabi/lib/armv7-m\libg.a(lib_a-fvwrite.o)
                0x00083458                __sfvwrite_r
 .text._fwalk   0x0008376c       0x48 c:/users/mthom/appdata/local/arduino15/packages/arduino/tools/arm-none-eabi-gcc/4.8.3-2014q1/bin/../lib/gcc/arm-none-eabi/4.8.3/../../../../arm-none-eabi/lib/armv7-m\libg.a(lib_a-fwalk.o)
                0x0008376c                _fwalk
 .text.__locale_charset
                0x000837b4        0x8 c:/users/mthom/appdata/local/arduino15/packages/arduino/tools/arm-none-eabi-gcc/4.8.3-2014q1/bin/../lib/gcc/arm-none-eabi/4.8.3/../../../../arm-none-eabi/lib/armv7-m\libg.a(lib_a-locale.o)
                0x000837b4                __locale_charset
 .text.__locale_mb_cur_max
                0x000837bc        0xc c:/users/mthom/appdata/local/arduino15/packages/arduino/tools/arm-none-eabi-gcc/4.8.3-2014q1/bin/../lib/gcc/arm-none-eabi/4.8.3/../../../../arm-none-eabi/lib/armv7-m\libg.a(lib_a-locale.o)
                0x000837bc                __locale_mb_cur_max
 .text.__smakebuf_r
                0x000837c8       0xe0 c:/users/mthom/appdata/local/arduino15/packages/arduino/tools/arm-none-eabi-gcc/4.8.3-2014q1/bin/../lib/gcc/arm-none-eabi/4.8.3/../../../../arm-none-eabi/lib/armv7-m\libg.a(lib_a-makebuf.o)
                0x000837c8                __smakebuf_r
 .text._malloc_r
                0x000838a8      0x538 c:/users/mthom/appdata/local/arduino15/packages/arduino/tools/arm-none-eabi-gcc/4.8.3-2014q1/bin/../lib/gcc/arm-none-eabi/4.8.3/../../../../arm-none-eabi/lib/armv7-m\libg.a(lib_a-mallocr.o)
                0x000838a8                _malloc_r
 .text.memchr   0x00083de0       0x94 c:/users/mthom/appdata/local/arduino15/packages/arduino/tools/arm-none-eabi-gcc/4.8.3-2014q1/bin/../lib/gcc/arm-none-eabi/4.8.3/../../../../arm-none-eabi/lib/armv7-m\libg.a(lib_a-memchr-stub.o)
                0x00083de0                memchr
 .text          0x00083e74       0xec c:/users/mthom/appdata/local/arduino15/packages/arduino/tools/arm-none-eabi-gcc/4.8.3-2014q1/bin/../lib/gcc/arm-none-eabi/4.8.3/../../../../arm-none-eabi/lib/armv7-m\libg.a(lib_a-memcpy.o)
                0x00083e74                memcpy
 .text.memmove  0x00083f60       0xcc c:/users/mthom/appdata/local/arduino15/packages/arduino/tools/arm-none-eabi-gcc/4.8.3-2014q1/bin/../lib/gcc/arm-none-eabi/4.8.3/../../../../arm-none-eabi/lib/armv7-m\libg.a(lib_a-memmove.o)
                0x00083f60                memmove
 .text.__malloc_lock
                0x0008402c        0x4 c:/users/mthom/appdata/local/arduino15/packages/arduino/tools/arm-none-eabi-gcc/4.8.3-2014q1/bin/../lib/gcc/arm-none-eabi/4.8.3/../../../../arm-none-eabi/lib/armv7-m\libg.a(lib_a-mlock.o)
                0x0008402c                __malloc_lock
 .text.__malloc_unlock
                0x00084030        0x4 c:/users/mthom/appdata/local/arduino15/packages/arduino/tools/arm-none-eabi-gcc/4.8.3-2014q1/bin/../lib/gcc/arm-none-eabi/4.8.3/../../../../arm-none-eabi/lib/armv7-m\libg.a(lib_a-mlock.o)
                0x00084030                __malloc_unlock
 .text._realloc_r
                0x00084034      0x3c0 c:/users/mthom/appdata/local/arduino15/packages/arduino/tools/arm-none-eabi-gcc/4.8.3-2014q1/bin/../lib/gcc/arm-none-eabi/4.8.3/../../../../arm-none-eabi/lib/armv7-m\libg.a(lib_a-reallocr.o)
                0x00084034                _realloc_r
 .text._sbrk_r  0x000843f4       0x24 c:/users/mthom/appdata/local/arduino15/packages/arduino/tools/arm-none-eabi-gcc/4.8.3-2014q1/bin/../lib/gcc/arm-none-eabi/4.8.3/../../../../arm-none-eabi/lib/armv7-m\libg.a(lib_a-sbrkr.o)
                0x000843f4                _sbrk_r
 .text._kill_r  0x00084418       0x28 c:/users/mthom/appdata/local/arduino15/packages/arduino/tools/arm-none-eabi-gcc/4.8.3-2014q1/bin/../lib/gcc/arm-none-eabi/4.8.3/../../../../arm-none-eabi/lib/armv7-m\libg.a(lib_a-signalr.o)
                0x00084418                _kill_r
 .text.__sread  0x00084440       0x24 c:/users/mthom/appdata/local/arduino15/packages/arduino/tools/arm-none-eabi-gcc/4.8.3-2014q1/bin/../lib/gcc/arm-none-eabi/4.8.3/../../../../arm-none-eabi/lib/armv7-m\libg.a(lib_a-stdio.o)
                0x00084440                __sread
 .text.__swrite
                0x00084464       0x38 c:/users/mthom/appdata/local/arduino15/packages/arduino/tools/arm-none-eabi-gcc/4.8.3-2014q1/bin/../lib/gcc/arm-none-eabi/4.8.3/../../../../arm-none-eabi/lib/armv7-m\libg.a(lib_a-stdio.o)
                0x00084464                __swrite
 .text.__sseek  0x0008449c       0x20 c:/users/mthom/appdata/local/arduino15/packages/arduino/tools/arm-none-eabi-gcc/4.8.3-2014q1/bin/../lib/gcc/arm-none-eabi/4.8.3/../../../../arm-none-eabi/lib/armv7-m\libg.a(lib_a-stdio.o)
                0x0008449c                __sseek
 .text.__sclose
                0x000844bc        0x8 c:/users/mthom/appdata/local/arduino15/packages/arduino/tools/arm-none-eabi-gcc/4.8.3-2014q1/bin/../lib/gcc/arm-none-eabi/4.8.3/../../../../arm-none-eabi/lib/armv7-m\libg.a(lib_a-stdio.o)
                0x000844bc                __sclose
 .text.__swbuf_r
                0x000844c4       0xa8 c:/users/mthom/appdata/local/arduino15/packages/arduino/tools/arm-none-eabi-gcc/4.8.3-2014q1/bin/../lib/gcc/arm-none-eabi/4.8.3/../../../../arm-none-eabi/lib/armv7-m\libg.a(lib_a-wbuf.o)
                0x000844c4                __swbuf_r
 .text._wcrtomb_r
                0x0008456c       0x50 c:/users/mthom/appdata/local/arduino15/packages/arduino/tools/arm-none-eabi-gcc/4.8.3-2014q1/bin/../lib/gcc/arm-none-eabi/4.8.3/../../../../arm-none-eabi/lib/armv7-m\libg.a(lib_a-wcrtomb.o)
                0x0008456c                _wcrtomb_r
 .text.__ascii_wctomb
                0x000845bc       0x1c c:/users/mthom/appdata/local/arduino15/packages/arduino/tools/arm-none-eabi-gcc/4.8.3-2014q1/bin/../lib/gcc/arm-none-eabi/4.8.3/../../../../arm-none-eabi/lib/armv7-m\libg.a(lib_a-wctomb_r.o)
                0x000845bc                __ascii_wctomb
 .text._write_r
                0x000845d8       0x28 c:/users/mthom/appdata/local/arduino15/packages/arduino/tools/arm-none-eabi-gcc/4.8.3-2014q1/bin/../lib/gcc/arm-none-eabi/4.8.3/../../../../arm-none-eabi/lib/armv7-m\libg.a(lib_a-writer.o)
                0x000845d8                _write_r
 .text.__register_exitproc
                0x00084600       0xa8 c:/users/mthom/appdata/local/arduino15/packages/arduino/tools/arm-none-eabi-gcc/4.8.3-2014q1/bin/../lib/gcc/arm-none-eabi/4.8.3/../../../../arm-none-eabi/lib/armv7-m\libg.a(lib_a-__atexit.o)
                0x00084600                __register_exitproc
 .text._close_r
                0x000846a8       0x24 c:/users/mthom/appdata/local/arduino15/packages/arduino/tools/arm-none-eabi-gcc/4.8.3-2014q1/bin/../lib/gcc/arm-none-eabi/4.8.3/../../../../arm-none-eabi/lib/armv7-m\libg.a(lib_a-closer.o)
                0x000846a8                _close_r
 .text._fclose_r
                0x000846cc       0x80 c:/users/mthom/appdata/local/arduino15/packages/arduino/tools/arm-none-eabi-gcc/4.8.3-2014q1/bin/../lib/gcc/arm-none-eabi/4.8.3/../../../../arm-none-eabi/lib/armv7-m\libg.a(lib_a-fclose.o)
                0x000846cc                _fclose_r
 .text.fclose   0x0008474c       0x10 c:/users/mthom/appdata/local/arduino15/packages/arduino/tools/arm-none-eabi-gcc/4.8.3-2014q1/bin/../lib/gcc/arm-none-eabi/4.8.3/../../../../arm-none-eabi/lib/armv7-m\libg.a(lib_a-fclose.o)
                0x0008474c                fclose
 .text._fstat_r
                0x0008475c       0x28 c:/users/mthom/appdata/local/arduino15/packages/arduino/tools/arm-none-eabi-gcc/4.8.3-2014q1/bin/../lib/gcc/arm-none-eabi/4.8.3/../../../../arm-none-eabi/lib/armv7-m\libg.a(lib_a-fstatr.o)
                0x0008475c                _fstat_r
 .text._isatty_r
                0x00084784       0x24 c:/users/mthom/appdata/local/arduino15/packages/arduino/tools/arm-none-eabi-gcc/4.8.3-2014q1/bin/../lib/gcc/arm-none-eabi/4.8.3/../../../../arm-none-eabi/lib/armv7-m\libg.a(lib_a-isattyr.o)
                0x00084784                _isatty_r
 .text._lseek_r
                0x000847a8       0x28 c:/users/mthom/appdata/local/arduino15/packages/arduino/tools/arm-none-eabi-gcc/4.8.3-2014q1/bin/../lib/gcc/arm-none-eabi/4.8.3/../../../../arm-none-eabi/lib/armv7-m\libg.a(lib_a-lseekr.o)
                0x000847a8                _lseek_r
 .text._read_r  0x000847d0       0x28 c:/users/mthom/appdata/local/arduino15/packages/arduino/tools/arm-none-eabi-gcc/4.8.3-2014q1/bin/../lib/gcc/arm-none-eabi/4.8.3/../../../../arm-none-eabi/lib/armv7-m\libg.a(lib_a-readr.o)
                0x000847d0                _read_r
 .text          0x000847f8       0x2c c:/users/mthom/appdata/local/arduino15/packages/arduino/tools/arm-none-eabi-gcc/4.8.3-2014q1/bin/../lib/gcc/arm-none-eabi/4.8.3/armv7-m\libgcc.a(_aeabi_uldivmod.o)
                0x000847f8                __aeabi_uldivmod
 .text          0x00084824       0x60 c:/users/mthom/appdata/local/arduino15/packages/arduino/tools/arm-none-eabi-gcc/4.8.3-2014q1/bin/../lib/gcc/arm-none-eabi/4.8.3/armv7-m\libgcc.a(bpabi.o)
                0x00084824                __gnu_ldivmod_helper
                0x00084854                __gnu_uldivmod_helper
 .text          0x00084884        0x4 c:/users/mthom/appdata/local/arduino15/packages/arduino/tools/arm-none-eabi-gcc/4.8.3-2014q1/bin/../lib/gcc/arm-none-eabi/4.8.3/armv7-m\libgcc.a(_dvmd_tls.o)
                0x00084884                __aeabi_idiv0
                0x00084884                __aeabi_ldiv0
 .text          0x00084888      0x2a0 c:/users/mthom/appdata/local/arduino15/packages/arduino/tools/arm-none-eabi-gcc/4.8.3-2014q1/bin/../lib/gcc/arm-none-eabi/4.8.3/armv7-m\libgcc.a(_divdi3.o)
                0x00084888                __divdi3
 .text          0x00084b28      0x290 c:/users/mthom/appdata/local/arduino15/packages/arduino/tools/arm-none-eabi-gcc/4.8.3-2014q1/bin/../lib/gcc/arm-none-eabi/4.8.3/armv7-m\libgcc.a(_udivdi3.o)
                0x00084b28                __udivdi3
 *(.glue_7t)
 .glue_7t       0x00000000        0x0 linker stubs
 *(.glue_7)
 .glue_7        0x00000000        0x0 linker stubs
 *(.rodata .rodata* .gnu.linkonce.r.*)
 .rodata.str1.1
                0x00084db8       0x12 C:\Users\mthom\AppData\Local\Temp\VMBuilds\SPIDAC_Test\arduino_due_x_dbg\Debug\SPIDAC_Test.cpp.o
 .rodata.str1.1
                0x00084dca       0x6a C:\Users\mthom\AppData\Local\Temp\VMBuilds\SPIDAC_Test\arduino_due_x_dbg\Debug\VM_DBG\VM_DBG.cpp.o
                                 0x6c (size before relaxing)
 .rodata.g_APinDescription
                0x00084e34      0xa2c C:\Users\mthom\AppData\Local\Temp\VMBCore\arduino16x\ebb6af7a01883608e9c4da35375c0bfe\variant\variant.cpp.o
                0x00084e34                g_APinDescription
 .rodata        0x00085860       0x40 C:\Users\mthom\AppData\Local\arduino15\packages\arduino\hardware\sam\1.6.11\variants\arduino_due_x/libsam_sam3x8e_gcc_rel.a(adc.o)
 .rodata.str1.1
                0x000858a0       0x19 C:\Users\mthom\AppData\Local\Temp\VMBuilds\SPIDAC_Test\arduino_due_x_dbg\Debug/core.a(syscalls_sam3.c.o)
 *fill*         0x000858b9        0x7 
 .rodata._ZTV9UARTClass
                0x000858c0       0x30 C:\Users\mthom\AppData\Local\Temp\VMBuilds\SPIDAC_Test\arduino_due_x_dbg\Debug/core.a(UARTClass.cpp.o)
                0x000858c0                vtable for UARTClass
 .rodata._ZTV10USARTClass
                0x000858f0       0x30 C:\Users\mthom\AppData\Local\Temp\VMBuilds\SPIDAC_Test\arduino_due_x_dbg\Debug/core.a(USARTClass.cpp.o)
                0x000858f0                vtable for USARTClass
 .rodata.STRING_PRODUCT
                0x00085920        0xc C:\Users\mthom\AppData\Local\Temp\VMBuilds\SPIDAC_Test\arduino_due_x_dbg\Debug/core.a(USBCore.cpp.o)
                0x00085920                STRING_PRODUCT
 .rodata.USB_DeviceDescriptor
                0x0008592c       0x12 C:\Users\mthom\AppData\Local\Temp\VMBuilds\SPIDAC_Test\arduino_due_x_dbg\Debug/core.a(USBCore.cpp.o)
                0x0008592c                USB_DeviceDescriptor
 .rodata.STRING_LANGUAGE
                0x0008593e        0x4 C:\Users\mthom\AppData\Local\Temp\VMBuilds\SPIDAC_Test\arduino_due_x_dbg\Debug/core.a(USBCore.cpp.o)
                0x0008593e                STRING_LANGUAGE
 .rodata._ZL18test_packet_buffer
                0x00085942       0x35 C:\Users\mthom\AppData\Local\Temp\VMBuilds\SPIDAC_Test\arduino_due_x_dbg\Debug/core.a(USBCore.cpp.o)
 .rodata.STRING_MANUFACTURER
                0x00085977        0xc C:\Users\mthom\AppData\Local\Temp\VMBuilds\SPIDAC_Test\arduino_due_x_dbg\Debug/core.a(USBCore.cpp.o)
                0x00085977                STRING_MANUFACTURER
 .rodata.USB_DeviceDescriptorA
                0x00085983       0x12 C:\Users\mthom\AppData\Local\Temp\VMBuilds\SPIDAC_Test\arduino_due_x_dbg\Debug/core.a(USBCore.cpp.o)
                0x00085983                USB_DeviceDescriptorA
 .rodata._ZL19USB_DeviceQualifier
                0x00085995        0x9 C:\Users\mthom\AppData\Local\Temp\VMBuilds\SPIDAC_Test\arduino_due_x_dbg\Debug/core.a(USBCore.cpp.o)
 *fill*         0x0008599e        0x2 
 .rodata._ZTV7Serial_
                0x000859a0       0x28 C:\Users\mthom\AppData\Local\Temp\VMBuilds\SPIDAC_Test\arduino_due_x_dbg\Debug/core.a(CDC.cpp.o)
                0x000859a0                vtable for Serial_
 .rodata._ZL18_cdcOtherInterface
                0x000859c8       0x42 C:\Users\mthom\AppData\Local\Temp\VMBuilds\SPIDAC_Test\arduino_due_x_dbg\Debug/core.a(CDC.cpp.o)
 .rodata._ZL13_cdcInterface
                0x00085a0a       0x42 C:\Users\mthom\AppData\Local\Temp\VMBuilds\SPIDAC_Test\arduino_due_x_dbg\Debug/core.a(CDC.cpp.o)
 .rodata.str1.4
                0x00085a4c        0x2 c:/users/mthom/appdata/local/arduino15/packages/arduino/tools/arm-none-eabi-gcc/4.8.3-2014q1/bin/../lib/gcc/arm-none-eabi/4.8.3/../../../../arm-none-eabi/lib/armv7-m\libg.a(lib_a-impure.o)
                                  0x4 (size before relaxing)
 *fill*         0x00085a4e        0x2 
 .rodata._global_impure_ptr
                0x00085a50        0x4 c:/users/mthom/appdata/local/arduino15/packages/arduino/tools/arm-none-eabi-gcc/4.8.3-2014q1/bin/../lib/gcc/arm-none-eabi/4.8.3/../../../../arm-none-eabi/lib/armv7-m\libg.a(lib_a-impure.o)
                0x00085a50                _global_impure_ptr
 .rodata.blanks.6717
                0x00085a54       0x10 c:/users/mthom/appdata/local/arduino15/packages/arduino/tools/arm-none-eabi-gcc/4.8.3-2014q1/bin/../lib/gcc/arm-none-eabi/4.8.3/../../../../arm-none-eabi/lib/armv7-m\libg.a(lib_a-vfiprintf.o)
 .rodata.str1.4
                0x00085a64       0x30 c:/users/mthom/appdata/local/arduino15/packages/arduino/tools/arm-none-eabi-gcc/4.8.3-2014q1/bin/../lib/gcc/arm-none-eabi/4.8.3/../../../../arm-none-eabi/lib/armv7-m\libg.a(lib_a-vfiprintf.o)
 .rodata.zeroes.6718
                0x00085a94       0x10 c:/users/mthom/appdata/local/arduino15/packages/arduino/tools/arm-none-eabi-gcc/4.8.3-2014q1/bin/../lib/gcc/arm-none-eabi/4.8.3/../../../../arm-none-eabi/lib/armv7-m\libg.a(lib_a-vfiprintf.o)
 *(.ARM.extab* .gnu.linkonce.armextab.*)
                0x00085aa4                . = ALIGN (0x4)
 *(.init)
 .init          0x00085aa4        0x4 c:/users/mthom/appdata/local/arduino15/packages/arduino/tools/arm-none-eabi-gcc/4.8.3-2014q1/bin/../lib/gcc/arm-none-eabi/4.8.3/armv7-m/crti.o
                0x00085aa4                _init
 .init          0x00085aa8        0x8 c:/users/mthom/appdata/local/arduino15/packages/arduino/tools/arm-none-eabi-gcc/4.8.3-2014q1/bin/../lib/gcc/arm-none-eabi/4.8.3/armv7-m/crtn.o
                0x00085ab0                . = ALIGN (0x4)
                0x00085ab0                __preinit_array_start = .
 *(.preinit_array)
                0x00085ab0                __preinit_array_end = .
                0x00085ab0                . = ALIGN (0x4)
                0x00085ab0                __init_array_start = .
 *(SORT(.init_array.*))
 .init_array.00000
                0x00085ab0        0x4 c:/users/mthom/appdata/local/arduino15/packages/arduino/tools/arm-none-eabi-gcc/4.8.3-2014q1/bin/../lib/gcc/arm-none-eabi/4.8.3/../../../../arm-none-eabi/lib/armv7-m\libg.a(lib_a-__call_atexit.o)
 *(.init_array)
 .init_array    0x00085ab4        0x4 c:/users/mthom/appdata/local/arduino15/packages/arduino/tools/arm-none-eabi-gcc/4.8.3-2014q1/bin/../lib/gcc/arm-none-eabi/4.8.3/armv7-m/crtbegin.o
 .init_array    0x00085ab8        0x4 C:\Users\mthom\AppData\Local\Temp\VMBuilds\SPIDAC_Test\arduino_due_x_dbg\Debug\SPI\SPI.cpp.o
 .init_array    0x00085abc        0x4 C:\Users\mthom\AppData\Local\Temp\VMBuilds\SPIDAC_Test\arduino_due_x_dbg\Debug\VM_DBG\VM_DBG.cpp.o
 .init_array    0x00085ac0        0x4 C:\Users\mthom\AppData\Local\Temp\VMBCore\arduino16x\ebb6af7a01883608e9c4da35375c0bfe\variant\variant.cpp.o
 .init_array    0x00085ac4        0x4 C:\Users\mthom\AppData\Local\Temp\VMBuilds\SPIDAC_Test\arduino_due_x_dbg\Debug/core.a(USBCore.cpp.o)
 .init_array    0x00085ac8        0x4 C:\Users\mthom\AppData\Local\Temp\VMBuilds\SPIDAC_Test\arduino_due_x_dbg\Debug/core.a(CDC.cpp.o)
                0x00085acc                __init_array_end = .
                0x00085acc                . = ALIGN (0x4)
 *crtbegin.o(.ctors)
 *(EXCLUDE_FILE(*crtend.o) .ctors)
 *(SORT(.ctors.*))
 *crtend.o(.ctors)
                0x00085acc                . = ALIGN (0x4)
 *(.fini)
 .fini          0x00085acc        0x4 c:/users/mthom/appdata/local/arduino15/packages/arduino/tools/arm-none-eabi-gcc/4.8.3-2014q1/bin/../lib/gcc/arm-none-eabi/4.8.3/armv7-m/crti.o
                0x00085acc                _fini
 .fini          0x00085ad0        0x8 c:/users/mthom/appdata/local/arduino15/packages/arduino/tools/arm-none-eabi-gcc/4.8.3-2014q1/bin/../lib/gcc/arm-none-eabi/4.8.3/armv7-m/crtn.o
                0x00085ad8                . = ALIGN (0x4)
                0x00085ad8                __fini_array_start = .
 *(.fini_array)
 .fini_array    0x00085ad8        0x4 c:/users/mthom/appdata/local/arduino15/packages/arduino/tools/arm-none-eabi-gcc/4.8.3-2014q1/bin/../lib/gcc/arm-none-eabi/4.8.3/armv7-m/crtbegin.o
 *(SORT(.fini_array.*))
                0x00085adc                __fini_array_end = .
 *crtbegin.o(.dtors)
 *(EXCLUDE_FILE(*crtend.o) .dtors)
 *(SORT(.dtors.*))
 *crtend.o(.dtors)
                0x00085adc                . = ALIGN (0x4)
                0x00085adc                _efixed = .
                0x00085adc                PROVIDE (__exidx_start, .)

.vfp11_veneer   0x00085adc        0x0
 .vfp11_veneer  0x00000000        0x0 linker stubs

.v4_bx          0x00085adc        0x0
 .v4_bx         0x00000000        0x0 linker stubs

.iplt           0x00085adc        0x0
 .iplt          0x00000000        0x0 c:/users/mthom/appdata/local/arduino15/packages/arduino/tools/arm-none-eabi-gcc/4.8.3-2014q1/bin/../lib/gcc/arm-none-eabi/4.8.3/armv7-m/crtbegin.o

.ARM.exidx      0x00085adc        0x8
 *(.ARM.exidx* .gnu.linkonce.armexidx.*)
 .ARM.exidx     0x00085adc        0x8 c:/users/mthom/appdata/local/arduino15/packages/arduino/tools/arm-none-eabi-gcc/4.8.3-2014q1/bin/../lib/gcc/arm-none-eabi/4.8.3/armv7-m\libgcc.a(_divdi3.o)
 .ARM.exidx     0x00085ae4        0x0 c:/users/mthom/appdata/local/arduino15/packages/arduino/tools/arm-none-eabi-gcc/4.8.3-2014q1/bin/../lib/gcc/arm-none-eabi/4.8.3/armv7-m\libgcc.a(_udivdi3.o)
                                  0x8 (size before relaxing)
                0x00085ae4                PROVIDE (__exidx_end, .)

.eh_frame       0x00085ae4        0x0
 .eh_frame      0x00085ae4        0x0 c:/users/mthom/appdata/local/arduino15/packages/arduino/tools/arm-none-eabi-gcc/4.8.3-2014q1/bin/../lib/gcc/arm-none-eabi/4.8.3/armv7-m/crtbegin.o

.rel.dyn        0x00085ae4        0x0
 .rel.iplt      0x00000000        0x0 c:/users/mthom/appdata/local/arduino15/packages/arduino/tools/arm-none-eabi-gcc/4.8.3-2014q1/bin/../lib/gcc/arm-none-eabi/4.8.3/armv7-m/crtbegin.o

.jcr            0x00085ae4        0x0
 .jcr           0x00085ae4        0x0 c:/users/mthom/appdata/local/arduino15/packages/arduino/tools/arm-none-eabi-gcc/4.8.3-2014q1/bin/../lib/gcc/arm-none-eabi/4.8.3/armv7-m/crtbegin.o

.igot.plt       0x00085ae4        0x0
 .igot.plt      0x00000000        0x0 c:/users/mthom/appdata/local/arduino15/packages/arduino/tools/arm-none-eabi-gcc/4.8.3-2014q1/bin/../lib/gcc/arm-none-eabi/4.8.3/armv7-m/crtbegin.o
                0x00085ae4                . = ALIGN (0x4)
                0x00085ae4                _etext = .

.relocate       0x20070000      0x8d4 load address 0x00085ae4
                0x20070000                . = ALIGN (0x4)
                0x20070000                _srelocate = .
 *(.ramfunc .ramfunc.*)
 .ramfunc       0x20070000       0x2c C:\Users\mthom\AppData\Local\Temp\VMBuilds\SPIDAC_Test\arduino_due_x_dbg\Debug/core.a(Reset.cpp.o)
                0x20070000                banzai
 *(.data .data.*)
 .data.SystemCoreClock
                0x2007002c        0x4 C:\Users\mthom\AppData\Local\arduino15\packages\arduino\hardware\sam\1.6.11\variants\arduino_due_x/libsam_sam3x8e_gcc_rel.a(system_sam3xa.o)
                0x2007002c                SystemCoreClock
 .data._ZL5ticks
                0x20070030        0x4 C:\Users\mthom\AppData\Local\Temp\VMBuilds\SPIDAC_Test\arduino_due_x_dbg\Debug/core.a(Reset.cpp.o)
 .data.EndPoints
                0x20070034       0x28 C:\Users\mthom\AppData\Local\Temp\VMBuilds\SPIDAC_Test\arduino_due_x_dbg\Debug/core.a(USBCore.cpp.o)
                0x20070034                EndPoints
 .data._ZL10breakValue
                0x2007005c        0x4 C:\Users\mthom\AppData\Local\Temp\VMBuilds\SPIDAC_Test\arduino_due_x_dbg\Debug/core.a(CDC.cpp.o)
 .data._ZL12_usbLineInfo
                0x20070060        0x8 C:\Users\mthom\AppData\Local\Temp\VMBuilds\SPIDAC_Test\arduino_due_x_dbg\Debug/core.a(CDC.cpp.o)
 .data.g_interrupt_enabled
                0x20070068        0x4 C:\Users\mthom\AppData\Local\arduino15\packages\arduino\hardware\sam\1.6.11\variants\arduino_due_x/libsam_sam3x8e_gcc_rel.a(interrupt_sam_nvic.o)
                0x20070068                g_interrupt_enabled
 *fill*         0x2007006c        0x4 
 .data.impure_data
                0x20070070      0x428 c:/users/mthom/appdata/local/arduino15/packages/arduino/tools/arm-none-eabi-gcc/4.8.3-2014q1/bin/../lib/gcc/arm-none-eabi/4.8.3/../../../../arm-none-eabi/lib/armv7-m\libg.a(lib_a-impure.o)
 .data._impure_ptr
                0x20070498        0x4 c:/users/mthom/appdata/local/arduino15/packages/arduino/tools/arm-none-eabi-gcc/4.8.3-2014q1/bin/../lib/gcc/arm-none-eabi/4.8.3/../../../../arm-none-eabi/lib/armv7-m\libg.a(lib_a-impure.o)
                0x20070498                _impure_ptr
 .data.lc_ctype_charset
                0x2007049c       0x20 c:/users/mthom/appdata/local/arduino15/packages/arduino/tools/arm-none-eabi-gcc/4.8.3-2014q1/bin/../lib/gcc/arm-none-eabi/4.8.3/../../../../arm-none-eabi/lib/armv7-m\libg.a(lib_a-locale.o)
 .data.__mb_cur_max
                0x200704bc        0x4 c:/users/mthom/appdata/local/arduino15/packages/arduino/tools/arm-none-eabi-gcc/4.8.3-2014q1/bin/../lib/gcc/arm-none-eabi/4.8.3/../../../../arm-none-eabi/lib/armv7-m\libg.a(lib_a-locale.o)
                0x200704bc                __mb_cur_max
 .data.__malloc_av_
                0x200704c0      0x408 c:/users/mthom/appdata/local/arduino15/packages/arduino/tools/arm-none-eabi-gcc/4.8.3-2014q1/bin/../lib/gcc/arm-none-eabi/4.8.3/../../../../arm-none-eabi/lib/armv7-m\libg.a(lib_a-mallocr.o)
                0x200704c0                __malloc_av_
 .data.__malloc_trim_threshold
                0x200708c8        0x4 c:/users/mthom/appdata/local/arduino15/packages/arduino/tools/arm-none-eabi-gcc/4.8.3-2014q1/bin/../lib/gcc/arm-none-eabi/4.8.3/../../../../arm-none-eabi/lib/armv7-m\libg.a(lib_a-mallocr.o)
                0x200708c8                __malloc_trim_threshold
 .data.__malloc_sbrk_base
                0x200708cc        0x4 c:/users/mthom/appdata/local/arduino15/packages/arduino/tools/arm-none-eabi-gcc/4.8.3-2014q1/bin/../lib/gcc/arm-none-eabi/4.8.3/../../../../arm-none-eabi/lib/armv7-m\libg.a(lib_a-mallocr.o)
                0x200708cc                __malloc_sbrk_base
 .data.__wctomb
                0x200708d0        0x4 c:/users/mthom/appdata/local/arduino15/packages/arduino/tools/arm-none-eabi-gcc/4.8.3-2014q1/bin/../lib/gcc/arm-none-eabi/4.8.3/../../../../arm-none-eabi/lib/armv7-m\libg.a(lib_a-wctomb_r.o)
                0x200708d0                __wctomb
                0x200708d4                . = ALIGN (0x4)
                0x200708d4                _erelocate = .

.bss            0x200708d4      0x8bc load address 0x000863b8
                0x200708d4                . = ALIGN (0x4)
                0x200708d4                _sbss = .
                0x200708d4                _szero = .
 *(.bss .bss.*)
 .bss           0x200708d4       0x1c c:/users/mthom/appdata/local/arduino15/packages/arduino/tools/arm-none-eabi-gcc/4.8.3-2014q1/bin/../lib/gcc/arm-none-eabi/4.8.3/armv7-m/crtbegin.o
 .bss.testOutput
                0x200708f0        0x4 C:\Users\mthom\AppData\Local\Temp\VMBuilds\SPIDAC_Test\arduino_due_x_dbg\Debug\SPIDAC_Test.cpp.o
                0x200708f0                testOutput
 .bss.SPI       0x200708f4       0x44 C:\Users\mthom\AppData\Local\Temp\VMBuilds\SPIDAC_Test\arduino_due_x_dbg\Debug\SPI\SPI.cpp.o
                0x200708f4                SPI
 .bss.MicroDebug
                0x20070938       0x4c C:\Users\mthom\AppData\Local\Temp\VMBuilds\SPIDAC_Test\arduino_due_x_dbg\Debug\VM_DBG\VM_DBG.cpp.o
                0x20070938                MicroDebug
 .bss.tx_buffer2
                0x20070984       0x88 C:\Users\mthom\AppData\Local\Temp\VMBCore\arduino16x\ebb6af7a01883608e9c4da35375c0bfe\variant\variant.cpp.o
                0x20070984                tx_buffer2
 .bss.tx_buffer1
                0x20070a0c       0x88 C:\Users\mthom\AppData\Local\Temp\VMBCore\arduino16x\ebb6af7a01883608e9c4da35375c0bfe\variant\variant.cpp.o
                0x20070a0c                tx_buffer1
 .bss.Serial    0x20070a94       0x24 C:\Users\mthom\AppData\Local\Temp\VMBCore\arduino16x\ebb6af7a01883608e9c4da35375c0bfe\variant\variant.cpp.o
                0x20070a94                Serial
 .bss.rx_buffer1
                0x20070ab8       0x88 C:\Users\mthom\AppData\Local\Temp\VMBCore\arduino16x\ebb6af7a01883608e9c4da35375c0bfe\variant\variant.cpp.o
                0x20070ab8                rx_buffer1
 .bss.Serial1   0x20070b40       0x28 C:\Users\mthom\AppData\Local\Temp\VMBCore\arduino16x\ebb6af7a01883608e9c4da35375c0bfe\variant\variant.cpp.o
                0x20070b40                Serial1
 .bss.Serial2   0x20070b68       0x28 C:\Users\mthom\AppData\Local\Temp\VMBCore\arduino16x\ebb6af7a01883608e9c4da35375c0bfe\variant\variant.cpp.o
                0x20070b68                Serial2
 .bss.Serial3   0x20070b90       0x28 C:\Users\mthom\AppData\Local\Temp\VMBCore\arduino16x\ebb6af7a01883608e9c4da35375c0bfe\variant\variant.cpp.o
                0x20070b90                Serial3
 .bss.tx_buffer3
                0x20070bb8       0x88 C:\Users\mthom\AppData\Local\Temp\VMBCore\arduino16x\ebb6af7a01883608e9c4da35375c0bfe\variant\variant.cpp.o
                0x20070bb8                tx_buffer3
 .bss.tx_buffer4
                0x20070c40       0x88 C:\Users\mthom\AppData\Local\Temp\VMBCore\arduino16x\ebb6af7a01883608e9c4da35375c0bfe\variant\variant.cpp.o
                0x20070c40                tx_buffer4
 .bss.g_pinStatus
                0x20070cc8       0x4f C:\Users\mthom\AppData\Local\Temp\VMBCore\arduino16x\ebb6af7a01883608e9c4da35375c0bfe\variant\variant.cpp.o
                0x20070cc8                g_pinStatus
 *fill*         0x20070d17        0x1 
 .bss.rx_buffer2
                0x20070d18       0x88 C:\Users\mthom\AppData\Local\Temp\VMBCore\arduino16x\ebb6af7a01883608e9c4da35375c0bfe\variant\variant.cpp.o
                0x20070d18                rx_buffer2
 .bss.rx_buffer3
                0x20070da0       0x88 C:\Users\mthom\AppData\Local\Temp\VMBCore\arduino16x\ebb6af7a01883608e9c4da35375c0bfe\variant\variant.cpp.o
                0x20070da0                rx_buffer3
 .bss.rx_buffer4
                0x20070e28       0x88 C:\Users\mthom\AppData\Local\Temp\VMBCore\arduino16x\ebb6af7a01883608e9c4da35375c0bfe\variant\variant.cpp.o
                0x20070e28                rx_buffer4
 .bss.gpf_isr   0x20070eb0        0x4 C:\Users\mthom\AppData\Local\arduino15\packages\arduino\hardware\sam\1.6.11\variants\arduino_due_x/libsam_sam3x8e_gcc_rel.a(uotghs.o)
                0x20070eb0                gpf_isr
 .bss.heap.6420
                0x20070eb4        0x4 C:\Users\mthom\AppData\Local\Temp\VMBuilds\SPIDAC_Test\arduino_due_x_dbg\Debug/core.a(syscalls_sam3.c.o)
 .bss._cmark    0x20070eb8        0x2 C:\Users\mthom\AppData\Local\Temp\VMBuilds\SPIDAC_Test\arduino_due_x_dbg\Debug/core.a(USBCore.cpp.o)
                0x20070eb8                _cmark
 .bss._ZL14isEndpointHalt
                0x20070eba        0x1 C:\Users\mthom\AppData\Local\Temp\VMBuilds\SPIDAC_Test\arduino_due_x_dbg\Debug/core.a(USBCore.cpp.o)
 *fill*         0x20070ebb        0x1 
 .bss._cdcComposite
                0x20070ebc        0x4 C:\Users\mthom\AppData\Local\Temp\VMBuilds\SPIDAC_Test\arduino_due_x_dbg\Debug/core.a(USBCore.cpp.o)
                0x20070ebc                _cdcComposite
 .bss._ZL21isRemoteWakeUpEnabled
                0x20070ec0        0x1 C:\Users\mthom\AppData\Local\Temp\VMBuilds\SPIDAC_Test\arduino_due_x_dbg\Debug/core.a(USBCore.cpp.o)
 *fill*         0x20070ec1        0x3 
 .bss._usbInitialized
                0x20070ec4        0x4 C:\Users\mthom\AppData\Local\Temp\VMBuilds\SPIDAC_Test\arduino_due_x_dbg\Debug/core.a(USBCore.cpp.o)
                0x20070ec4                _usbInitialized
 .bss.USBDevice
                0x20070ec8        0x1 C:\Users\mthom\AppData\Local\Temp\VMBuilds\SPIDAC_Test\arduino_due_x_dbg\Debug/core.a(USBCore.cpp.o)
                0x20070ec8                USBDevice
 *fill*         0x20070ec9        0x3 
 .bss._usbSetInterface
                0x20070ecc        0x4 C:\Users\mthom\AppData\Local\Temp\VMBuilds\SPIDAC_Test\arduino_due_x_dbg\Debug/core.a(USBCore.cpp.o)
                0x20070ecc                _usbSetInterface
 .bss._cend     0x20070ed0        0x2 C:\Users\mthom\AppData\Local\Temp\VMBuilds\SPIDAC_Test\arduino_due_x_dbg\Debug/core.a(USBCore.cpp.o)
                0x20070ed0                _cend
 *fill*         0x20070ed2        0x2 
 .bss._usbConfiguration
                0x20070ed4        0x4 C:\Users\mthom\AppData\Local\Temp\VMBuilds\SPIDAC_Test\arduino_due_x_dbg\Debug/core.a(USBCore.cpp.o)
                0x20070ed4                _usbConfiguration
 .bss.cdc_rx_buffer
                0x20070ed8      0x208 C:\Users\mthom\AppData\Local\Temp\VMBuilds\SPIDAC_Test\arduino_due_x_dbg\Debug/core.a(CDC.cpp.o)
                0x20070ed8                cdc_rx_buffer
 .bss._ZZN7Serial_6acceptEvE5guard
                0x200710e0        0x4 C:\Users\mthom\AppData\Local\Temp\VMBuilds\SPIDAC_Test\arduino_due_x_dbg\Debug/core.a(CDC.cpp.o)
 .bss.SerialUSB
                0x200710e4       0x14 C:\Users\mthom\AppData\Local\Temp\VMBuilds\SPIDAC_Test\arduino_due_x_dbg\Debug/core.a(CDC.cpp.o)
                0x200710e4                SerialUSB
 .bss._ZZ12PluggableUSBvE3obj
                0x200710f8        0x8 C:\Users\mthom\AppData\Local\Temp\VMBuilds\SPIDAC_Test\arduino_due_x_dbg\Debug/core.a(PluggableUSB.cpp.o)
 .bss._ZGVZ12PluggableUSBvE3obj
                0x20071100        0x4 C:\Users\mthom\AppData\Local\Temp\VMBuilds\SPIDAC_Test\arduino_due_x_dbg\Debug/core.a(PluggableUSB.cpp.o)
 .bss._dwTickCount
                0x20071104        0x4 C:\Users\mthom\AppData\Local\arduino15\packages\arduino\hardware\sam\1.6.11\variants\arduino_due_x/libsam_sam3x8e_gcc_rel.a(timetick.o)
 .bss.ul_recv_fifo_ptr
                0x20071108       0x28 C:\Users\mthom\AppData\Local\arduino15\packages\arduino\hardware\sam\1.6.11\variants\arduino_due_x/libsam_sam3x8e_gcc_rel.a(uotghs_device.o)
 .bss.ul_send_fifo_ptr
                0x20071130       0x28 C:\Users\mthom\AppData\Local\arduino15\packages\arduino\hardware\sam\1.6.11\variants\arduino_due_x/libsam_sam3x8e_gcc_rel.a(uotghs_device.o)
 .bss.__malloc_max_total_mem
                0x20071158        0x4 c:/users/mthom/appdata/local/arduino15/packages/arduino/tools/arm-none-eabi-gcc/4.8.3-2014q1/bin/../lib/gcc/arm-none-eabi/4.8.3/../../../../arm-none-eabi/lib/armv7-m\libg.a(lib_a-mallocr.o)
                0x20071158                __malloc_max_total_mem
 .bss.__malloc_max_sbrked_mem
                0x2007115c        0x4 c:/users/mthom/appdata/local/arduino15/packages/arduino/tools/arm-none-eabi-gcc/4.8.3-2014q1/bin/../lib/gcc/arm-none-eabi/4.8.3/../../../../arm-none-eabi/lib/armv7-m\libg.a(lib_a-mallocr.o)
                0x2007115c                __malloc_max_sbrked_mem
 .bss.__malloc_top_pad
                0x20071160        0x4 c:/users/mthom/appdata/local/arduino15/packages/arduino/tools/arm-none-eabi-gcc/4.8.3-2014q1/bin/../lib/gcc/arm-none-eabi/4.8.3/../../../../arm-none-eabi/lib/armv7-m\libg.a(lib_a-mallocr.o)
                0x20071160                __malloc_top_pad
 .bss.__malloc_current_mallinfo
                0x20071164       0x28 c:/users/mthom/appdata/local/arduino15/packages/arduino/tools/arm-none-eabi-gcc/4.8.3-2014q1/bin/../lib/gcc/arm-none-eabi/4.8.3/../../../../arm-none-eabi/lib/armv7-m\libg.a(lib_a-mallocr.o)
                0x20071164                __malloc_current_mallinfo
 *(COMMON)
 COMMON         0x2007118c        0x4 c:/users/mthom/appdata/local/arduino15/packages/arduino/tools/arm-none-eabi-gcc/4.8.3-2014q1/bin/../lib/gcc/arm-none-eabi/4.8.3/../../../../arm-none-eabi/lib/armv7-m\libg.a(lib_a-reent.o)
                0x2007118c                errno
                0x20071190                . = ALIGN (0x4)
                0x20071190                _ebss = .
                0x20071190                _ezero = .
                0x20071190                . = ALIGN (0x4)
                0x20071190                _end = .

.stack_dummy    0x20071190        0x0
 *(.stack*)
                0x20088000                __StackTop = (ORIGIN (ram) + 0x18000)
                0x20088000                __StackLimit = (__StackTop - SIZEOF (.stack_dummy))
                0x20088000                PROVIDE (_sstack, __StackLimit)
                0x20088000                PROVIDE (_estack, __StackTop)
OUTPUT(C:\Users\mthom\AppData\Local\Temp\VMBuilds\SPIDAC_Test\arduino_due_x_dbg\Debug/SPIDAC_Test.ino.elf elf32-littlearm)

.ARM.attributes
                0x00000000       0x29
 .ARM.attributes
                0x00000000       0x1d c:/users/mthom/appdata/local/arduino15/packages/arduino/tools/arm-none-eabi-gcc/4.8.3-2014q1/bin/../lib/gcc/arm-none-eabi/4.8.3/armv7-m/crti.o
 .ARM.attributes
                0x0000001d       0x2d c:/users/mthom/appdata/local/arduino15/packages/arduino/tools/arm-none-eabi-gcc/4.8.3-2014q1/bin/../lib/gcc/arm-none-eabi/4.8.3/armv7-m/crtbegin.o
 .ARM.attributes
                0x0000004a       0x33 C:\Users\mthom\AppData\Local\Temp\VMBuilds\SPIDAC_Test\arduino_due_x_dbg\Debug\SPIDAC_Test.cpp.o
 .ARM.attributes
                0x0000007d       0x33 C:\Users\mthom\AppData\Local\Temp\VMBuilds\SPIDAC_Test\arduino_due_x_dbg\Debug\SPI\SPI.cpp.o
 .ARM.attributes
                0x000000b0       0x33 C:\Users\mthom\AppData\Local\Temp\VMBuilds\SPIDAC_Test\arduino_due_x_dbg\Debug\VM_DBG\VM_DBG.cpp.o
 .ARM.attributes
                0x000000e3       0x33 C:\Users\mthom\AppData\Local\Temp\VMBCore\arduino16x\ebb6af7a01883608e9c4da35375c0bfe\variant\variant.cpp.o
 .ARM.attributes
                0x00000116       0x33 C:\Users\mthom\AppData\Local\arduino15\packages\arduino\hardware\sam\1.6.11\variants\arduino_due_x/libsam_sam3x8e_gcc_rel.a(pio.o)
 .ARM.attributes
                0x00000149       0x33 C:\Users\mthom\AppData\Local\arduino15\packages\arduino\hardware\sam\1.6.11\variants\arduino_due_x/libsam_sam3x8e_gcc_rel.a(pmc.o)
 .ARM.attributes
                0x0000017c       0x33 C:\Users\mthom\AppData\Local\arduino15\packages\arduino\hardware\sam\1.6.11\variants\arduino_due_x/libsam_sam3x8e_gcc_rel.a(spi.o)
 .ARM.attributes
                0x000001af       0x33 C:\Users\mthom\AppData\Local\arduino15\packages\arduino\hardware\sam\1.6.11\variants\arduino_due_x/libsam_sam3x8e_gcc_rel.a(system_sam3xa.o)
 .ARM.attributes
                0x000001e2       0x33 C:\Users\mthom\AppData\Local\arduino15\packages\arduino\hardware\sam\1.6.11\variants\arduino_due_x/libsam_sam3x8e_gcc_rel.a(startup_sam3xa.o)
 .ARM.attributes
                0x00000215       0x33 C:\Users\mthom\AppData\Local\arduino15\packages\arduino\hardware\sam\1.6.11\variants\arduino_due_x/libsam_sam3x8e_gcc_rel.a(adc.o)
 .ARM.attributes
                0x00000248       0x33 C:\Users\mthom\AppData\Local\arduino15\packages\arduino\hardware\sam\1.6.11\variants\arduino_due_x/libsam_sam3x8e_gcc_rel.a(uotghs.o)
 .ARM.attributes
                0x0000027b       0x33 C:\Users\mthom\AppData\Local\Temp\VMBuilds\SPIDAC_Test\arduino_due_x_dbg\Debug/core.a(cortex_handlers.c.o)
 .ARM.attributes
                0x000002ae       0x33 C:\Users\mthom\AppData\Local\Temp\VMBuilds\SPIDAC_Test\arduino_due_x_dbg\Debug/core.a(hooks.c.o)
 .ARM.attributes
                0x000002e1       0x33 C:\Users\mthom\AppData\Local\Temp\VMBuilds\SPIDAC_Test\arduino_due_x_dbg\Debug/core.a(syscalls_sam3.c.o)
 .ARM.attributes
                0x00000314       0x33 C:\Users\mthom\AppData\Local\Temp\VMBuilds\SPIDAC_Test\arduino_due_x_dbg\Debug/core.a(wiring.c.o)
 .ARM.attributes
                0x00000347       0x33 C:\Users\mthom\AppData\Local\Temp\VMBuilds\SPIDAC_Test\arduino_due_x_dbg\Debug/core.a(wiring_analog.c.o)
 .ARM.attributes
                0x0000037a       0x33 C:\Users\mthom\AppData\Local\Temp\VMBuilds\SPIDAC_Test\arduino_due_x_dbg\Debug/core.a(wiring_digital.c.o)
 .ARM.attributes
                0x000003ad       0x33 C:\Users\mthom\AppData\Local\Temp\VMBuilds\SPIDAC_Test\arduino_due_x_dbg\Debug/core.a(main.cpp.o)
 .ARM.attributes
                0x000003e0       0x33 C:\Users\mthom\AppData\Local\Temp\VMBuilds\SPIDAC_Test\arduino_due_x_dbg\Debug/core.a(Print.cpp.o)
 .ARM.attributes
                0x00000413       0x33 C:\Users\mthom\AppData\Local\Temp\VMBuilds\SPIDAC_Test\arduino_due_x_dbg\Debug/core.a(Reset.cpp.o)
 .ARM.attributes
                0x00000446       0x33 C:\Users\mthom\AppData\Local\Temp\VMBuilds\SPIDAC_Test\arduino_due_x_dbg\Debug/core.a(RingBuffer.cpp.o)
 .ARM.attributes
                0x00000479       0x33 C:\Users\mthom\AppData\Local\Temp\VMBuilds\SPIDAC_Test\arduino_due_x_dbg\Debug/core.a(UARTClass.cpp.o)
 .ARM.attributes
                0x000004ac       0x33 C:\Users\mthom\AppData\Local\Temp\VMBuilds\SPIDAC_Test\arduino_due_x_dbg\Debug/core.a(USARTClass.cpp.o)
 .ARM.attributes
                0x000004df       0x33 C:\Users\mthom\AppData\Local\Temp\VMBuilds\SPIDAC_Test\arduino_due_x_dbg\Debug/core.a(watchdog.cpp.o)
 .ARM.attributes
                0x00000512       0x33 C:\Users\mthom\AppData\Local\Temp\VMBuilds\SPIDAC_Test\arduino_due_x_dbg\Debug/core.a(USBCore.cpp.o)
 .ARM.attributes
                0x00000545       0x33 C:\Users\mthom\AppData\Local\Temp\VMBuilds\SPIDAC_Test\arduino_due_x_dbg\Debug/core.a(CDC.cpp.o)
 .ARM.attributes
                0x00000578       0x33 C:\Users\mthom\AppData\Local\Temp\VMBuilds\SPIDAC_Test\arduino_due_x_dbg\Debug/core.a(PluggableUSB.cpp.o)
 .ARM.attributes
                0x000005ab       0x33 C:\Users\mthom\AppData\Local\arduino15\packages\arduino\hardware\sam\1.6.11\variants\arduino_due_x/libsam_sam3x8e_gcc_rel.a(timetick.o)
 .ARM.attributes
                0x000005de       0x33 C:\Users\mthom\AppData\Local\arduino15\packages\arduino\hardware\sam\1.6.11\variants\arduino_due_x/libsam_sam3x8e_gcc_rel.a(wdt.o)
 .ARM.attributes
                0x00000611       0x33 C:\Users\mthom\AppData\Local\arduino15\packages\arduino\hardware\sam\1.6.11\variants\arduino_due_x/libsam_sam3x8e_gcc_rel.a(interrupt_sam_nvic.o)
 .ARM.attributes
                0x00000644       0x33 C:\Users\mthom\AppData\Local\arduino15\packages\arduino\hardware\sam\1.6.11\variants\arduino_due_x/libsam_sam3x8e_gcc_rel.a(uotghs_device.o)
 .ARM.attributes
                0x00000677       0x2d c:/users/mthom/appdata/local/arduino15/packages/arduino/tools/arm-none-eabi-gcc/4.8.3-2014q1/bin/../lib/gcc/arm-none-eabi/4.8.3/../../../../arm-none-eabi/lib/armv7-m\libg.a(lib_a-impure.o)
 .ARM.attributes
                0x000006a4       0x2d c:/users/mthom/appdata/local/arduino15/packages/arduino/tools/arm-none-eabi-gcc/4.8.3-2014q1/bin/../lib/gcc/arm-none-eabi/4.8.3/../../../../arm-none-eabi/lib/armv7-m\libg.a(lib_a-init.o)
 .ARM.attributes
                0x000006d1       0x2d c:/users/mthom/appdata/local/arduino15/packages/arduino/tools/arm-none-eabi-gcc/4.8.3-2014q1/bin/../lib/gcc/arm-none-eabi/4.8.3/../../../../arm-none-eabi/lib/armv7-m\libg.a(lib_a-iprintf.o)
 .ARM.attributes
                0x000006fe       0x2d c:/users/mthom/appdata/local/arduino15/packages/arduino/tools/arm-none-eabi-gcc/4.8.3-2014q1/bin/../lib/gcc/arm-none-eabi/4.8.3/../../../../arm-none-eabi/lib/armv7-m\libg.a(lib_a-memset.o)
 .ARM.attributes
                0x0000072b       0x2d c:/users/mthom/appdata/local/arduino15/packages/arduino/tools/arm-none-eabi-gcc/4.8.3-2014q1/bin/../lib/gcc/arm-none-eabi/4.8.3/../../../../arm-none-eabi/lib/armv7-m\libg.a(lib_a-strlen.o)
 .ARM.attributes
                0x00000758       0x2d c:/users/mthom/appdata/local/arduino15/packages/arduino/tools/arm-none-eabi-gcc/4.8.3-2014q1/bin/../lib/gcc/arm-none-eabi/4.8.3/../../../../arm-none-eabi/lib/armv7-m\libg.a(lib_a-syskill.o)
 .ARM.attributes
                0x00000785       0x2d c:/users/mthom/appdata/local/arduino15/packages/arduino/tools/arm-none-eabi-gcc/4.8.3-2014q1/bin/../lib/gcc/arm-none-eabi/4.8.3/../../../../arm-none-eabi/lib/armv7-m\libg.a(lib_a-vfiprintf.o)
 .ARM.attributes
                0x000007b2       0x2d c:/users/mthom/appdata/local/arduino15/packages/arduino/tools/arm-none-eabi-gcc/4.8.3-2014q1/bin/../lib/gcc/arm-none-eabi/4.8.3/../../../../arm-none-eabi/lib/armv7-m\libg.a(lib_a-wsetup.o)
 .ARM.attributes
                0x000007df       0x2d c:/users/mthom/appdata/local/arduino15/packages/arduino/tools/arm-none-eabi-gcc/4.8.3-2014q1/bin/../lib/gcc/arm-none-eabi/4.8.3/../../../../arm-none-eabi/lib/armv7-m\libg.a(lib_a-__call_atexit.o)
 .ARM.attributes
                0x0000080c       0x2d c:/users/mthom/appdata/local/arduino15/packages/arduino/tools/arm-none-eabi-gcc/4.8.3-2014q1/bin/../lib/gcc/arm-none-eabi/4.8.3/../../../../arm-none-eabi/lib/armv7-m\libg.a(lib_a-atexit.o)
 .ARM.attributes
                0x00000839       0x2d c:/users/mthom/appdata/local/arduino15/packages/arduino/tools/arm-none-eabi-gcc/4.8.3-2014q1/bin/../lib/gcc/arm-none-eabi/4.8.3/../../../../arm-none-eabi/lib/armv7-m\libg.a(lib_a-fflush.o)
 .ARM.attributes